Archive member included because of file (symbol)

c:/altera/12.1/nios2eds/bin/gnu/h-i686-mingw32/bin/../lib/gcc/nios2-elf/4.1.2/../../../../nios2-elf/lib\libc.a(lib_a-puts.o)
                              obj/default/hello_world.o (puts)
c:/altera/12.1/nios2eds/bin/gnu/h-i686-mingw32/bin/../lib/gcc/nios2-elf/4.1.2/../../../../nios2-elf/lib\libc.a(lib_a-strlen.o)
                              c:/altera/12.1/nios2eds/bin/gnu/h-i686-mingw32/bin/../lib/gcc/nios2-elf/4.1.2/../../../../nios2-elf/lib\libc.a(lib_a-puts.o) (strlen)
c:/altera/12.1/nios2eds/bin/gnu/h-i686-mingw32/bin/../lib/gcc/nios2-elf/4.1.2/../../../../nios2-elf/lib\libc.a(lib_a-fvwrite.o)
                              c:/altera/12.1/nios2eds/bin/gnu/h-i686-mingw32/bin/../lib/gcc/nios2-elf/4.1.2/../../../../nios2-elf/lib\libc.a(lib_a-puts.o) (__sfvwrite_r)
c:/altera/12.1/nios2eds/bin/gnu/h-i686-mingw32/bin/../lib/gcc/nios2-elf/4.1.2/../../../../nios2-elf/lib\libc.a(lib_a-impure.o)
                              c:/altera/12.1/nios2eds/bin/gnu/h-i686-mingw32/bin/../lib/gcc/nios2-elf/4.1.2/../../../../nios2-elf/lib\libc.a(lib_a-puts.o) (_impure_ptr)
c:/altera/12.1/nios2eds/bin/gnu/h-i686-mingw32/bin/../lib/gcc/nios2-elf/4.1.2/../../../../nios2-elf/lib\libc.a(lib_a-mallocr.o)
                              c:/altera/12.1/nios2eds/bin/gnu/h-i686-mingw32/bin/../lib/gcc/nios2-elf/4.1.2/../../../../nios2-elf/lib\libc.a(lib_a-fvwrite.o) (_malloc_r)
c:/altera/12.1/nios2eds/bin/gnu/h-i686-mingw32/bin/../lib/gcc/nios2-elf/4.1.2/../../../../nios2-elf/lib\libc.a(lib_a-memchr.o)
                              c:/altera/12.1/nios2eds/bin/gnu/h-i686-mingw32/bin/../lib/gcc/nios2-elf/4.1.2/../../../../nios2-elf/lib\libc.a(lib_a-fvwrite.o) (memchr)
c:/altera/12.1/nios2eds/bin/gnu/h-i686-mingw32/bin/../lib/gcc/nios2-elf/4.1.2/../../../../nios2-elf/lib\libc.a(lib_a-memcpy.o)
                              c:/altera/12.1/nios2eds/bin/gnu/h-i686-mingw32/bin/../lib/gcc/nios2-elf/4.1.2/../../../../nios2-elf/lib\libc.a(lib_a-fvwrite.o) (memcpy)
c:/altera/12.1/nios2eds/bin/gnu/h-i686-mingw32/bin/../lib/gcc/nios2-elf/4.1.2/../../../../nios2-elf/lib\libc.a(lib_a-memmove.o)
                              c:/altera/12.1/nios2eds/bin/gnu/h-i686-mingw32/bin/../lib/gcc/nios2-elf/4.1.2/../../../../nios2-elf/lib\libc.a(lib_a-fvwrite.o) (memmove)
c:/altera/12.1/nios2eds/bin/gnu/h-i686-mingw32/bin/../lib/gcc/nios2-elf/4.1.2/../../../../nios2-elf/lib\libc.a(lib_a-reallocr.o)
                              c:/altera/12.1/nios2eds/bin/gnu/h-i686-mingw32/bin/../lib/gcc/nios2-elf/4.1.2/../../../../nios2-elf/lib\libc.a(lib_a-fvwrite.o) (_realloc_r)
c:/altera/12.1/nios2eds/bin/gnu/h-i686-mingw32/bin/../lib/gcc/nios2-elf/4.1.2/../../../../nios2-elf/lib\libc.a(lib_a-sbrkr.o)
                              c:/altera/12.1/nios2eds/bin/gnu/h-i686-mingw32/bin/../lib/gcc/nios2-elf/4.1.2/../../../../nios2-elf/lib\libc.a(lib_a-mallocr.o) (_sbrk_r)
c:/altera/12.1/nios2eds/bin/gnu/h-i686-mingw32/bin/../lib/gcc/nios2-elf/4.1.2/../../../../nios2-elf/lib\libc.a(lib_a-wsetup.o)
                              c:/altera/12.1/nios2eds/bin/gnu/h-i686-mingw32/bin/../lib/gcc/nios2-elf/4.1.2/../../../../nios2-elf/lib\libc.a(lib_a-fvwrite.o) (__swsetup_r)
c:/altera/12.1/nios2eds/bin/gnu/h-i686-mingw32/bin/../lib/gcc/nios2-elf/4.1.2/../../../../nios2-elf/lib\libc.a(lib_a-fflush.o)
                              c:/altera/12.1/nios2eds/bin/gnu/h-i686-mingw32/bin/../lib/gcc/nios2-elf/4.1.2/../../../../nios2-elf/lib\libc.a(lib_a-fvwrite.o) (_fflush_r)
c:/altera/12.1/nios2eds/bin/gnu/h-i686-mingw32/bin/../lib/gcc/nios2-elf/4.1.2/../../../../nios2-elf/lib\libc.a(lib_a-findfp.o)
                              c:/altera/12.1/nios2eds/bin/gnu/h-i686-mingw32/bin/../lib/gcc/nios2-elf/4.1.2/../../../../nios2-elf/lib\libc.a(lib_a-wsetup.o) (__sinit)
c:/altera/12.1/nios2eds/bin/gnu/h-i686-mingw32/bin/../lib/gcc/nios2-elf/4.1.2/../../../../nios2-elf/lib\libc.a(lib_a-freer.o)
                              c:/altera/12.1/nios2eds/bin/gnu/h-i686-mingw32/bin/../lib/gcc/nios2-elf/4.1.2/../../../../nios2-elf/lib\libc.a(lib_a-fvwrite.o) (_free_r)
c:/altera/12.1/nios2eds/bin/gnu/h-i686-mingw32/bin/../lib/gcc/nios2-elf/4.1.2/../../../../nios2-elf/lib\libc.a(lib_a-fwalk.o)
                              c:/altera/12.1/nios2eds/bin/gnu/h-i686-mingw32/bin/../lib/gcc/nios2-elf/4.1.2/../../../../nios2-elf/lib\libc.a(lib_a-fflush.o) (_fwalk_reent)
c:/altera/12.1/nios2eds/bin/gnu/h-i686-mingw32/bin/../lib/gcc/nios2-elf/4.1.2/../../../../nios2-elf/lib\libc.a(lib_a-int_errno.o)
                              c:/altera/12.1/nios2eds/bin/gnu/h-i686-mingw32/bin/../lib/gcc/nios2-elf/4.1.2/../../../../nios2-elf/lib\libc.a(lib_a-sbrkr.o) (errno)
c:/altera/12.1/nios2eds/bin/gnu/h-i686-mingw32/bin/../lib/gcc/nios2-elf/4.1.2/../../../../nios2-elf/lib\libc.a(lib_a-makebuf.o)
                              c:/altera/12.1/nios2eds/bin/gnu/h-i686-mingw32/bin/../lib/gcc/nios2-elf/4.1.2/../../../../nios2-elf/lib\libc.a(lib_a-wsetup.o) (__smakebuf_r)
[...]
Memory Configuration

Name             Origin             Length             Attributes
reset            0x02000000         0x00000020
sdram            0x02000020         0x01ffffe0
*default*        0x00000000         0xffffffff

Linker script and memory map

LOAD ../hello_world_bsp//obj/HAL/src/crt0.o
LOAD obj/default/hello_world.o
LOAD c:/altera/12.1/nios2eds/bin/gnu/h-i686-mingw32/bin/../lib/gcc/nios2-elf/4.1.2/../../../../nios2-elf/lib\libstdc++.a
LOAD c:/altera/12.1/nios2eds/bin/gnu/h-i686-mingw32/bin/../lib/gcc/nios2-elf/4.1.2/../../../../nios2-elf/lib\libm.a
LOAD c:/altera/12.1/nios2eds/bin/gnu/h-i686-mingw32/bin/../lib/gcc/nios2-elf/4.1.2\libgcc.a
START GROUP
LOAD c:/altera/12.1/nios2eds/bin/gnu/h-i686-mingw32/bin/../lib/gcc/nios2-elf/4.1.2/../../../../nios2-elf/lib\libc.a
LOAD c:/altera/12.1/nios2eds/bin/gnu/h-i686-mingw32/bin/../lib/gcc/nios2-elf/4.1.2\libgcc.a
LOAD ../hello_world_bsp/\libhal_bsp.a
END GROUP
LOAD c:/altera/12.1/nios2eds/bin/gnu/h-i686-mingw32/bin/../lib/gcc/nios2-elf/4.1.2\libgcc.a
                0x02000000                __alt_mem_sdram = 0x2000000

.entry          0x02000000       0x20
 *(.entry)
 .entry         0x02000000       0x20 ../hello_world_bsp//obj/HAL/src/crt0.o
                0x02000000                __reset

.exceptions     0x02000020      0x194
                0x02000020                PROVIDE (__ram_exceptions_start, ABSOLUTE (.))
                0x02000020                . = ALIGN (0x20)
 *(.irq)
 *(.exceptions.entry.label)
 .exceptions.entry.label
                0x02000020        0x0 ../hello_world_bsp/\libhal_bsp.a(alt_irq_entry.o)
                0x02000020                alt_irq_entry
 .exceptions.entry.label
                0x02000020        0x0 ../hello_world_bsp/\libhal_bsp.a(alt_exception_entry.o)
                0x02000020                alt_exception
 *(.exceptions.entry.user)
 *(.exceptions.entry)
 .exceptions.entry
                0x02000020       0x54 ../hello_world_bsp/\libhal_bsp.a(alt_exception_entry.o)
 *(.exceptions.irqtest.user)
 *(.exceptions.irqtest)
 .exceptions.irqtest
                0x02000074       0x10 ../hello_world_bsp/\libhal_bsp.a(alt_irq_entry.o)
 *(.exceptions.irqhandler.user)
 *(.exceptions.irqhandler)
 .exceptions.irqhandler
                0x02000084        0x4 ../hello_world_bsp/\libhal_bsp.a(alt_irq_entry.o)
 *(.exceptions.irqreturn.user)
 *(.exceptions.irqreturn)
 .exceptions.irqreturn
                0x02000088        0x4 ../hello_world_bsp/\libhal_bsp.a(alt_irq_entry.o)
 *(.exceptions.notirq.label)
 .exceptions.notirq.label
                0x0200008c        0x0 ../hello_world_bsp/\libhal_bsp.a(alt_irq_entry.o)
 *(.exceptions.notirq.user)
 *(.exceptions.notirq)
 .exceptions.notirq
                0x0200008c        0x8 ../hello_world_bsp/\libhal_bsp.a(alt_exception_entry.o)
 *(.exceptions.soft.user)
 *(.exceptions.soft)
 *(.exceptions.unknown.user)
 *(.exceptions.unknown)
 .exceptions.unknown
                0x02000094        0x4 ../hello_world_bsp/\libhal_bsp.a(alt_exception_entry.o)
 *(.exceptions.exit.label)
 .exceptions.exit.label
                0x02000098        0x0 ../hello_world_bsp/\libhal_bsp.a(alt_irq_entry.o)
 .exceptions.exit.label
                0x02000098        0x0 ../hello_world_bsp/\libhal_bsp.a(alt_exception_entry.o)
 *(.exceptions.exit.user)
 *(.exceptions.exit)
 .exceptions.exit
                0x02000098       0x54 ../hello_world_bsp/\libhal_bsp.a(alt_exception_entry.o)
 *(.exceptions)
 .exceptions    0x020000ec       0xc8 ../hello_world_bsp/\libhal_bsp.a(alt_irq_handler.o)
                0x020000ec                alt_irq_handler
                0x020001b4                PROVIDE (__ram_exceptions_end, ABSOLUTE (.))
                0x02000020                PROVIDE (__flash_exceptions_start, LOADADDR (.exceptions))

.text           0x020001b4     0x5308
                0x020001b4                PROVIDE (stext, ABSOLUTE (.))
 *(.interp)
 *(.hash)
 *(.dynsym)
 *(.dynstr)
 *(.gnu.version)
 *(.gnu.version_d)
 *(.gnu.version_r)
 *(.rel.init)
 *(.rela.init)
 *(.rel.text .rel.text.* .rel.gnu.linkonce.t.*)
 *(.rela.text .rela.text.* .rela.gnu.linkonce.t.*)
 *(.rel.fini)
 *(.rela.fini)
 *(.rel.rodata .rel.rodata.* .rel.gnu.linkonce.r.*)
 *(.rela.rodata .rela.rodata.* .rela.gnu.linkonce.r.*)
 *(.rel.data .rel.data.* .rel.gnu.linkonce.d.*)
 *(.rela.data .rela.data.* .rela.gnu.linkonce.d.*)
 *(.rel.tdata .rel.tdata.* .rel.gnu.linkonce.td.*)
 *(.rela.tdata .rela.tdata.* .rela.gnu.linkonce.td.*)
 *(.rel.tbss .rel.tbss.* .rel.gnu.linkonce.tb.*)
 *(.rela.tbss .rela.tbss.* .rela.gnu.linkonce.tb.*)
 *(.rel.ctors)
 *(.rela.ctors)
 *(.rel.dtors)
 *(.rela.dtors)
 *(.rel.got)
 *(.rela.got)
 *(.rel.sdata .rel.sdata.* .rel.gnu.linkonce.s.*)
 *(.rela.sdata .rela.sdata.* .rela.gnu.linkonce.s.*)
 *(.rel.sbss .rel.sbss.* .rel.gnu.linkonce.sb.*)
 *(.rela.sbss .rela.sbss.* .rela.gnu.linkonce.sb.*)
 *(.rel.sdata2 .rel.sdata2.* .rel.gnu.linkonce.s2.*)
 *(.rela.sdata2 .rela.sdata2.* .rela.gnu.linkonce.s2.*)
 *(.rel.sbss2 .rel.sbss2.* .rel.gnu.linkonce.sb2.*)
 *(.rela.sbss2 .rela.sbss2.* .rela.gnu.linkonce.sb2.*)
 *(.rel.bss .rel.bss.* .rel.gnu.linkonce.b.*)
 *(.rela.bss .rela.bss.* .rela.gnu.linkonce.b.*)
 *(.rel.plt)
 *(.rela.plt)
 *(.rel.dyn)
 *(.init)
 *(.plt)
 *(.text .stub .text.* .gnu.linkonce.t.*)
 .text          0x020001b4       0x4c ../hello_world_bsp//obj/HAL/src/crt0.o
                0x020001b4                _start
 .text          0x02000200       0x34 obj/default/hello_world.o
                0x02000200                main
 .text          0x02000234       0xb4 c:/altera/12.1/nios2eds/bin/gnu/h-i686-mingw32/bin/../lib/gcc/nios2-elf/4.1.2/../../../../nios2-elf/lib\libc.a(lib_a-puts.o)
                0x02000234                _puts_r
                0x020002d4                puts
 .text          0x020002e8       0x74 c:/altera/12.1/nios2eds/bin/gnu/h-i686-mingw32/bin/../lib/gcc/nios2-elf/4.1.2/../../../../nios2-elf/lib\libc.a(lib_a-strlen.o)
                0x020002e8                strlen
 .text          0x0200035c      0x49c c:/altera/12.1/nios2eds/bin/gnu/h-i686-mingw32/bin/../lib/gcc/nios2-elf/4.1.2/../../../../nios2-elf/lib\libc.a(lib_a-fvwrite.o)
                0x0200035c                __sfvwrite_r
 .text          0x020007f8        0x0 c:/altera/12.1/nios2eds/bin/gnu/h-i686-mingw32/bin/../lib/gcc/nios2-elf/4.1.2/../../../../nios2-elf/lib\libc.a(lib_a-impure.o)
 .text          0x020007f8      0x740 c:/altera/12.1/nios2eds/bin/gnu/h-i686-mingw32/bin/../lib/gcc/nios2-elf/4.1.2/../../../../nios2-elf/lib\libc.a(lib_a-mallocr.o)
                0x020007f8                _malloc_r
 .text          0x02000f38       0xe4 c:/altera/12.1/nios2eds/bin/gnu/h-i686-mingw32/bin/../lib/gcc/nios2-elf/4.1.2/../../../../nios2-elf/lib\libc.a(lib_a-memchr.o)
                0x02000f38                memchr
 .text          0x0200101c       0xa0 c:/altera/12.1/nios2eds/bin/gnu/h-i686-mingw32/bin/../lib/gcc/nios2-elf/4.1.2/../../../../nios2-elf/lib\libc.a(lib_a-memcpy.o)
                0x0200101c                memcpy
 .text          0x020010bc       0xe0 c:/altera/12.1/nios2eds/bin/gnu/h-i686-mingw32/bin/../lib/gcc/nios2-elf/4.1.2/../../../../nios2-elf/lib\libc.a(lib_a-memmove.o)
                0x020010bc                memmove
 .text          0x0200119c      0x5f4 c:/altera/12.1/nios2eds/bin/gnu/h-i686-mingw32/bin/../lib/gcc/nios2-elf/4.1.2/../../../../nios2-elf/lib\libc.a(lib_a-reallocr.o)
                0x0200119c                _realloc_r
 .text          0x02001790       0x70 c:/altera/12.1/nios2eds/bin/gnu/h-i686-mingw32/bin/../lib/gcc/nios2-elf/4.1.2/../../../../nios2-elf/lib\libc.a(lib_a-sbrkr.o)
                0x02001790                _sbrk_r
 .text          0x02001800      0x13c c:/altera/12.1/nios2eds/bin/gnu/h-i686-mingw32/bin/../lib/gcc/nios2-elf/4.1.2/../../../../nios2-elf/lib\libc.a(lib_a-wsetup.o)
                0x02001800                __swsetup_r
 .text          0x0200193c      0x230 c:/altera/12.1/nios2eds/bin/gnu/h-i686-mingw32/bin/../lib/gcc/nios2-elf/4.1.2/../../../../nios2-elf/lib\libc.a(lib_a-fflush.o)
                0x0200193c                _fflush_r
                0x02001b38                fflush
 .text          0x02001b6c      0x2c0 c:/altera/12.1/nios2eds/bin/gnu/h-i686-mingw32/bin/../lib/gcc/nios2-elf/4.1.2/../../../../nios2-elf/lib\libc.a(lib_a-findfp.o)
                0x02001bc4                __sfp_lock_acquire
                0x02001bc8                __sfp_lock_release
                0x02001bcc                __sinit_lock_acquire
                0x02001bd0                __sinit_lock_release
                0x02001bd4                __sinit
                0x02001c88                __fp_unlock_all
                0x02001ca0                __fp_lock_all
                0x02001cb8                _cleanup_r
                0x02001cc4                _cleanup
                0x02001cd4                __sfmoreglue
                0x02001d3c                __sfp
 .text          0x02001e2c      0x440 c:/altera/12.1/nios2eds/bin/gnu/h-i686-mingw32/bin/../lib/gcc/nios2-elf/4.1.2/../../../../nios2-elf/lib\libc.a(lib_a-freer.o)
                0x02001e2c                _malloc_trim_r
                0x02001f58                _free_r
 .text          0x0200226c      0x180 c:/altera/12.1/nios2eds/bin/gnu/h-i686-mingw32/bin/../lib/gcc/nios2-elf/4.1.2/../../../../nios2-elf/lib\libc.a(lib_a-fwalk.o)
                0x0200226c                _fwalk_reent
                0x02002334                _fwalk
 .text          0x020023ec        0x0 c:/altera/12.1/nios2eds/bin/gnu/h-i686-mingw32/bin/../lib/gcc/nios2-elf/4.1.2/../../../../nios2-elf/lib\libc.a(lib_a-int_errno.o)
 .text          0x020023ec      0x194 c:/altera/12.1/nios2eds/bin/gnu/h-i686-mingw32/bin/../lib/gcc/nios2-elf/4.1.2/../../../../nios2-elf/lib\libc.a(lib_a-makebuf.o)
                0x020023ec                __smakebuf_r
 .text          0x02002580       0x98 c:/altera/12.1/nios2eds/bin/gnu/h-i686-mingw32/bin/../lib/gcc/nios2-elf/4.1.2/../../../../nios2-elf/lib\libc.a(lib_a-memset.o)
                0x02002580                memset
 .text          0x02002618      0x14c c:/altera/12.1/nios2eds/bin/gnu/h-i686-mingw32/bin/../lib/gcc/nios2-elf/4.1.2/../../../../nios2-elf/lib\libc.a(lib_a-stdio.o)
                0x02002618                __sclose
                0x02002620                __sseek
                0x02002688                __swrite
                0x02002704                __sread
 .text          0x02002764       0x78 c:/altera/12.1/nios2eds/bin/gnu/h-i686-mingw32/bin/../lib/gcc/nios2-elf/4.1.2/../../../../nios2-elf/lib\libc.a(lib_a-writer.o)
                0x02002764                _write_r
 .text          0x020027dc       0x70 c:/altera/12.1/nios2eds/bin/gnu/h-i686-mingw32/bin/../lib/gcc/nios2-elf/4.1.2/../../../../nios2-elf/lib\libc.a(lib_a-closer.o)
                0x020027dc                _close_r
 .text          0x0200284c      0x124 c:/altera/12.1/nios2eds/bin/gnu/h-i686-mingw32/bin/../lib/gcc/nios2-elf/4.1.2/../../../../nios2-elf/lib\libc.a(lib_a-fclose.o)
                0x0200284c                _fclose_r
                0x0200295c                fclose
 .text          0x02002970       0x74 c:/altera/12.1/nios2eds/bin/gnu/h-i686-mingw32/bin/../lib/gcc/nios2-elf/4.1.2/../../../../nios2-elf/lib\libc.a(lib_a-fstatr.o)
                0x02002970                _fstat_r
 .text          0x020029e4       0x70 c:/altera/12.1/nios2eds/bin/gnu/h-i686-mingw32/bin/../lib/gcc/nios2-elf/4.1.2/../../../../nios2-elf/lib\libc.a(lib_a-isattyr.o)
                0x020029e4                _isatty_r
 .text          0x02002a54       0x78 c:/altera/12.1/nios2eds/bin/gnu/h-i686-mingw32/bin/../lib/gcc/nios2-elf/4.1.2/../../../../nios2-elf/lib\libc.a(lib_a-lseekr.o)
                0x02002a54                _lseek_r
 .text          0x02002acc       0x78 c:/altera/12.1/nios2eds/bin/gnu/h-i686-mingw32/bin/../lib/gcc/nios2-elf/4.1.2/../../../../nios2-elf/lib\libc.a(lib_a-readr.o)
                0x02002acc                _read_r
 .text          0x02002b44      0x15c ../hello_world_bsp/\libhal_bsp.a(alt_close.o)
                0x02002b44                close
 .text          0x02002ca0       0x2c ../hello_world_bsp/\libhal_bsp.a(alt_dev.o)
 .text          0x02002ccc        0x0 ../hello_world_bsp/\libhal_bsp.a(alt_errno.o)
 .text          0x02002ccc      0x134 ../hello_world_bsp/\libhal_bsp.a(alt_fstat.o)
                0x02002ccc                fstat
 .text          0x02002e00      0x120 ../hello_world_bsp/\libhal_bsp.a(alt_isatty.o)
                0x02002e00                isatty
 .text          0x02002f20       0xec ../hello_world_bsp/\libhal_bsp.a(alt_load.o)
                0x02002f20                alt_load
 .text          0x0200300c      0x150 ../hello_world_bsp/\libhal_bsp.a(alt_lseek.o)
                0x0200300c                lseek
 .text          0x0200315c       0x6c ../hello_world_bsp/\libhal_bsp.a(alt_main.o)
                0x0200315c                alt_main
 .text          0x020031c8       0x40 ../hello_world_bsp/\libhal_bsp.a(alt_malloc_lock.o)
                0x020031c8                __malloc_lock
                0x020031e8                __malloc_unlock
 .text          0x02003208      0x180 ../hello_world_bsp/\libhal_bsp.a(alt_read.o)
                0x02003208                read
 .text          0x02003388       0x60 ../hello_world_bsp/\libhal_bsp.a(alt_release_fd.o)
                0x02003388                alt_release_fd
 .text          0x020033e8       0xbc ../hello_world_bsp/\libhal_bsp.a(alt_sbrk.o)
                0x020033e8                sbrk
 .text          0x020034a4      0x180 ../hello_world_bsp/\libhal_bsp.a(alt_write.o)
                0x020034a4                write
 .text          0x02003624       0xb0 ../hello_world_bsp/\libhal_bsp.a(alt_sys_init.o)
                0x02003624                alt_irq_init
                0x02003658                alt_sys_init
 .text          0x020036d4      0x148 ../hello_world_bsp/\libhal_bsp.a(altera_avalon_jtag_uart_fd.o)
                0x020036d4                altera_avalon_jtag_uart_read_fd
                0x0200372c                altera_avalon_jtag_uart_write_fd
                0x02003784                altera_avalon_jtag_uart_close_fd
                0x020037cc                altera_avalon_jtag_uart_ioctl_fd
 .text          0x0200381c      0x40c ../hello_world_bsp/\libhal_bsp.a(altera_avalon_jtag_uart_init.o)
                0x0200381c                altera_avalon_jtag_uart_init
                0x02003bb4                altera_avalon_jtag_uart_close
 .text          0x02003c28       0xf4 ../hello_world_bsp/\libhal_bsp.a(altera_avalon_jtag_uart_ioctl.o)
                0x02003c28                altera_avalon_jtag_uart_ioctl
 .text          0x02003d1c      0x224 ../hello_world_bsp/\libhal_bsp.a(altera_avalon_jtag_uart_read.o)
                0x02003d1c                altera_avalon_jtag_uart_read
 .text          0x02003f40      0x240 ../hello_world_bsp/\libhal_bsp.a(altera_avalon_jtag_uart_write.o)
                0x02003f40                altera_avalon_jtag_uart_write
 .text          0x02004180      0x154 ../hello_world_bsp/\libhal_bsp.a(alt_alarm_start.o)
                0x02004180                alt_alarm_start
 .text          0x020042d4       0x44 ../hello_world_bsp/\libhal_bsp.a(alt_dcache_flush_all.o)
                0x020042d4                alt_dcache_flush_all
 .text          0x02004318      0x114 ../hello_world_bsp/\libhal_bsp.a(alt_dev_llist_insert.o)
                0x02004318                alt_dev_llist_insert
 .text          0x0200442c       0x64 ../hello_world_bsp/\libhal_bsp.a(alt_do_ctors.o)
                0x0200442c                _do_ctors
 .text          0x02004490       0x64 ../hello_world_bsp/\libhal_bsp.a(alt_do_dtors.o)
                0x02004490                _do_dtors
 .text          0x020044f4       0x30 ../hello_world_bsp/\libhal_bsp.a(alt_icache_flush_all.o)
                0x020044f4                alt_icache_flush_all
 .text          0x02004524      0x1d4 ../hello_world_bsp/\libhal_bsp.a(alt_iic.o)
                0x02004524                alt_ic_isr_register
                0x02004574                alt_ic_irq_enable
                0x02004610                alt_ic_irq_disable
                0x020046b0                alt_ic_irq_enabled
 .text          0x020046f8       0xf8 ../hello_world_bsp/\libhal_bsp.a(alt_iic_isr_register.o)
                0x020046f8                alt_iic_isr_register
 .text          0x020047f0      0x13c ../hello_world_bsp/\libhal_bsp.a(alt_io_redirect.o)
                0x020048b4                alt_io_redirect
 .text          0x0200492c        0x0 ../hello_world_bsp/\libhal_bsp.a(alt_irq_entry.o)
 .text          0x0200492c        0x0 ../hello_world_bsp/\libhal_bsp.a(alt_irq_handler.o)
 .text          0x0200492c        0x0 ../hello_world_bsp/\libhal_bsp.a(alt_irq_vars.o)
 .text          0x0200492c      0x2c4 ../hello_world_bsp/\libhal_bsp.a(alt_open.o)
                0x02004a08                open
 .text          0x02004bf0      0x1a4 ../hello_world_bsp/\libhal_bsp.a(alt_tick.o)
                0x02004bf0                alt_alarm_stop
                0x02004c88                alt_tick
 .text          0x02004d94       0x20 ../hello_world_bsp/\libhal_bsp.a(altera_nios2_qsys_irq.o)
                0x02004d94                altera_nios2_qsys_irq_init
 .text          0x02004db4        0x0 ../hello_world_bsp/\libhal_bsp.a(alt_exception_entry.o)
 .text          0x02004db4       0x94 ../hello_world_bsp/\libhal_bsp.a(alt_find_dev.o)
                0x02004db4                alt_find_dev
 .text          0x02004e48      0x120 ../hello_world_bsp/\libhal_bsp.a(alt_find_file.o)
                0x02004e48                alt_find_file
 .text          0x02004f68       0xb8 ../hello_world_bsp/\libhal_bsp.a(alt_get_fd.o)
                0x02004f68                alt_get_fd
 .text          0x02005020       0x90 ../hello_world_bsp/\libhal_bsp.a(alt_icache_flush.o)
                0x02005020                alt_icache_flush
 .text          0x020050b0       0x14 c:/altera/12.1/nios2eds/bin/gnu/h-i686-mingw32/bin/../lib/gcc/nios2-elf/4.1.2/../../../../nios2-elf/lib\libc.a(lib_a-atexit.o)
                0x020050b0                atexit
 .text          0x020050c4       0x38 c:/altera/12.1/nios2eds/bin/gnu/h-i686-mingw32/bin/../lib/gcc/nios2-elf/4.1.2/../../../../nios2-elf/lib\libc.a(lib_a-exit.o)
                0x020050c4                exit
 .text          0x020050fc       0x74 c:/altera/12.1/nios2eds/bin/gnu/h-i686-mingw32/bin/../lib/gcc/nios2-elf/4.1.2/../../../../nios2-elf/lib\libc.a(lib_a-memcmp.o)
                0x020050fc                memcmp
 .text          0x02005170      0x134 c:/altera/12.1/nios2eds/bin/gnu/h-i686-mingw32/bin/../lib/gcc/nios2-elf/4.1.2/../../../../nios2-elf/lib\libc.a(lib_a-__atexit.o)
                0x02005170                __register_exitproc
 .text          0x020052a4      0x1b4 c:/altera/12.1/nios2eds/bin/gnu/h-i686-mingw32/bin/../lib/gcc/nios2-elf/4.1.2/../../../../nios2-elf/lib\libc.a(lib_a-__call_atexit.o)
                0x020052a8                __call_exitprocs
 .text          0x02005458       0x60 ../hello_world_bsp/\libhal_bsp.a(alt_exit.o)
                0x02005498                _exit
 *(.gnu.warning.*)
 *(.fini)
                0x020054b8                PROVIDE (__etext, ABSOLUTE (.))
                0x020054b8                PROVIDE (_etext, ABSOLUTE (.))
                0x020054b8                PROVIDE (etext, ABSOLUTE (.))
 *(.eh_frame_hdr)
                0x020054b8                . = ALIGN (0x4)
                0x020054b8                PROVIDE (__preinit_array_start, ABSOLUTE (.))
 *(.preinit_array)
                0x020054b8                PROVIDE (__preinit_array_end, ABSOLUTE (.))
                0x020054b8                PROVIDE (__init_array_start, ABSOLUTE (.))
 *(.init_array)
                0x020054b8                PROVIDE (__init_array_end, ABSOLUTE (.))
                0x020054b8                PROVIDE (__fini_array_start, ABSOLUTE (.))
 *(.fini_array)
                0x020054b8                PROVIDE (__fini_array_end, ABSOLUTE (.))
 *(.eh_frame)
 *(.gcc_except_table)
 *(.dynamic)
                0x020054b8                PROVIDE (__CTOR_LIST__, ABSOLUTE (.))
 *(.ctors)
 *(SORT(.ctors.*))
 .ctors.65535   0x020054b8        0x4 c:/altera/12.1/nios2eds/bin/gnu/h-i686-mingw32/bin/../lib/gcc/nios2-elf/4.1.2/../../../../nios2-elf/lib\libc.a(lib_a-__call_atexit.o)
                0x020054bc                PROVIDE (__CTOR_END__, ABSOLUTE (.))
                0x020054bc                PROVIDE (__DTOR_LIST__, ABSOLUTE (.))
 *(.dtors)
 *(SORT(.dtors.*))
                0x020054bc                PROVIDE (__DTOR_END__, ABSOLUTE (.))
 *(.jcr)
                0x020054bc                . = ALIGN (0x4)

.rodata         0x020054bc       0x48
                0x020054bc                PROVIDE (__ram_rodata_start, ABSOLUTE (.))
                0x020054bc                . = ALIGN (0x4)
 *(.rodata .rodata.* .gnu.linkonce.r.*)
 .rodata        0x020054bc       0x14 obj/default/hello_world.o
 .rodata.str1.4
                0x020054d0        0x2 c:/altera/12.1/nios2eds/bin/gnu/h-i686-mingw32/bin/../lib/gcc/nios2-elf/4.1.2/../../../../nios2-elf/lib\libc.a(lib_a-puts.o)
                                  0x4 (size before relaxing)
 *fill*         0x020054d2        0x2 00
 .rodata.str1.4
                0x020054d4        0x4 c:/altera/12.1/nios2eds/bin/gnu/h-i686-mingw32/bin/../lib/gcc/nios2-elf/4.1.2/../../../../nios2-elf/lib\libc.a(lib_a-impure.o)
 .rodata        0x020054d8        0xc ../hello_world_bsp/\libhal_bsp.a(alt_dev.o)
 .rodata        0x020054e4       0x10 ../hello_world_bsp/\libhal_bsp.a(alt_main.o)
 .rodata        0x020054f4       0x10 ../hello_world_bsp/\libhal_bsp.a(alt_sys_init.o)
 *(.rodata1)
                0x02005504                . = ALIGN (0x4)
                0x02005504                PROVIDE (__ram_rodata_end, ABSOLUTE (.))
                0x020054bc                PROVIDE (__flash_rodata_start, LOADADDR (.rodata))

.rwdata         0x02005504     0x1a48 load address 0x02006f4c
                0x02005504                PROVIDE (__ram_rwdata_start, ABSOLUTE (.))
                0x02005504                . = ALIGN (0x4)
 *(.got.plt)
 *(.got)
 *(.data1)
 *(.data .data.* .gnu.linkonce.d.*)
 .data          0x02005504        0x0 ../hello_world_bsp//obj/HAL/src/crt0.o
 .data          0x02005504        0x0 obj/default/hello_world.o
 .data          0x02005504        0x0 c:/altera/12.1/nios2eds/bin/gnu/h-i686-mingw32/bin/../lib/gcc/nios2-elf/4.1.2/../../../../nios2-elf/lib\libc.a(lib_a-puts.o)
 .data          0x02005504        0x0 c:/altera/12.1/nios2eds/bin/gnu/h-i686-mingw32/bin/../lib/gcc/nios2-elf/4.1.2/../../../../nios2-elf/lib\libc.a(lib_a-strlen.o)
 .data          0x02005504        0x0 c:/altera/12.1/nios2eds/bin/gnu/h-i686-mingw32/bin/../lib/gcc/nios2-elf/4.1.2/../../../../nios2-elf/lib\libc.a(lib_a-fvwrite.o)
 .data          0x02005504      0x400 c:/altera/12.1/nios2eds/bin/gnu/h-i686-mingw32/bin/../lib/gcc/nios2-elf/4.1.2/../../../../nios2-elf/lib\libc.a(lib_a-impure.o)
 .data          0x02005904      0x408 c:/altera/12.1/nios2eds/bin/gnu/h-i686-mingw32/bin/../lib/gcc/nios2-elf/4.1.2/../../../../nios2-elf/lib\libc.a(lib_a-mallocr.o)
                0x02005904                __malloc_av_
 .data          0x02005d0c        0x0 c:/altera/12.1/nios2eds/bin/gnu/h-i686-mingw32/bin/../lib/gcc/nios2-elf/4.1.2/../../../../nios2-elf/lib\libc.a(lib_a-memchr.o)
 .data          0x02005d0c        0x0 c:/altera/12.1/nios2eds/bin/gnu/h-i686-mingw32/bin/../lib/gcc/nios2-elf/4.1.2/../../../../nios2-elf/lib\libc.a(lib_a-memcpy.o)
 .data          0x02005d0c        0x0 c:/altera/12.1/nios2eds/bin/gnu/h-i686-mingw32/bin/../lib/gcc/nios2-elf/4.1.2/../../../../nios2-elf/lib\libc.a(lib_a-memmove.o)
 .data          0x02005d0c        0x0 c:/altera/12.1/nios2eds/bin/gnu/h-i686-mingw32/bin/../lib/gcc/nios2-elf/4.1.2/../../../../nios2-elf/lib\libc.a(lib_a-reallocr.o)
 .data          0x02005d0c        0x0 c:/altera/12.1/nios2eds/bin/gnu/h-i686-mingw32/bin/../lib/gcc/nios2-elf/4.1.2/../../../../nios2-elf/lib\libc.a(lib_a-sbrkr.o)
 .data          0x02005d0c        0x0 c:/altera/12.1/nios2eds/bin/gnu/h-i686-mingw32/bin/../lib/gcc/nios2-elf/4.1.2/../../../../nios2-elf/lib\libc.a(lib_a-wsetup.o)
 .data          0x02005d0c        0x0 c:/altera/12.1/nios2eds/bin/gnu/h-i686-mingw32/bin/../lib/gcc/nios2-elf/4.1.2/../../../../nios2-elf/lib\libc.a(lib_a-fflush.o)
 .data          0x02005d0c        0x0 c:/altera/12.1/nios2eds/bin/gnu/h-i686-mingw32/bin/../lib/gcc/nios2-elf/4.1.2/../../../../nios2-elf/lib\libc.a(lib_a-findfp.o)
 .data          0x02005d0c        0x0 c:/altera/12.1/nios2eds/bin/gnu/h-i686-mingw32/bin/../lib/gcc/nios2-elf/4.1.2/../../../../nios2-elf/lib\libc.a(lib_a-freer.o)
 .data          0x02005d0c        0x0 c:/altera/12.1/nios2eds/bin/gnu/h-i686-mingw32/bin/../lib/gcc/nios2-elf/4.1.2/../../../../nios2-elf/lib\libc.a(lib_a-fwalk.o)
 .data          0x02005d0c        0x0 c:/altera/12.1/nios2eds/bin/gnu/h-i686-mingw32/bin/../lib/gcc/nios2-elf/4.1.2/../../../../nios2-elf/lib\libc.a(lib_a-int_errno.o)
 .data          0x02005d0c        0x0 c:/altera/12.1/nios2eds/bin/gnu/h-i686-mingw32/bin/../lib/gcc/nios2-elf/4.1.2/../../../../nios2-elf/lib\libc.a(lib_a-makebuf.o)
 .data          0x02005d0c        0x0 c:/altera/12.1/nios2eds/bin/gnu/h-i686-mingw32/bin/../lib/gcc/nios2-elf/4.1.2/../../../../nios2-elf/lib\libc.a(lib_a-memset.o)
 .data          0x02005d0c        0x0 c:/altera/12.1/nios2eds/bin/gnu/h-i686-mingw32/bin/../lib/gcc/nios2-elf/4.1.2/../../../../nios2-elf/lib\libc.a(lib_a-stdio.o)
 .data          0x02005d0c        0x0 c:/altera/12.1/nios2eds/bin/gnu/h-i686-mingw32/bin/../lib/gcc/nios2-elf/4.1.2/../../../../nios2-elf/lib\libc.a(lib_a-writer.o)
 .data          0x02005d0c        0x0 c:/altera/12.1/nios2eds/bin/gnu/h-i686-mingw32/bin/../lib/gcc/nios2-elf/4.1.2/../../../../nios2-elf/lib\libc.a(lib_a-closer.o)
 .data          0x02005d0c        0x0 c:/altera/12.1/nios2eds/bin/gnu/h-i686-mingw32/bin/../lib/gcc/nios2-elf/4.1.2/../../../../nios2-elf/lib\libc.a(lib_a-fclose.o)
 .data          0x02005d0c        0x0 c:/altera/12.1/nios2eds/bin/gnu/h-i686-mingw32/bin/../lib/gcc/nios2-elf/4.1.2/../../../../nios2-elf/lib\libc.a(lib_a-fstatr.o)
 .data          0x02005d0c        0x0 c:/altera/12.1/nios2eds/bin/gnu/h-i686-mingw32/bin/../lib/gcc/nios2-elf/4.1.2/../../../../nios2-elf/lib\libc.a(lib_a-isattyr.o)
 .data          0x02005d0c        0x0 c:/altera/12.1/nios2eds/bin/gnu/h-i686-mingw32/bin/../lib/gcc/nios2-elf/4.1.2/../../../../nios2-elf/lib\libc.a(lib_a-lseekr.o)
 .data          0x02005d0c        0x0 c:/altera/12.1/nios2eds/bin/gnu/h-i686-mingw32/bin/../lib/gcc/nios2-elf/4.1.2/../../../../nios2-elf/lib\libc.a(lib_a-readr.o)
 .data          0x02005d0c        0x0 ../hello_world_bsp/\libhal_bsp.a(alt_close.o)
 .data          0x02005d0c      0x1a8 ../hello_world_bsp/\libhal_bsp.a(alt_dev.o)
                0x02005d0c                alt_dev_null
                0x02005d34                alt_fd_list
 .data          0x02005eb4        0x0 ../hello_world_bsp/\libhal_bsp.a(alt_errno.o)
 .data          0x02005eb4        0x0 ../hello_world_bsp/\libhal_bsp.a(alt_fstat.o)
 .data          0x02005eb4        0x0 ../hello_world_bsp/\libhal_bsp.a(alt_isatty.o)
 .data          0x02005eb4        0x0 ../hello_world_bsp/\libhal_bsp.a(alt_load.o)
 .data          0x02005eb4        0x0 ../hello_world_bsp/\libhal_bsp.a(alt_lseek.o)
 .data          0x02005eb4        0x0 ../hello_world_bsp/\libhal_bsp.a(alt_main.o)
 .data          0x02005eb4        0x0 ../hello_world_bsp/\libhal_bsp.a(alt_malloc_lock.o)
 .data          0x02005eb4        0x0 ../hello_world_bsp/\libhal_bsp.a(alt_read.o)
 .data          0x02005eb4        0x0 ../hello_world_bsp/\libhal_bsp.a(alt_release_fd.o)
 .data          0x02005eb4        0x0 ../hello_world_bsp/\libhal_bsp.a(alt_sbrk.o)
 .data          0x02005eb4        0x0 ../hello_world_bsp/\libhal_bsp.a(alt_write.o)
 .data          0x02005eb4     0x1060 ../hello_world_bsp/\libhal_bsp.a(alt_sys_init.o)
 .data          0x02006f14        0x0 ../hello_world_bsp/\libhal_bsp.a(altera_avalon_jtag_uart_fd.o)
 .data          0x02006f14        0x0 ../hello_world_bsp/\libhal_bsp.a(altera_avalon_jtag_uart_init.o)
 .data          0x02006f14        0x0 ../hello_world_bsp/\libhal_bsp.a(altera_avalon_jtag_uart_ioctl.o)
 .data          0x02006f14        0x0 ../hello_world_bsp/\libhal_bsp.a(altera_avalon_jtag_uart_read.o)
 .data          0x02006f14        0x0 ../hello_world_bsp/\libhal_bsp.a(altera_avalon_jtag_uart_write.o)
 .data          0x02006f14        0x0 ../hello_world_bsp/\libhal_bsp.a(alt_alarm_start.o)
 .data          0x02006f14        0x0 ../hello_world_bsp/\libhal_bsp.a(alt_dcache_flush_all.o)
 .data          0x02006f14        0x0 ../hello_world_bsp/\libhal_bsp.a(alt_dev_llist_insert.o)
 .data          0x02006f14        0x0 ../hello_world_bsp/\libhal_bsp.a(alt_do_ctors.o)
 .data          0x02006f14        0x0 ../hello_world_bsp/\libhal_bsp.a(alt_do_dtors.o)
 .data          0x02006f14        0x0 ../hello_world_bsp/\libhal_bsp.a(alt_icache_flush_all.o)
 .data          0x02006f14        0x0 ../hello_world_bsp/\libhal_bsp.a(alt_iic.o)
 .data          0x02006f14        0x0 ../hello_world_bsp/\libhal_bsp.a(alt_iic_isr_register.o)
 .data          0x02006f14        0x0 ../hello_world_bsp/\libhal_bsp.a(alt_io_redirect.o)
 .data          0x02006f14        0x0 ../hello_world_bsp/\libhal_bsp.a(alt_irq_entry.o)
 .data          0x02006f14        0x0 ../hello_world_bsp/\libhal_bsp.a(alt_irq_handler.o)
 .data          0x02006f14        0x0 ../hello_world_bsp/\libhal_bsp.a(alt_irq_vars.o)
 .data          0x02006f14        0x0 ../hello_world_bsp/\libhal_bsp.a(alt_open.o)
 .data          0x02006f14        0x0 ../hello_world_bsp/\libhal_bsp.a(alt_tick.o)
 .data          0x02006f14        0x0 ../hello_world_bsp/\libhal_bsp.a(altera_nios2_qsys_irq.o)
 .data          0x02006f14        0x0 ../hello_world_bsp/\libhal_bsp.a(alt_exception_entry.o)
 .data          0x02006f14        0x0 ../hello_world_bsp/\libhal_bsp.a(alt_find_dev.o)
 .data          0x02006f14        0x0 ../hello_world_bsp/\libhal_bsp.a(alt_find_file.o)
 .data          0x02006f14        0x0 ../hello_world_bsp/\libhal_bsp.a(alt_get_fd.o)
 .data          0x02006f14        0x0 ../hello_world_bsp/\libhal_bsp.a(alt_icache_flush.o)
 .data          0x02006f14        0x0 c:/altera/12.1/nios2eds/bin/gnu/h-i686-mingw32/bin/../lib/gcc/nios2-elf/4.1.2/../../../../nios2-elf/lib\libc.a(lib_a-atexit.o)
 .data          0x02006f14        0x0 c:/altera/12.1/nios2eds/bin/gnu/h-i686-mingw32/bin/../lib/gcc/nios2-elf/4.1.2/../../../../nios2-elf/lib\libc.a(lib_a-exit.o)
 .data          0x02006f14        0x0 c:/altera/12.1/nios2eds/bin/gnu/h-i686-mingw32/bin/../lib/gcc/nios2-elf/4.1.2/../../../../nios2-elf/lib\libc.a(lib_a-memcmp.o)
 .data          0x02006f14        0x0 c:/altera/12.1/nios2eds/bin/gnu/h-i686-mingw32/bin/../lib/gcc/nios2-elf/4.1.2/../../../../nios2-elf/lib\libc.a(lib_a-__atexit.o)
 .data          0x02006f14        0x0 c:/altera/12.1/nios2eds/bin/gnu/h-i686-mingw32/bin/../lib/gcc/nios2-elf/4.1.2/../../../../nios2-elf/lib\libc.a(lib_a-__call_atexit.o)
 .data          0x02006f14        0x0 ../hello_world_bsp/\libhal_bsp.a(alt_exit.o)
                0x0200ef14                _gp = ABSOLUTE ((. + 0x8000))
                0x0200ef14                PROVIDE (gp, _gp)
 *(.rwdata .rwdata.*)
 *(.sdata .sdata.* .gnu.linkonce.s.*)
 .sdata         0x02006f14        0x8 c:/altera/12.1/nios2eds/bin/gnu/h-i686-mingw32/bin/../lib/gcc/nios2-elf/4.1.2/../../../../nios2-elf/lib\libc.a(lib_a-impure.o)
                0x02006f14                _impure_ptr
                0x02006f18                _global_impure_ptr
 .sdata         0x02006f1c        0x8 c:/altera/12.1/nios2eds/bin/gnu/h-i686-mingw32/bin/../lib/gcc/nios2-elf/4.1.2/../../../../nios2-elf/lib\libc.a(lib_a-mallocr.o)
                0x02006f1c                __malloc_trim_threshold
                0x02006f20                __malloc_sbrk_base
 .sdata         0x02006f24       0x14 ../hello_world_bsp/\libhal_bsp.a(alt_dev.o)
                0x02006f24                alt_fs_list
                0x02006f2c                alt_dev_list
                0x02006f34                alt_max_fd
 .sdata         0x02006f38        0x4 ../hello_world_bsp/\libhal_bsp.a(alt_errno.o)
                0x02006f38                alt_errno
 .sdata         0x02006f3c        0x4 ../hello_world_bsp/\libhal_bsp.a(alt_sbrk.o)
 .sdata         0x02006f40        0x4 ../hello_world_bsp/\libhal_bsp.a(alt_irq_vars.o)
                0x02006f40                alt_priority_mask
 .sdata         0x02006f44        0x8 ../hello_world_bsp/\libhal_bsp.a(alt_tick.o)
                0x02006f44                alt_alarm_list
 *(.sdata2 .sdata2.* .gnu.linkonce.s2.*)
                0x02006f4c                . = ALIGN (0x4)
                0x02006f4c                _edata = ABSOLUTE (.)
                0x02006f4c                PROVIDE (edata, ABSOLUTE (.))
                0x02006f4c                PROVIDE (__ram_rwdata_end, ABSOLUTE (.))
                0x02006f4c                PROVIDE (__flash_rwdata_start, LOADADDR (.rwdata))

.bss            0x02008994      0x2e0
                0x02008994                __bss_start = ABSOLUTE (.)
                0x02008994                PROVIDE (__sbss_start, ABSOLUTE (.))
                0x02008994                PROVIDE (___sbss_start, ABSOLUTE (.))
 *(.dynsbss)
 *(.sbss .sbss.* .gnu.linkonce.sb.*)
 .sbss          0x02008994        0xc c:/altera/12.1/nios2eds/bin/gnu/h-i686-mingw32/bin/../lib/gcc/nios2-elf/4.1.2/../../../../nios2-elf/lib\libc.a(lib_a-mallocr.o)
                0x02008994                __malloc_top_pad
                0x02008998                __malloc_max_sbrked_mem
                0x0200899c                __malloc_max_total_mem
 .sbss          0x020089a0        0x4 c:/altera/12.1/nios2eds/bin/gnu/h-i686-mingw32/bin/../lib/gcc/nios2-elf/4.1.2/../../../../nios2-elf/lib\libc.a(lib_a-int_errno.o)
                0x020089a0                errno
 .sbss          0x020089a4        0xc ../hello_world_bsp/\libhal_bsp.a(alt_main.o)
                0x020089a4                alt_argc
                0x020089a8                alt_argv
                0x020089ac                alt_envp
 .sbss          0x020089b0        0x4 ../hello_world_bsp/\libhal_bsp.a(alt_irq_vars.o)
                0x020089b0                alt_irq_active
 .sbss          0x020089b4        0x8 ../hello_world_bsp/\libhal_bsp.a(alt_tick.o)
                0x020089b4                _alt_tick_rate
                0x020089b8                _alt_nticks
 *(.sbss2 .sbss2.* .gnu.linkonce.sb2.*)
 *(.scommon)
                0x020089bc                PROVIDE (__sbss_end, ABSOLUTE (.))
                0x020089bc                PROVIDE (___sbss_end, ABSOLUTE (.))
 *(.dynbss)
 *(.bss .bss.* .gnu.linkonce.b.*)
 .bss           0x020089bc        0x0 ../hello_world_bsp//obj/HAL/src/crt0.o
 .bss           0x020089bc        0x0 obj/default/hello_world.o
 .bss           0x020089bc        0x0 c:/altera/12.1/nios2eds/bin/gnu/h-i686-mingw32/bin/../lib/gcc/nios2-elf/4.1.2/../../../../nios2-elf/lib\libc.a(lib_a-puts.o)
 .bss           0x020089bc        0x0 c:/altera/12.1/nios2eds/bin/gnu/h-i686-mingw32/bin/../lib/gcc/nios2-elf/4.1.2/../../../../nios2-elf/lib\libc.a(lib_a-strlen.o)
 .bss           0x020089bc        0x0 c:/altera/12.1/nios2eds/bin/gnu/h-i686-mingw32/bin/../lib/gcc/nios2-elf/4.1.2/../../../../nios2-elf/lib\libc.a(lib_a-fvwrite.o)
 .bss           0x020089bc        0x0 c:/altera/12.1/nios2eds/bin/gnu/h-i686-mingw32/bin/../lib/gcc/nios2-elf/4.1.2/../../../../nios2-elf/lib\libc.a(lib_a-impure.o)
 .bss           0x020089bc       0x28 c:/altera/12.1/nios2eds/bin/gnu/h-i686-mingw32/bin/../lib/gcc/nios2-elf/4.1.2/../../../../nios2-elf/lib\libc.a(lib_a-mallocr.o)
                0x020089bc                __malloc_current_mallinfo
 .bss           0x020089e4        0x0 c:/altera/12.1/nios2eds/bin/gnu/h-i686-mingw32/bin/../lib/gcc/nios2-elf/4.1.2/../../../../nios2-elf/lib\libc.a(lib_a-memchr.o)
 .bss           0x020089e4        0x0 c:/altera/12.1/nios2eds/bin/gnu/h-i686-mingw32/bin/../lib/gcc/nios2-elf/4.1.2/../../../../nios2-elf/lib\libc.a(lib_a-memcpy.o)
 .bss           0x020089e4        0x0 c:/altera/12.1/nios2eds/bin/gnu/h-i686-mingw32/bin/../lib/gcc/nios2-elf/4.1.2/../../../../nios2-elf/lib\libc.a(lib_a-memmove.o)
 .bss           0x020089e4        0x0 c:/altera/12.1/nios2eds/bin/gnu/h-i686-mingw32/bin/../lib/gcc/nios2-elf/4.1.2/../../../../nios2-elf/lib\libc.a(lib_a-reallocr.o)
 .bss           0x020089e4        0x0 c:/altera/12.1/nios2eds/bin/gnu/h-i686-mingw32/bin/../lib/gcc/nios2-elf/4.1.2/../../../../nios2-elf/lib\libc.a(lib_a-sbrkr.o)
 .bss           0x020089e4        0x0 c:/altera/12.1/nios2eds/bin/gnu/h-i686-mingw32/bin/../lib/gcc/nios2-elf/4.1.2/../../../../nios2-elf/lib\libc.a(lib_a-wsetup.o)
 .bss           0x020089e4        0x0 c:/altera/12.1/nios2eds/bin/gnu/h-i686-mingw32/bin/../lib/gcc/nios2-elf/4.1.2/../../../../nios2-elf/lib\libc.a(lib_a-fflush.o)
 .bss           0x020089e4        0x0 c:/altera/12.1/nios2eds/bin/gnu/h-i686-mingw32/bin/../lib/gcc/nios2-elf/4.1.2/../../../../nios2-elf/lib\libc.a(lib_a-findfp.o)
 .bss           0x020089e4        0x0 c:/altera/12.1/nios2eds/bin/gnu/h-i686-mingw32/bin/../lib/gcc/nios2-elf/4.1.2/../../../../nios2-elf/lib\libc.a(lib_a-freer.o)
 .bss           0x020089e4        0x0 c:/altera/12.1/nios2eds/bin/gnu/h-i686-mingw32/bin/../lib/gcc/nios2-elf/4.1.2/../../../../nios2-elf/lib\libc.a(lib_a-fwalk.o)
 .bss           0x020089e4        0x0 c:/altera/12.1/nios2eds/bin/gnu/h-i686-mingw32/bin/../lib/gcc/nios2-elf/4.1.2/../../../../nios2-elf/lib\libc.a(lib_a-int_errno.o)
 .bss           0x020089e4        0x0 c:/altera/12.1/nios2eds/bin/gnu/h-i686-mingw32/bin/../lib/gcc/nios2-elf/4.1.2/../../../../nios2-elf/lib\libc.a(lib_a-makebuf.o)
 .bss           0x020089e4        0x0 c:/altera/12.1/nios2eds/bin/gnu/h-i686-mingw32/bin/../lib/gcc/nios2-elf/4.1.2/../../../../nios2-elf/lib\libc.a(lib_a-memset.o)
 .bss           0x020089e4        0x0 c:/altera/12.1/nios2eds/bin/gnu/h-i686-mingw32/bin/../lib/gcc/nios2-elf/4.1.2/../../../../nios2-elf/lib\libc.a(lib_a-stdio.o)
 .bss           0x020089e4        0x0 c:/altera/12.1/nios2eds/bin/gnu/h-i686-mingw32/bin/../lib/gcc/nios2-elf/4.1.2/../../../../nios2-elf/lib\libc.a(lib_a-writer.o)
 .bss           0x020089e4        0x0 c:/altera/12.1/nios2eds/bin/gnu/h-i686-mingw32/bin/../lib/gcc/nios2-elf/4.1.2/../../../../nios2-elf/lib\libc.a(lib_a-closer.o)
 .bss           0x020089e4        0x0 c:/altera/12.1/nios2eds/bin/gnu/h-i686-mingw32/bin/../lib/gcc/nios2-elf/4.1.2/../../../../nios2-elf/lib\libc.a(lib_a-fclose.o)
 .bss           0x020089e4        0x0 c:/altera/12.1/nios2eds/bin/gnu/h-i686-mingw32/bin/../lib/gcc/nios2-elf/4.1.2/../../../../nios2-elf/lib\libc.a(lib_a-fstatr.o)
 .bss           0x020089e4        0x0 c:/altera/12.1/nios2eds/bin/gnu/h-i686-mingw32/bin/../lib/gcc/nios2-elf/4.1.2/../../../../nios2-elf/lib\libc.a(lib_a-isattyr.o)
 .bss           0x020089e4        0x0 c:/altera/12.1/nios2eds/bin/gnu/h-i686-mingw32/bin/../lib/gcc/nios2-elf/4.1.2/../../../../nios2-elf/lib\libc.a(lib_a-lseekr.o)
 .bss           0x020089e4        0x0 c:/altera/12.1/nios2eds/bin/gnu/h-i686-mingw32/bin/../lib/gcc/nios2-elf/4.1.2/../../../../nios2-elf/lib\libc.a(lib_a-readr.o)
 .bss           0x020089e4        0x0 ../hello_world_bsp/\libhal_bsp.a(alt_close.o)
 .bss           0x020089e4        0x0 ../hello_world_bsp/\libhal_bsp.a(alt_dev.o)
 .bss           0x020089e4        0x0 ../hello_world_bsp/\libhal_bsp.a(alt_errno.o)
 .bss           0x020089e4        0x0 ../hello_world_bsp/\libhal_bsp.a(alt_fstat.o)
 .bss           0x020089e4        0x0 ../hello_world_bsp/\libhal_bsp.a(alt_isatty.o)
 .bss           0x020089e4        0x0 ../hello_world_bsp/\libhal_bsp.a(alt_load.o)
 .bss           0x020089e4        0x0 ../hello_world_bsp/\libhal_bsp.a(alt_lseek.o)
 .bss           0x020089e4        0x0 ../hello_world_bsp/\libhal_bsp.a(alt_main.o)
 .bss           0x020089e4        0x0 ../hello_world_bsp/\libhal_bsp.a(alt_malloc_lock.o)
 .bss           0x020089e4        0x0 ../hello_world_bsp/\libhal_bsp.a(alt_read.o)
 .bss           0x020089e4        0x0 ../hello_world_bsp/\libhal_bsp.a(alt_release_fd.o)
 .bss           0x020089e4        0x0 ../hello_world_bsp/\libhal_bsp.a(alt_sbrk.o)
 .bss           0x020089e4        0x0 ../hello_world_bsp/\libhal_bsp.a(alt_write.o)
 .bss           0x020089e4        0x0 ../hello_world_bsp/\libhal_bsp.a(alt_sys_init.o)
 .bss           0x020089e4        0x0 ../hello_world_bsp/\libhal_bsp.a(altera_avalon_jtag_uart_fd.o)
 .bss           0x020089e4        0x0 ../hello_world_bsp/\libhal_bsp.a(altera_avalon_jtag_uart_init.o)
 .bss           0x020089e4        0x0 ../hello_world_bsp/\libhal_bsp.a(altera_avalon_jtag_uart_ioctl.o)
 .bss           0x020089e4        0x0 ../hello_world_bsp/\libhal_bsp.a(altera_avalon_jtag_uart_read.o)
 .bss           0x020089e4        0x0 ../hello_world_bsp/\libhal_bsp.a(altera_avalon_jtag_uart_write.o)
 .bss           0x020089e4        0x0 ../hello_world_bsp/\libhal_bsp.a(alt_alarm_start.o)
 .bss           0x020089e4        0x0 ../hello_world_bsp/\libhal_bsp.a(alt_dcache_flush_all.o)
 .bss           0x020089e4        0x0 ../hello_world_bsp/\libhal_bsp.a(alt_dev_llist_insert.o)
 .bss           0x020089e4        0x0 ../hello_world_bsp/\libhal_bsp.a(alt_do_ctors.o)
 .bss           0x020089e4        0x0 ../hello_world_bsp/\libhal_bsp.a(alt_do_dtors.o)
 .bss           0x020089e4        0x0 ../hello_world_bsp/\libhal_bsp.a(alt_icache_flush_all.o)
 .bss           0x020089e4        0x0 ../hello_world_bsp/\libhal_bsp.a(alt_iic.o)
 .bss           0x020089e4        0x0 ../hello_world_bsp/\libhal_bsp.a(alt_iic_isr_register.o)
 .bss           0x020089e4        0x0 ../hello_world_bsp/\libhal_bsp.a(alt_io_redirect.o)
 .bss           0x020089e4        0x0 ../hello_world_bsp/\libhal_bsp.a(alt_irq_entry.o)
 .bss           0x020089e4        0x0 ../hello_world_bsp/\libhal_bsp.a(alt_irq_handler.o)
 .bss           0x020089e4        0x0 ../hello_world_bsp/\libhal_bsp.a(alt_irq_vars.o)
 .bss           0x020089e4        0x0 ../hello_world_bsp/\libhal_bsp.a(alt_open.o)
 .bss           0x020089e4        0x0 ../hello_world_bsp/\libhal_bsp.a(alt_tick.o)
 .bss           0x020089e4        0x0 ../hello_world_bsp/\libhal_bsp.a(altera_nios2_qsys_irq.o)
 .bss           0x020089e4        0x0 ../hello_world_bsp/\libhal_bsp.a(alt_exception_entry.o)
 .bss           0x020089e4        0x0 ../hello_world_bsp/\libhal_bsp.a(alt_find_dev.o)
 .bss           0x020089e4        0x0 ../hello_world_bsp/\libhal_bsp.a(alt_find_file.o)
 .bss           0x020089e4        0x0 ../hello_world_bsp/\libhal_bsp.a(alt_get_fd.o)
 .bss           0x020089e4        0x0 ../hello_world_bsp/\libhal_bsp.a(alt_icache_flush.o)
 .bss           0x020089e4        0x0 c:/altera/12.1/nios2eds/bin/gnu/h-i686-mingw32/bin/../lib/gcc/nios2-elf/4.1.2/../../../../nios2-elf/lib\libc.a(lib_a-atexit.o)
 .bss           0x020089e4        0x0 c:/altera/12.1/nios2eds/bin/gnu/h-i686-mingw32/bin/../lib/gcc/nios2-elf/4.1.2/../../../../nios2-elf/lib\libc.a(lib_a-exit.o)
 .bss           0x020089e4        0x0 c:/altera/12.1/nios2eds/bin/gnu/h-i686-mingw32/bin/../lib/gcc/nios2-elf/4.1.2/../../../../nios2-elf/lib\libc.a(lib_a-memcmp.o)
 .bss           0x020089e4        0x0 c:/altera/12.1/nios2eds/bin/gnu/h-i686-mingw32/bin/../lib/gcc/nios2-elf/4.1.2/../../../../nios2-elf/lib\libc.a(lib_a-__atexit.o)
 .bss           0x020089e4        0x0 c:/altera/12.1/nios2eds/bin/gnu/h-i686-mingw32/bin/../lib/gcc/nios2-elf/4.1.2/../../../../nios2-elf/lib\libc.a(lib_a-__call_atexit.o)
 .bss           0x020089e4        0x0 ../hello_world_bsp/\libhal_bsp.a(alt_exit.o)
 *(COMMON)
 COMMON         0x020089e4      0x100 ../hello_world_bsp/\libhal_bsp.a(alt_irq_handler.o)
                0x020089e4                alt_irq
 COMMON         0x02008ae4      0x190 c:/altera/12.1/nios2eds/bin/gnu/h-i686-mingw32/bin/../lib/gcc/nios2-elf/4.1.2/../../../../nios2-elf/lib\libc.a(lib_a-atexit.o)
                0x02008ae4                _atexit0
                0x02008c74                . = ALIGN (0x4)
                0x02008c74                __bss_end = ABSOLUTE (.)

.sdram          0x02008c74        0x0
                0x02008c74                PROVIDE (_alt_partition_sdram_start, ABSOLUTE (.))
 *(.sdram. sdram.*)
                0x02008c74                . = ALIGN (0x4)
                0x02008c74                PROVIDE (_alt_partition_sdram_end, ABSOLUTE (.))
                0x02008c74                _end = ABSOLUTE (.)
                0x02008c74                end = ABSOLUTE (.)
                0x02008c74                __alt_stack_base = ABSOLUTE (.)
                0x02008c74                PROVIDE (_alt_partition_sdram_load_addr, LOADADDR (.sdram))

.stab
 *(.stab)

.stabstr
 *(.stabstr)

.stab.excl
 *(.stab.excl)

.stab.exclstr
 *(.stab.exclstr)

.stab.index
 *(.stab.index)

.stab.indexstr
 *(.stab.indexstr)

.comment        0x00000000       0x23
 *(.comment)
 .comment       0x00000000       0x23 obj/default/hello_world.o
                                 0x24 (size before relaxing)
 .comment       0x00000000       0x24 c:/altera/12.1/nios2eds/bin/gnu/h-i686-mingw32/bin/../lib/gcc/nios2-elf/4.1.2/../../../../nios2-elf/lib\libc.a(lib_a-puts.o)
 .comment       0x00000000       0x24 c:/altera/12.1/nios2eds/bin/gnu/h-i686-mingw32/bin/../lib/gcc/nios2-elf/4.1.2/../../../../nios2-elf/lib\libc.a(lib_a-strlen.o)
 .comment       0x00000000       0x24 c:/altera/12.1/nios2eds/bin/gnu/h-i686-mingw32/bin/../lib/gcc/nios2-elf/4.1.2/../../../../nios2-elf/lib\libc.a(lib_a-fvwrite.o)
 .comment       0x00000000       0x24 c:/altera/12.1/nios2eds/bin/gnu/h-i686-mingw32/bin/../lib/gcc/nios2-elf/4.1.2/../../../../nios2-elf/lib\libc.a(lib_a-impure.o)
 .comment       0x00000000       0x24 c:/altera/12.1/nios2eds/bin/gnu/h-i686-mingw32/bin/../lib/gcc/nios2-elf/4.1.2/../../../../nios2-elf/lib\libc.a(lib_a-mallocr.o)
 .comment       0x00000000       0x24 c:/altera/12.1/nios2eds/bin/gnu/h-i686-mingw32/bin/../lib/gcc/nios2-elf/4.1.2/../../../../nios2-elf/lib\libc.a(lib_a-memchr.o)
 .comment       0x00000000       0x24 c:/altera/12.1/nios2eds/bin/gnu/h-i686-mingw32/bin/../lib/gcc/nios2-elf/4.1.2/../../../../nios2-elf/lib\libc.a(lib_a-memcpy.o)
 .comment       0x00000000       0x24 c:/altera/12.1/nios2eds/bin/gnu/h-i686-mingw32/bin/../lib/gcc/nios2-elf/4.1.2/../../../../nios2-elf/lib\libc.a(lib_a-memmove.o)
 .comment       0x00000000       0x24 c:/altera/12.1/nios2eds/bin/gnu/h-i686-mingw32/bin/../lib/gcc/nios2-elf/4.1.2/../../../../nios2-elf/lib\libc.a(lib_a-reallocr.o)
 .comment       0x00000000       0x24 c:/altera/12.1/nios2eds/bin/gnu/h-i686-mingw32/bin/../lib/gcc/nios2-elf/4.1.2/../../../../nios2-elf/lib\libc.a(lib_a-sbrkr.o)
 .comment       0x00000000       0x24 c:/altera/12.1/nios2eds/bin/gnu/h-i686-mingw32/bin/../lib/gcc/nios2-elf/4.1.2/../../../../nios2-elf/lib\libc.a(lib_a-wsetup.o)
 .comment       0x00000000       0x24 c:/altera/12.1/nios2eds/bin/gnu/h-i686-mingw32/bin/../lib/gcc/nios2-elf/4.1.2/../../../../nios2-elf/lib\libc.a(lib_a-fflush.o)
 .comment       0x00000000       0x24 c:/altera/12.1/nios2eds/bin/gnu/h-i686-mingw32/bin/../lib/gcc/nios2-elf/4.1.2/../../../../nios2-elf/lib\libc.a(lib_a-findfp.o)
 .comment       0x00000000       0x24 c:/altera/12.1/nios2eds/bin/gnu/h-i686-mingw32/bin/../lib/gcc/nios2-elf/4.1.2/../../../../nios2-elf/lib\libc.a(lib_a-freer.o)
 .comment       0x00000000       0x24 c:/altera/12.1/nios2eds/bin/gnu/h-i686-mingw32/bin/../lib/gcc/nios2-elf/4.1.2/../../../../nios2-elf/lib\libc.a(lib_a-fwalk.o)
 .comment       0x00000000       0x24 c:/altera/12.1/nios2eds/bin/gnu/h-i686-mingw32/bin/../lib/gcc/nios2-elf/4.1.2/../../../../nios2-elf/lib\libc.a(lib_a-int_errno.o)
 .comment       0x00000000       0x24 c:/altera/12.1/nios2eds/bin/gnu/h-i686-mingw32/bin/../lib/gcc/nios2-elf/4.1.2/../../../../nios2-elf/lib\libc.a(lib_a-makebuf.o)
 .comment       0x00000000       0x24 c:/altera/12.1/nios2eds/bin/gnu/h-i686-mingw32/bin/../lib/gcc/nios2-elf/4.1.2/../../../../nios2-elf/lib\libc.a(lib_a-memset.o)
 .comment       0x00000000       0x24 c:/altera/12.1/nios2eds/bin/gnu/h-i686-mingw32/bin/../lib/gcc/nios2-elf/4.1.2/../../../../nios2-elf/lib\libc.a(lib_a-stdio.o)
 .comment       0x00000000       0x24 c:/altera/12.1/nios2eds/bin/gnu/h-i686-mingw32/bin/../lib/gcc/nios2-elf/4.1.2/../../../../nios2-elf/lib\libc.a(lib_a-writer.o)
 .comment       0x00000000       0x24 c:/altera/12.1/nios2eds/bin/gnu/h-i686-mingw32/bin/../lib/gcc/nios2-elf/4.1.2/../../../../nios2-elf/lib\libc.a(lib_a-closer.o)
 .comment       0x00000000       0x24 c:/altera/12.1/nios2eds/bin/gnu/h-i686-mingw32/bin/../lib/gcc/nios2-elf/4.1.2/../../../../nios2-elf/lib\libc.a(lib_a-fclose.o)
 .comment       0x00000000       0x24 c:/altera/12.1/nios2eds/bin/gnu/h-i686-mingw32/bin/../lib/gcc/nios2-elf/4.1.2/../../../../nios2-elf/lib\libc.a(lib_a-fstatr.o)
 .comment       0x00000000       0x24 c:/altera/12.1/nios2eds/bin/gnu/h-i686-mingw32/bin/../lib/gcc/nios2-elf/4.1.2/../../../../nios2-elf/lib\libc.a(lib_a-isattyr.o)
 .comment       0x00000000       0x24 c:/altera/12.1/nios2eds/bin/gnu/h-i686-mingw32/bin/../lib/gcc/nios2-elf/4.1.2/../../../../nios2-elf/lib\libc.a(lib_a-lseekr.o)
 .comment       0x00000000       0x24 c:/altera/12.1/nios2eds/bin/gnu/h-i686-mingw32/bin/../lib/gcc/nios2-elf/4.1.2/../../../../nios2-elf/lib\libc.a(lib_a-readr.o)
 .comment       0x00000000       0x24 ../hello_world_bsp/\libhal_bsp.a(alt_close.o)
 .comment       0x00000000       0x24 ../hello_world_bsp/\libhal_bsp.a(alt_dev.o)
 .comment       0x00000000       0x24 ../hello_world_bsp/\libhal_bsp.a(alt_errno.o)
 .comment       0x00000000       0x24 ../hello_world_bsp/\libhal_bsp.a(alt_fstat.o)
 .comment       0x00000000       0x24 ../hello_world_bsp/\libhal_bsp.a(alt_isatty.o)
 .comment       0x00000000       0x24 ../hello_world_bsp/\libhal_bsp.a(alt_load.o)
 .comment       0x00000000       0x24 ../hello_world_bsp/\libhal_bsp.a(alt_lseek.o)
 .comment       0x00000000       0x24 ../hello_world_bsp/\libhal_bsp.a(alt_main.o)
 .comment       0x00000000       0x24 ../hello_world_bsp/\libhal_bsp.a(alt_malloc_lock.o)
 .comment       0x00000000       0x24 ../hello_world_bsp/\libhal_bsp.a(alt_read.o)
 .comment       0x00000000       0x24 ../hello_world_bsp/\libhal_bsp.a(alt_release_fd.o)
 .comment       0x00000000       0x24 ../hello_world_bsp/\libhal_bsp.a(alt_sbrk.o)
 .comment       0x00000000       0x24 ../hello_world_bsp/\libhal_bsp.a(alt_write.o)
 .comment       0x00000000       0x24 ../hello_world_bsp/\libhal_bsp.a(alt_sys_init.o)
 .comment       0x00000000       0x24 ../hello_world_bsp/\libhal_bsp.a(altera_avalon_jtag_uart_fd.o)
 .comment       0x00000000       0x24 ../hello_world_bsp/\libhal_bsp.a(altera_avalon_jtag_uart_init.o)
 .comment       0x00000000       0x24 ../hello_world_bsp/\libhal_bsp.a(altera_avalon_jtag_uart_ioctl.o)
 .comment       0x00000000       0x24 ../hello_world_bsp/\libhal_bsp.a(altera_avalon_jtag_uart_read.o)
 .comment       0x00000000       0x24 ../hello_world_bsp/\libhal_bsp.a(altera_avalon_jtag_uart_write.o)
 .comment       0x00000000       0x24 ../hello_world_bsp/\libhal_bsp.a(alt_alarm_start.o)
 .comment       0x00000000       0x24 ../hello_world_bsp/\libhal_bsp.a(alt_dcache_flush_all.o)
 .comment       0x00000000       0x24 ../hello_world_bsp/\libhal_bsp.a(alt_dev_llist_insert.o)
 .comment       0x00000000       0x24 ../hello_world_bsp/\libhal_bsp.a(alt_do_ctors.o)
 .comment       0x00000000       0x24 ../hello_world_bsp/\libhal_bsp.a(alt_do_dtors.o)
 .comment       0x00000000       0x24 ../hello_world_bsp/\libhal_bsp.a(alt_icache_flush_all.o)
 .comment       0x00000000       0x24 ../hello_world_bsp/\libhal_bsp.a(alt_iic.o)
 .comment       0x00000000       0x24 ../hello_world_bsp/\libhal_bsp.a(alt_iic_isr_register.o)
 .comment       0x00000000       0x24 ../hello_world_bsp/\libhal_bsp.a(alt_io_redirect.o)
 .comment       0x00000000       0x24 ../hello_world_bsp/\libhal_bsp.a(alt_irq_handler.o)
 .comment       0x00000000       0x24 ../hello_world_bsp/\libhal_bsp.a(alt_irq_vars.o)
 .comment       0x00000000       0x24 ../hello_world_bsp/\libhal_bsp.a(alt_open.o)
 .comment       0x00000000       0x24 ../hello_world_bsp/\libhal_bsp.a(alt_tick.o)
 .comment       0x00000000       0x24 ../hello_world_bsp/\libhal_bsp.a(altera_nios2_qsys_irq.o)
 .comment       0x00000000       0x24 ../hello_world_bsp/\libhal_bsp.a(alt_find_dev.o)
 .comment       0x00000000       0x24 ../hello_world_bsp/\libhal_bsp.a(alt_find_file.o)
 .comment       0x00000000       0x24 ../hello_world_bsp/\libhal_bsp.a(alt_get_fd.o)
 .comment       0x00000000       0x24 ../hello_world_bsp/\libhal_bsp.a(alt_icache_flush.o)
 .comment       0x00000000       0x24 c:/altera/12.1/nios2eds/bin/gnu/h-i686-mingw32/bin/../lib/gcc/nios2-elf/4.1.2/../../../../nios2-elf/lib\libc.a(lib_a-atexit.o)
 .comment       0x00000000       0x24 c:/altera/12.1/nios2eds/bin/gnu/h-i686-mingw32/bin/../lib/gcc/nios2-elf/4.1.2/../../../../nios2-elf/lib\libc.a(lib_a-exit.o)
 .comment       0x00000000       0x24 c:/altera/12.1/nios2eds/bin/gnu/h-i686-mingw32/bin/../lib/gcc/nios2-elf/4.1.2/../../../../nios2-elf/lib\libc.a(lib_a-memcmp.o)
 .comment       0x00000000       0x24 c:/altera/12.1/nios2eds/bin/gnu/h-i686-mingw32/bin/../lib/gcc/nios2-elf/4.1.2/../../../../nios2-elf/lib\libc.a(lib_a-__atexit.o)
 .comment       0x00000000       0x24 c:/altera/12.1/nios2eds/bin/gnu/h-i686-mingw32/bin/../lib/gcc/nios2-elf/4.1.2/../../../../nios2-elf/lib\libc.a(lib_a-__call_atexit.o)
 .comment       0x00000000       0x24 ../hello_world_bsp/\libhal_bsp.a(alt_exit.o)

.debug
 *(.debug)

.line
 *(.line)

.debug_srcinfo
 *(.debug_srcinfo)

.debug_sfnames
 *(.debug_sfnames)

.debug_aranges  0x00000000      0x8d8
 *(.debug_aranges)
 .debug_aranges
                0x00000000       0x28 ../hello_world_bsp//obj/HAL/src/crt0.o
 .debug_aranges
                0x00000028       0x20 obj/default/hello_world.o
 .debug_aranges
                0x00000048       0x20 c:/altera/12.1/nios2eds/bin/gnu/h-i686-mingw32/bin/../lib/gcc/nios2-elf/4.1.2/../../../../nios2-elf/lib\libc.a(lib_a-puts.o)
 .debug_aranges
                0x00000068       0x20 c:/altera/12.1/nios2eds/bin/gnu/h-i686-mingw32/bin/../lib/gcc/nios2-elf/4.1.2/../../../../nios2-elf/lib\libc.a(lib_a-strlen.o)
 .debug_aranges
                0x00000088       0x20 c:/altera/12.1/nios2eds/bin/gnu/h-i686-mingw32/bin/../lib/gcc/nios2-elf/4.1.2/../../../../nios2-elf/lib\libc.a(lib_a-fvwrite.o)
 .debug_aranges
                0x000000a8       0x20 c:/altera/12.1/nios2eds/bin/gnu/h-i686-mingw32/bin/../lib/gcc/nios2-elf/4.1.2/../../../../nios2-elf/lib\libc.a(lib_a-mallocr.o)
 .debug_aranges
                0x000000c8       0x20 c:/altera/12.1/nios2eds/bin/gnu/h-i686-mingw32/bin/../lib/gcc/nios2-elf/4.1.2/../../../../nios2-elf/lib\libc.a(lib_a-memchr.o)
 .debug_aranges
                0x000000e8       0x20 c:/altera/12.1/nios2eds/bin/gnu/h-i686-mingw32/bin/../lib/gcc/nios2-elf/4.1.2/../../../../nios2-elf/lib\libc.a(lib_a-memcpy.o)
 .debug_aranges
                0x00000108       0x20 c:/altera/12.1/nios2eds/bin/gnu/h-i686-mingw32/bin/../lib/gcc/nios2-elf/4.1.2/../../../../nios2-elf/lib\libc.a(lib_a-memmove.o)
 .debug_aranges
                0x00000128       0x20 c:/altera/12.1/nios2eds/bin/gnu/h-i686-mingw32/bin/../lib/gcc/nios2-elf/4.1.2/../../../../nios2-elf/lib\libc.a(lib_a-reallocr.o)
 .debug_aranges
                0x00000148       0x20 c:/altera/12.1/nios2eds/bin/gnu/h-i686-mingw32/bin/../lib/gcc/nios2-elf/4.1.2/../../../../nios2-elf/lib\libc.a(lib_a-sbrkr.o)
 .debug_aranges
                0x00000168       0x20 c:/altera/12.1/nios2eds/bin/gnu/h-i686-mingw32/bin/../lib/gcc/nios2-elf/4.1.2/../../../../nios2-elf/lib\libc.a(lib_a-wsetup.o)
 .debug_aranges
                0x00000188       0x20 c:/altera/12.1/nios2eds/bin/gnu/h-i686-mingw32/bin/../lib/gcc/nios2-elf/4.1.2/../../../../nios2-elf/lib\libc.a(lib_a-fflush.o)
 .debug_aranges
                0x000001a8       0x20 c:/altera/12.1/nios2eds/bin/gnu/h-i686-mingw32/bin/../lib/gcc/nios2-elf/4.1.2/../../../../nios2-elf/lib\libc.a(lib_a-findfp.o)
 .debug_aranges
                0x000001c8       0x20 c:/altera/12.1/nios2eds/bin/gnu/h-i686-mingw32/bin/../lib/gcc/nios2-elf/4.1.2/../../../../nios2-elf/lib\libc.a(lib_a-freer.o)
 .debug_aranges
                0x000001e8       0x20 c:/altera/12.1/nios2eds/bin/gnu/h-i686-mingw32/bin/../lib/gcc/nios2-elf/4.1.2/../../../../nios2-elf/lib\libc.a(lib_a-fwalk.o)
 .debug_aranges
                0x00000208       0x20 c:/altera/12.1/nios2eds/bin/gnu/h-i686-mingw32/bin/../lib/gcc/nios2-elf/4.1.2/../../../../nios2-elf/lib\libc.a(lib_a-makebuf.o)
 .debug_aranges
                0x00000228       0x20 c:/altera/12.1/nios2eds/bin/gnu/h-i686-mingw32/bin/../lib/gcc/nios2-elf/4.1.2/../../../../nios2-elf/lib\libc.a(lib_a-memset.o)
 .debug_aranges
                0x00000248       0x20 c:/altera/12.1/nios2eds/bin/gnu/h-i686-mingw32/bin/../lib/gcc/nios2-elf/4.1.2/../../../../nios2-elf/lib\libc.a(lib_a-stdio.o)
 .debug_aranges
                0x00000268       0x20 c:/altera/12.1/nios2eds/bin/gnu/h-i686-mingw32/bin/../lib/gcc/nios2-elf/4.1.2/../../../../nios2-elf/lib\libc.a(lib_a-writer.o)
 .debug_aranges
                0x00000288       0x20 c:/altera/12.1/nios2eds/bin/gnu/h-i686-mingw32/bin/../lib/gcc/nios2-elf/4.1.2/../../../../nios2-elf/lib\libc.a(lib_a-closer.o)
 .debug_aranges
                0x000002a8       0x20 c:/altera/12.1/nios2eds/bin/gnu/h-i686-mingw32/bin/../lib/gcc/nios2-elf/4.1.2/../../../../nios2-elf/lib\libc.a(lib_a-fclose.o)
 .debug_aranges
                0x000002c8       0x20 c:/altera/12.1/nios2eds/bin/gnu/h-i686-mingw32/bin/../lib/gcc/nios2-elf/4.1.2/../../../../nios2-elf/lib\libc.a(lib_a-fstatr.o)
 .debug_aranges
                0x000002e8       0x20 c:/altera/12.1/nios2eds/bin/gnu/h-i686-mingw32/bin/../lib/gcc/nios2-elf/4.1.2/../../../../nios2-elf/lib\libc.a(lib_a-isattyr.o)
 .debug_aranges
                0x00000308       0x20 c:/altera/12.1/nios2eds/bin/gnu/h-i686-mingw32/bin/../lib/gcc/nios2-elf/4.1.2/../../../../nios2-elf/lib\libc.a(lib_a-lseekr.o)
 .debug_aranges
                0x00000328       0x20 c:/altera/12.1/nios2eds/bin/gnu/h-i686-mingw32/bin/../lib/gcc/nios2-elf/4.1.2/../../../../nios2-elf/lib\libc.a(lib_a-readr.o)
 .debug_aranges
                0x00000348       0x20 ../hello_world_bsp/\libhal_bsp.a(alt_close.o)
 .debug_aranges
                0x00000368       0x20 ../hello_world_bsp/\libhal_bsp.a(alt_dev.o)
 .debug_aranges
                0x00000388       0x20 ../hello_world_bsp/\libhal_bsp.a(alt_fstat.o)
 .debug_aranges
                0x000003a8       0x20 ../hello_world_bsp/\libhal_bsp.a(alt_isatty.o)
 .debug_aranges
                0x000003c8       0x20 ../hello_world_bsp/\libhal_bsp.a(alt_load.o)
 .debug_aranges
                0x000003e8       0x20 ../hello_world_bsp/\libhal_bsp.a(alt_lseek.o)
 .debug_aranges
                0x00000408       0x20 ../hello_world_bsp/\libhal_bsp.a(alt_main.o)
 .debug_aranges
                0x00000428       0x20 ../hello_world_bsp/\libhal_bsp.a(alt_malloc_lock.o)
 .debug_aranges
                0x00000448       0x20 ../hello_world_bsp/\libhal_bsp.a(alt_read.o)
 .debug_aranges
                0x00000468       0x20 ../hello_world_bsp/\libhal_bsp.a(alt_release_fd.o)
 .debug_aranges
                0x00000488       0x20 ../hello_world_bsp/\libhal_bsp.a(alt_sbrk.o)
 .debug_aranges
                0x000004a8       0x20 ../hello_world_bsp/\libhal_bsp.a(alt_write.o)
 .debug_aranges
                0x000004c8       0x20 ../hello_world_bsp/\libhal_bsp.a(alt_sys_init.o)
 .debug_aranges
                0x000004e8       0x20 ../hello_world_bsp/\libhal_bsp.a(altera_avalon_jtag_uart_fd.o)
 .debug_aranges
                0x00000508       0x20 ../hello_world_bsp/\libhal_bsp.a(altera_avalon_jtag_uart_init.o)
 .debug_aranges
                0x00000528       0x20 ../hello_world_bsp/\libhal_bsp.a(altera_avalon_jtag_uart_ioctl.o)
 .debug_aranges
                0x00000548       0x20 ../hello_world_bsp/\libhal_bsp.a(altera_avalon_jtag_uart_read.o)
 .debug_aranges
                0x00000568       0x20 ../hello_world_bsp/\libhal_bsp.a(altera_avalon_jtag_uart_write.o)
 .debug_aranges
                0x00000588       0x20 ../hello_world_bsp/\libhal_bsp.a(alt_alarm_start.o)
 .debug_aranges
                0x000005a8       0x20 ../hello_world_bsp/\libhal_bsp.a(alt_dcache_flush_all.o)
 .debug_aranges
                0x000005c8       0x20 ../hello_world_bsp/\libhal_bsp.a(alt_dev_llist_insert.o)
 .debug_aranges
                0x000005e8       0x20 ../hello_world_bsp/\libhal_bsp.a(alt_do_ctors.o)
 .debug_aranges
                0x00000608       0x20 ../hello_world_bsp/\libhal_bsp.a(alt_do_dtors.o)
 .debug_aranges
                0x00000628       0x20 ../hello_world_bsp/\libhal_bsp.a(alt_icache_flush_all.o)
 .debug_aranges
                0x00000648       0x20 ../hello_world_bsp/\libhal_bsp.a(alt_iic.o)
 .debug_aranges
                0x00000668       0x20 ../hello_world_bsp/\libhal_bsp.a(alt_iic_isr_register.o)
 .debug_aranges
                0x00000688       0x20 ../hello_world_bsp/\libhal_bsp.a(alt_io_redirect.o)
 .debug_aranges
                0x000006a8       0x30 ../hello_world_bsp/\libhal_bsp.a(alt_irq_entry.o)
 .debug_aranges
                0x000006d8       0x28 ../hello_world_bsp/\libhal_bsp.a(alt_irq_handler.o)
 .debug_aranges
                0x00000700       0x20 ../hello_world_bsp/\libhal_bsp.a(alt_open.o)
 .debug_aranges
                0x00000720       0x20 ../hello_world_bsp/\libhal_bsp.a(alt_tick.o)
 .debug_aranges
                0x00000740       0x20 ../hello_world_bsp/\libhal_bsp.a(altera_nios2_qsys_irq.o)
 .debug_aranges
                0x00000760       0x38 ../hello_world_bsp/\libhal_bsp.a(alt_exception_entry.o)
 .debug_aranges
                0x00000798       0x20 ../hello_world_bsp/\libhal_bsp.a(alt_find_dev.o)
 .debug_aranges
                0x000007b8       0x20 ../hello_world_bsp/\libhal_bsp.a(alt_find_file.o)
 .debug_aranges
                0x000007d8       0x20 ../hello_world_bsp/\libhal_bsp.a(alt_get_fd.o)
 .debug_aranges
                0x000007f8       0x20 ../hello_world_bsp/\libhal_bsp.a(alt_icache_flush.o)
 .debug_aranges
                0x00000818       0x20 c:/altera/12.1/nios2eds/bin/gnu/h-i686-mingw32/bin/../lib/gcc/nios2-elf/4.1.2/../../../../nios2-elf/lib\libc.a(lib_a-atexit.o)
 .debug_aranges
                0x00000838       0x20 c:/altera/12.1/nios2eds/bin/gnu/h-i686-mingw32/bin/../lib/gcc/nios2-elf/4.1.2/../../../../nios2-elf/lib\libc.a(lib_a-exit.o)
 .debug_aranges
                0x00000858       0x20 c:/altera/12.1/nios2eds/bin/gnu/h-i686-mingw32/bin/../lib/gcc/nios2-elf/4.1.2/../../../../nios2-elf/lib\libc.a(lib_a-memcmp.o)
 .debug_aranges
                0x00000878       0x20 c:/altera/12.1/nios2eds/bin/gnu/h-i686-mingw32/bin/../lib/gcc/nios2-elf/4.1.2/../../../../nios2-elf/lib\libc.a(lib_a-__atexit.o)
 .debug_aranges
                0x00000898       0x20 c:/altera/12.1/nios2eds/bin/gnu/h-i686-mingw32/bin/../lib/gcc/nios2-elf/4.1.2/../../../../nios2-elf/lib\libc.a(lib_a-__call_atexit.o)
 .debug_aranges
                0x000008b8       0x20 ../hello_world_bsp/\libhal_bsp.a(alt_exit.o)

.debug_pubnames
                0x00000000      0xd22
 *(.debug_pubnames)
 .debug_pubnames
                0x00000000       0x1b obj/default/hello_world.o
 .debug_pubnames
                0x0000001b       0x27 c:/altera/12.1/nios2eds/bin/gnu/h-i686-mingw32/bin/../lib/gcc/nios2-elf/4.1.2/../../../../nios2-elf/lib\libc.a(lib_a-puts.o)
 .debug_pubnames
                0x00000042       0x1d c:/altera/12.1/nios2eds/bin/gnu/h-i686-mingw32/bin/../lib/gcc/nios2-elf/4.1.2/../../../../nios2-elf/lib\libc.a(lib_a-strlen.o)
 .debug_pubnames
                0x0000005f       0x23 c:/altera/12.1/nios2eds/bin/gnu/h-i686-mingw32/bin/../lib/gcc/nios2-elf/4.1.2/../../../../nios2-elf/lib\libc.a(lib_a-fvwrite.o)
 .debug_pubnames
                0x00000082       0x39 c:/altera/12.1/nios2eds/bin/gnu/h-i686-mingw32/bin/../lib/gcc/nios2-elf/4.1.2/../../../../nios2-elf/lib\libc.a(lib_a-impure.o)
 .debug_pubnames
                0x000000bb       0xce c:/altera/12.1/nios2eds/bin/gnu/h-i686-mingw32/bin/../lib/gcc/nios2-elf/4.1.2/../../../../nios2-elf/lib\libc.a(lib_a-mallocr.o)
 .debug_pubnames
                0x00000189       0x1d c:/altera/12.1/nios2eds/bin/gnu/h-i686-mingw32/bin/../lib/gcc/nios2-elf/4.1.2/../../../../nios2-elf/lib\libc.a(lib_a-memchr.o)
 .debug_pubnames
                0x000001a6       0x1d c:/altera/12.1/nios2eds/bin/gnu/h-i686-mingw32/bin/../lib/gcc/nios2-elf/4.1.2/../../../../nios2-elf/lib\libc.a(lib_a-memcpy.o)
 .debug_pubnames
                0x000001c3       0x1e c:/altera/12.1/nios2eds/bin/gnu/h-i686-mingw32/bin/../lib/gcc/nios2-elf/4.1.2/../../../../nios2-elf/lib\libc.a(lib_a-memmove.o)
 .debug_pubnames
                0x000001e1       0x21 c:/altera/12.1/nios2eds/bin/gnu/h-i686-mingw32/bin/../lib/gcc/nios2-elf/4.1.2/../../../../nios2-elf/lib\libc.a(lib_a-reallocr.o)
 .debug_pubnames
                0x00000202       0x1e c:/altera/12.1/nios2eds/bin/gnu/h-i686-mingw32/bin/../lib/gcc/nios2-elf/4.1.2/../../../../nios2-elf/lib\libc.a(lib_a-sbrkr.o)
 .debug_pubnames
                0x00000220       0x22 c:/altera/12.1/nios2eds/bin/gnu/h-i686-mingw32/bin/../lib/gcc/nios2-elf/4.1.2/../../../../nios2-elf/lib\libc.a(lib_a-wsetup.o)
 .debug_pubnames
                0x00000242       0x2b c:/altera/12.1/nios2eds/bin/gnu/h-i686-mingw32/bin/../lib/gcc/nios2-elf/4.1.2/../../../../nios2-elf/lib\libc.a(lib_a-fflush.o)
 .debug_pubnames
                0x0000026d       0xdb c:/altera/12.1/nios2eds/bin/gnu/h-i686-mingw32/bin/../lib/gcc/nios2-elf/4.1.2/../../../../nios2-elf/lib\libc.a(lib_a-findfp.o)
 .debug_pubnames
                0x00000348       0x31 c:/altera/12.1/nios2eds/bin/gnu/h-i686-mingw32/bin/../lib/gcc/nios2-elf/4.1.2/../../../../nios2-elf/lib\libc.a(lib_a-freer.o)
 .debug_pubnames
                0x00000379       0x2e c:/altera/12.1/nios2eds/bin/gnu/h-i686-mingw32/bin/../lib/gcc/nios2-elf/4.1.2/../../../../nios2-elf/lib\libc.a(lib_a-fwalk.o)
 .debug_pubnames
                0x000003a7       0x1c c:/altera/12.1/nios2eds/bin/gnu/h-i686-mingw32/bin/../lib/gcc/nios2-elf/4.1.2/../../../../nios2-elf/lib\libc.a(lib_a-int_errno.o)
 .debug_pubnames
                0x000003c3       0x23 c:/altera/12.1/nios2eds/bin/gnu/h-i686-mingw32/bin/../lib/gcc/nios2-elf/4.1.2/../../../../nios2-elf/lib\libc.a(lib_a-makebuf.o)
 .debug_pubnames
                0x000003e6       0x1d c:/altera/12.1/nios2eds/bin/gnu/h-i686-mingw32/bin/../lib/gcc/nios2-elf/4.1.2/../../../../nios2-elf/lib\libc.a(lib_a-memset.o)
 .debug_pubnames
                0x00000403       0x44 c:/altera/12.1/nios2eds/bin/gnu/h-i686-mingw32/bin/../lib/gcc/nios2-elf/4.1.2/../../../../nios2-elf/lib\libc.a(lib_a-stdio.o)
 .debug_pubnames
                0x00000447       0x1f c:/altera/12.1/nios2eds/bin/gnu/h-i686-mingw32/bin/../lib/gcc/nios2-elf/4.1.2/../../../../nios2-elf/lib\libc.a(lib_a-writer.o)
 .debug_pubnames
                0x00000466       0x1f c:/altera/12.1/nios2eds/bin/gnu/h-i686-mingw32/bin/../lib/gcc/nios2-elf/4.1.2/../../../../nios2-elf/lib\libc.a(lib_a-closer.o)
 .debug_pubnames
                0x00000485       0x2b c:/altera/12.1/nios2eds/bin/gnu/h-i686-mingw32/bin/../lib/gcc/nios2-elf/4.1.2/../../../../nios2-elf/lib\libc.a(lib_a-fclose.o)
 .debug_pubnames
                0x000004b0       0x1f c:/altera/12.1/nios2eds/bin/gnu/h-i686-mingw32/bin/../lib/gcc/nios2-elf/4.1.2/../../../../nios2-elf/lib\libc.a(lib_a-fstatr.o)
 .debug_pubnames
                0x000004cf       0x20 c:/altera/12.1/nios2eds/bin/gnu/h-i686-mingw32/bin/../lib/gcc/nios2-elf/4.1.2/../../../../nios2-elf/lib\libc.a(lib_a-isattyr.o)
 .debug_pubnames
                0x000004ef       0x1f c:/altera/12.1/nios2eds/bin/gnu/h-i686-mingw32/bin/../lib/gcc/nios2-elf/4.1.2/../../../../nios2-elf/lib\libc.a(lib_a-lseekr.o)
 .debug_pubnames
                0x0000050e       0x1e c:/altera/12.1/nios2eds/bin/gnu/h-i686-mingw32/bin/../lib/gcc/nios2-elf/4.1.2/../../../../nios2-elf/lib\libc.a(lib_a-readr.o)
 .debug_pubnames
                0x0000052c       0x1c ../hello_world_bsp/\libhal_bsp.a(alt_close.o)
 .debug_pubnames
                0x00000548       0x63 ../hello_world_bsp/\libhal_bsp.a(alt_dev.o)
 .debug_pubnames
                0x000005ab       0x20 ../hello_world_bsp/\libhal_bsp.a(alt_errno.o)
 .debug_pubnames
                0x000005cb       0x1c ../hello_world_bsp/\libhal_bsp.a(alt_fstat.o)
 .debug_pubnames
                0x000005e7       0x1d ../hello_world_bsp/\libhal_bsp.a(alt_isatty.o)
 .debug_pubnames
                0x00000604       0x1f ../hello_world_bsp/\libhal_bsp.a(alt_load.o)
 .debug_pubnames
                0x00000623       0x1c ../hello_world_bsp/\libhal_bsp.a(alt_lseek.o)
 .debug_pubnames
                0x0000063f       0x46 ../hello_world_bsp/\libhal_bsp.a(alt_main.o)
 .debug_pubnames
                0x00000685       0x38 ../hello_world_bsp/\libhal_bsp.a(alt_malloc_lock.o)
 .debug_pubnames
                0x000006bd       0x1b ../hello_world_bsp/\libhal_bsp.a(alt_read.o)
 .debug_pubnames
                0x000006d8       0x25 ../hello_world_bsp/\libhal_bsp.a(alt_release_fd.o)
 .debug_pubnames
                0x000006fd       0x1b ../hello_world_bsp/\libhal_bsp.a(alt_sbrk.o)
 .debug_pubnames
                0x00000718       0x1c ../hello_world_bsp/\libhal_bsp.a(alt_write.o)
 .debug_pubnames
                0x00000734       0x34 ../hello_world_bsp/\libhal_bsp.a(alt_sys_init.o)
 .debug_pubnames
                0x00000768       0xa5 ../hello_world_bsp/\libhal_bsp.a(altera_avalon_jtag_uart_fd.o)
 .debug_pubnames
                0x0000080d       0x55 ../hello_world_bsp/\libhal_bsp.a(altera_avalon_jtag_uart_init.o)
 .debug_pubnames
                0x00000862       0x34 ../hello_world_bsp/\libhal_bsp.a(altera_avalon_jtag_uart_ioctl.o)
 .debug_pubnames
                0x00000896       0x33 ../hello_world_bsp/\libhal_bsp.a(altera_avalon_jtag_uart_read.o)
 .debug_pubnames
                0x000008c9       0x34 ../hello_world_bsp/\libhal_bsp.a(altera_avalon_jtag_uart_write.o)
 .debug_pubnames
                0x000008fd       0x26 ../hello_world_bsp/\libhal_bsp.a(alt_alarm_start.o)
 .debug_pubnames
                0x00000923       0x2b ../hello_world_bsp/\libhal_bsp.a(alt_dcache_flush_all.o)
 .debug_pubnames
                0x0000094e       0x2b ../hello_world_bsp/\libhal_bsp.a(alt_dev_llist_insert.o)
 .debug_pubnames
                0x00000979       0x20 ../hello_world_bsp/\libhal_bsp.a(alt_do_ctors.o)
 .debug_pubnames
                0x00000999       0x20 ../hello_world_bsp/\libhal_bsp.a(alt_do_dtors.o)
 .debug_pubnames
                0x000009b9       0x2b ../hello_world_bsp/\libhal_bsp.a(alt_icache_flush_all.o)
 .debug_pubnames
                0x000009e4       0x6e ../hello_world_bsp/\libhal_bsp.a(alt_iic.o)
 .debug_pubnames
                0x00000a52       0x2b ../hello_world_bsp/\libhal_bsp.a(alt_iic_isr_register.o)
 .debug_pubnames
                0x00000a7d       0x26 ../hello_world_bsp/\libhal_bsp.a(alt_io_redirect.o)
 .debug_pubnames
                0x00000aa3       0x32 ../hello_world_bsp/\libhal_bsp.a(alt_irq_handler.o)
 .debug_pubnames
                0x00000ad5       0x3b ../hello_world_bsp/\libhal_bsp.a(alt_irq_vars.o)
 .debug_pubnames
                0x00000b10       0x1b ../hello_world_bsp/\libhal_bsp.a(alt_open.o)
 .debug_pubnames
                0x00000b2b       0x68 ../hello_world_bsp/\libhal_bsp.a(alt_tick.o)
 .debug_pubnames
                0x00000b93       0x31 ../hello_world_bsp/\libhal_bsp.a(altera_nios2_qsys_irq.o)
 .debug_pubnames
                0x00000bc4       0x23 ../hello_world_bsp/\libhal_bsp.a(alt_find_dev.o)
 .debug_pubnames
                0x00000be7       0x24 ../hello_world_bsp/\libhal_bsp.a(alt_find_file.o)
 .debug_pubnames
                0x00000c0b       0x21 ../hello_world_bsp/\libhal_bsp.a(alt_get_fd.o)
 .debug_pubnames
                0x00000c2c       0x27 ../hello_world_bsp/\libhal_bsp.a(alt_icache_flush.o)
 .debug_pubnames
                0x00000c53       0x2a c:/altera/12.1/nios2eds/bin/gnu/h-i686-mingw32/bin/../lib/gcc/nios2-elf/4.1.2/../../../../nios2-elf/lib\libc.a(lib_a-atexit.o)
 .debug_pubnames
                0x00000c7d       0x1b c:/altera/12.1/nios2eds/bin/gnu/h-i686-mingw32/bin/../lib/gcc/nios2-elf/4.1.2/../../../../nios2-elf/lib\libc.a(lib_a-exit.o)
 .debug_pubnames
                0x00000c98       0x1d c:/altera/12.1/nios2eds/bin/gnu/h-i686-mingw32/bin/../lib/gcc/nios2-elf/4.1.2/../../../../nios2-elf/lib\libc.a(lib_a-memcmp.o)
 .debug_pubnames
                0x00000cb5       0x2a c:/altera/12.1/nios2eds/bin/gnu/h-i686-mingw32/bin/../lib/gcc/nios2-elf/4.1.2/../../../../nios2-elf/lib\libc.a(lib_a-__atexit.o)
 .debug_pubnames
                0x00000cdf       0x27 c:/altera/12.1/nios2eds/bin/gnu/h-i686-mingw32/bin/../lib/gcc/nios2-elf/4.1.2/../../../../nios2-elf/lib\libc.a(lib_a-__call_atexit.o)
 .debug_pubnames
                0x00000d06       0x1c ../hello_world_bsp/\libhal_bsp.a(alt_exit.o)

.debug_info     0x00000000    0x18f62
 *(.debug_info .gnu.linkonce.wi.*)
 .debug_info    0x00000000       0x58 ../hello_world_bsp//obj/HAL/src/crt0.o
 .debug_info    0x00000058      0x117 obj/default/hello_world.o
 .debug_info    0x0000016f      0xa25 c:/altera/12.1/nios2eds/bin/gnu/h-i686-mingw32/bin/../lib/gcc/nios2-elf/4.1.2/../../../../nios2-elf/lib\libc.a(lib_a-puts.o)
 .debug_info    0x00000b94       0xdb c:/altera/12.1/nios2eds/bin/gnu/h-i686-mingw32/bin/../lib/gcc/nios2-elf/4.1.2/../../../../nios2-elf/lib\libc.a(lib_a-strlen.o)
 .debug_info    0x00000c6f      0xa88 c:/altera/12.1/nios2eds/bin/gnu/h-i686-mingw32/bin/../lib/gcc/nios2-elf/4.1.2/../../../../nios2-elf/lib\libc.a(lib_a-fvwrite.o)
 .debug_info    0x000016f7      0x93d c:/altera/12.1/nios2eds/bin/gnu/h-i686-mingw32/bin/../lib/gcc/nios2-elf/4.1.2/../../../../nios2-elf/lib\libc.a(lib_a-impure.o)
 .debug_info    0x00002034      0xcd0 c:/altera/12.1/nios2eds/bin/gnu/h-i686-mingw32/bin/../lib/gcc/nios2-elf/4.1.2/../../../../nios2-elf/lib\libc.a(lib_a-mallocr.o)
 .debug_info    0x00002d04      0x138 c:/altera/12.1/nios2eds/bin/gnu/h-i686-mingw32/bin/../lib/gcc/nios2-elf/4.1.2/../../../../nios2-elf/lib\libc.a(lib_a-memchr.o)
 .debug_info    0x00002e3c      0x106 c:/altera/12.1/nios2eds/bin/gnu/h-i686-mingw32/bin/../lib/gcc/nios2-elf/4.1.2/../../../../nios2-elf/lib\libc.a(lib_a-memcpy.o)
 .debug_info    0x00002f42      0x13e c:/altera/12.1/nios2eds/bin/gnu/h-i686-mingw32/bin/../lib/gcc/nios2-elf/4.1.2/../../../../nios2-elf/lib\libc.a(lib_a-memmove.o)
 .debug_info    0x00003080      0xbd7 c:/altera/12.1/nios2eds/bin/gnu/h-i686-mingw32/bin/../lib/gcc/nios2-elf/4.1.2/../../../../nios2-elf/lib\libc.a(lib_a-reallocr.o)
 .debug_info    0x00003c57      0x962 c:/altera/12.1/nios2eds/bin/gnu/h-i686-mingw32/bin/../lib/gcc/nios2-elf/4.1.2/../../../../nios2-elf/lib\libc.a(lib_a-sbrkr.o)
 .debug_info    0x000045b9      0x95d c:/altera/12.1/nios2eds/bin/gnu/h-i686-mingw32/bin/../lib/gcc/nios2-elf/4.1.2/../../../../nios2-elf/lib\libc.a(lib_a-wsetup.o)
 .debug_info    0x00004f16      0x9fe c:/altera/12.1/nios2eds/bin/gnu/h-i686-mingw32/bin/../lib/gcc/nios2-elf/4.1.2/../../../../nios2-elf/lib\libc.a(lib_a-fflush.o)
 .debug_info    0x00005914      0xb72 c:/altera/12.1/nios2eds/bin/gnu/h-i686-mingw32/bin/../lib/gcc/nios2-elf/4.1.2/../../../../nios2-elf/lib\libc.a(lib_a-findfp.o)
 .debug_info    0x00006486      0xbc9 c:/altera/12.1/nios2eds/bin/gnu/h-i686-mingw32/bin/../lib/gcc/nios2-elf/4.1.2/../../../../nios2-elf/lib\libc.a(lib_a-freer.o)
 .debug_info    0x0000704f      0xaed c:/altera/12.1/nios2eds/bin/gnu/h-i686-mingw32/bin/../lib/gcc/nios2-elf/4.1.2/../../../../nios2-elf/lib\libc.a(lib_a-fwalk.o)
 .debug_info    0x00007b3c       0x8c c:/altera/12.1/nios2eds/bin/gnu/h-i686-mingw32/bin/../lib/gcc/nios2-elf/4.1.2/../../../../nios2-elf/lib\libc.a(lib_a-int_errno.o)
 .debug_info    0x00007bc8      0xb1a c:/altera/12.1/nios2eds/bin/gnu/h-i686-mingw32/bin/../lib/gcc/nios2-elf/4.1.2/../../../../nios2-elf/lib\libc.a(lib_a-makebuf.o)
 .debug_info    0x000086e2      0x113 c:/altera/12.1/nios2eds/bin/gnu/h-i686-mingw32/bin/../lib/gcc/nios2-elf/4.1.2/../../../../nios2-elf/lib\libc.a(lib_a-memset.o)
 .debug_info    0x000087f5      0xaac c:/altera/12.1/nios2eds/bin/gnu/h-i686-mingw32/bin/../lib/gcc/nios2-elf/4.1.2/../../../../nios2-elf/lib\libc.a(lib_a-stdio.o)
 .debug_info    0x000092a1      0x993 c:/altera/12.1/nios2eds/bin/gnu/h-i686-mingw32/bin/../lib/gcc/nios2-elf/4.1.2/../../../../nios2-elf/lib\libc.a(lib_a-writer.o)
 .debug_info    0x00009c34      0x958 c:/altera/12.1/nios2eds/bin/gnu/h-i686-mingw32/bin/../lib/gcc/nios2-elf/4.1.2/../../../../nios2-elf/lib\libc.a(lib_a-closer.o)
 .debug_info    0x0000a58c      0x994 c:/altera/12.1/nios2eds/bin/gnu/h-i686-mingw32/bin/../lib/gcc/nios2-elf/4.1.2/../../../../nios2-elf/lib\libc.a(lib_a-fclose.o)
 .debug_info    0x0000af20      0xafc c:/altera/12.1/nios2eds/bin/gnu/h-i686-mingw32/bin/../lib/gcc/nios2-elf/4.1.2/../../../../nios2-elf/lib\libc.a(lib_a-fstatr.o)
 .debug_info    0x0000ba1c      0x958 c:/altera/12.1/nios2eds/bin/gnu/h-i686-mingw32/bin/../lib/gcc/nios2-elf/4.1.2/../../../../nios2-elf/lib\libc.a(lib_a-isattyr.o)
 .debug_info    0x0000c374      0x981 c:/altera/12.1/nios2eds/bin/gnu/h-i686-mingw32/bin/../lib/gcc/nios2-elf/4.1.2/../../../../nios2-elf/lib\libc.a(lib_a-lseekr.o)
 .debug_info    0x0000ccf5      0x98c c:/altera/12.1/nios2eds/bin/gnu/h-i686-mingw32/bin/../lib/gcc/nios2-elf/4.1.2/../../../../nios2-elf/lib\libc.a(lib_a-readr.o)
 .debug_info    0x0000d681      0x444 ../hello_world_bsp/\libhal_bsp.a(alt_close.o)
 .debug_info    0x0000dac5      0x65c ../hello_world_bsp/\libhal_bsp.a(alt_dev.o)
 .debug_info    0x0000e121      0x141 ../hello_world_bsp/\libhal_bsp.a(alt_errno.o)
 .debug_info    0x0000e262      0x63d ../hello_world_bsp/\libhal_bsp.a(alt_fstat.o)
 .debug_info    0x0000e89f      0x643 ../hello_world_bsp/\libhal_bsp.a(alt_isatty.o)
 .debug_info    0x0000eee2      0x26a ../hello_world_bsp/\libhal_bsp.a(alt_load.o)
 .debug_info    0x0000f14c      0x477 ../hello_world_bsp/\libhal_bsp.a(alt_lseek.o)
 .debug_info    0x0000f5c3      0x202 ../hello_world_bsp/\libhal_bsp.a(alt_main.o)
 .debug_info    0x0000f7c5      0xbf5 ../hello_world_bsp/\libhal_bsp.a(alt_malloc_lock.o)
 .debug_info    0x000103ba      0x667 ../hello_world_bsp/\libhal_bsp.a(alt_read.o)
 .debug_info    0x00010a21      0x3cf ../hello_world_bsp/\libhal_bsp.a(alt_release_fd.o)
 .debug_info    0x00010df0      0x294 ../hello_world_bsp/\libhal_bsp.a(alt_sbrk.o)
 .debug_info    0x00011084      0x670 ../hello_world_bsp/\libhal_bsp.a(alt_write.o)
 .debug_info    0x000116f4      0x6b3 ../hello_world_bsp/\libhal_bsp.a(alt_sys_init.o)
 .debug_info    0x00011da7      0x7b6 ../hello_world_bsp/\libhal_bsp.a(altera_avalon_jtag_uart_fd.o)
 .debug_info    0x0001255d      0x5de ../hello_world_bsp/\libhal_bsp.a(altera_avalon_jtag_uart_init.o)
 .debug_info    0x00012b3b      0x420 ../hello_world_bsp/\libhal_bsp.a(altera_avalon_jtag_uart_ioctl.o)
 .debug_info    0x00012f5b      0x523 ../hello_world_bsp/\libhal_bsp.a(altera_avalon_jtag_uart_read.o)
 .debug_info    0x0001347e      0x51b ../hello_world_bsp/\libhal_bsp.a(altera_avalon_jtag_uart_write.o)
 .debug_info    0x00013999      0x41f ../hello_world_bsp/\libhal_bsp.a(alt_alarm_start.o)
 .debug_info    0x00013db8      0x14c ../hello_world_bsp/\libhal_bsp.a(alt_dcache_flush_all.o)
 .debug_info    0x00013f04      0x294 ../hello_world_bsp/\libhal_bsp.a(alt_dev_llist_insert.o)
 .debug_info    0x00014198       0xec ../hello_world_bsp/\libhal_bsp.a(alt_do_ctors.o)
 .debug_info    0x00014284       0xeb ../hello_world_bsp/\libhal_bsp.a(alt_do_dtors.o)
 .debug_info    0x0001436f      0x139 ../hello_world_bsp/\libhal_bsp.a(alt_icache_flush_all.o)
 .debug_info    0x000144a8      0x470 ../hello_world_bsp/\libhal_bsp.a(alt_iic.o)
 .debug_info    0x00014918      0x2f1 ../hello_world_bsp/\libhal_bsp.a(alt_iic_isr_register.o)
 .debug_info    0x00014c09      0x672 ../hello_world_bsp/\libhal_bsp.a(alt_io_redirect.o)
 .debug_info    0x0001527b       0x61 ../hello_world_bsp/\libhal_bsp.a(alt_irq_entry.o)
 .debug_info    0x000152dc      0x252 ../hello_world_bsp/\libhal_bsp.a(alt_irq_handler.o)
 .debug_info    0x0001552e      0x144 ../hello_world_bsp/\libhal_bsp.a(alt_irq_vars.o)
 .debug_info    0x00015672      0x502 ../hello_world_bsp/\libhal_bsp.a(alt_open.o)
 .debug_info    0x00015b74      0x3db ../hello_world_bsp/\libhal_bsp.a(alt_tick.o)
 .debug_info    0x00015f4f      0x140 ../hello_world_bsp/\libhal_bsp.a(altera_nios2_qsys_irq.o)
 .debug_info    0x0001608f       0x67 ../hello_world_bsp/\libhal_bsp.a(alt_exception_entry.o)
 .debug_info    0x000160f6      0x3f5 ../hello_world_bsp/\libhal_bsp.a(alt_find_dev.o)
 .debug_info    0x000164eb      0x3fc ../hello_world_bsp/\libhal_bsp.a(alt_find_file.o)
 .debug_info    0x000168e7      0x43d ../hello_world_bsp/\libhal_bsp.a(alt_get_fd.o)
 .debug_info    0x00016d24      0x181 ../hello_world_bsp/\libhal_bsp.a(alt_icache_flush.o)
 .debug_info    0x00016ea5      0x181 c:/altera/12.1/nios2eds/bin/gnu/h-i686-mingw32/bin/../lib/gcc/nios2-elf/4.1.2/../../../../nios2-elf/lib\libc.a(lib_a-atexit.o)
 .debug_info    0x00017026      0x93f c:/altera/12.1/nios2eds/bin/gnu/h-i686-mingw32/bin/../lib/gcc/nios2-elf/4.1.2/../../../../nios2-elf/lib\libc.a(lib_a-exit.o)
 .debug_info    0x00017965      0x115 c:/altera/12.1/nios2eds/bin/gnu/h-i686-mingw32/bin/../lib/gcc/nios2-elf/4.1.2/../../../../nios2-elf/lib\libc.a(lib_a-memcmp.o)
 .debug_info    0x00017a7a      0x99c c:/altera/12.1/nios2eds/bin/gnu/h-i686-mingw32/bin/../lib/gcc/nios2-elf/4.1.2/../../../../nios2-elf/lib\libc.a(lib_a-__atexit.o)
 .debug_info    0x00018416      0x9e2 c:/altera/12.1/nios2eds/bin/gnu/h-i686-mingw32/bin/../lib/gcc/nios2-elf/4.1.2/../../../../nios2-elf/lib\libc.a(lib_a-__call_atexit.o)
 .debug_info    0x00018df8      0x16a ../hello_world_bsp/\libhal_bsp.a(alt_exit.o)

.debug_abbrev   0x00000000     0x4de3
 *(.debug_abbrev)
 .debug_abbrev  0x00000000       0x12 ../hello_world_bsp//obj/HAL/src/crt0.o
 .debug_abbrev  0x00000012       0x3f obj/default/hello_world.o
 .debug_abbrev  0x00000051      0x1ac c:/altera/12.1/nios2eds/bin/gnu/h-i686-mingw32/bin/../lib/gcc/nios2-elf/4.1.2/../../../../nios2-elf/lib\libc.a(lib_a-puts.o)
 .debug_abbrev  0x000001fd       0x8b c:/altera/12.1/nios2eds/bin/gnu/h-i686-mingw32/bin/../lib/gcc/nios2-elf/4.1.2/../../../../nios2-elf/lib\libc.a(lib_a-strlen.o)
 .debug_abbrev  0x00000288      0x1a3 c:/altera/12.1/nios2eds/bin/gnu/h-i686-mingw32/bin/../lib/gcc/nios2-elf/4.1.2/../../../../nios2-elf/lib\libc.a(lib_a-fvwrite.o)
 .debug_abbrev  0x0000042b      0x157 c:/altera/12.1/nios2eds/bin/gnu/h-i686-mingw32/bin/../lib/gcc/nios2-elf/4.1.2/../../../../nios2-elf/lib\libc.a(lib_a-impure.o)
 .debug_abbrev  0x00000582      0x216 c:/altera/12.1/nios2eds/bin/gnu/h-i686-mingw32/bin/../lib/gcc/nios2-elf/4.1.2/../../../../nios2-elf/lib\libc.a(lib_a-mallocr.o)
 .debug_abbrev  0x00000798       0xb5 c:/altera/12.1/nios2eds/bin/gnu/h-i686-mingw32/bin/../lib/gcc/nios2-elf/4.1.2/../../../../nios2-elf/lib\libc.a(lib_a-memchr.o)
 .debug_abbrev  0x0000084d       0xb5 c:/altera/12.1/nios2eds/bin/gnu/h-i686-mingw32/bin/../lib/gcc/nios2-elf/4.1.2/../../../../nios2-elf/lib\libc.a(lib_a-memcpy.o)
 .debug_abbrev  0x00000902       0xb5 c:/altera/12.1/nios2eds/bin/gnu/h-i686-mingw32/bin/../lib/gcc/nios2-elf/4.1.2/../../../../nios2-elf/lib\libc.a(lib_a-memmove.o)
 .debug_abbrev  0x000009b7      0x1c3 c:/altera/12.1/nios2eds/bin/gnu/h-i686-mingw32/bin/../lib/gcc/nios2-elf/4.1.2/../../../../nios2-elf/lib\libc.a(lib_a-reallocr.o)
 .debug_abbrev  0x00000b7a      0x18c c:/altera/12.1/nios2eds/bin/gnu/h-i686-mingw32/bin/../lib/gcc/nios2-elf/4.1.2/../../../../nios2-elf/lib\libc.a(lib_a-sbrkr.o)
 .debug_abbrev  0x00000d06      0x170 c:/altera/12.1/nios2eds/bin/gnu/h-i686-mingw32/bin/../lib/gcc/nios2-elf/4.1.2/../../../../nios2-elf/lib\libc.a(lib_a-wsetup.o)
 .debug_abbrev  0x00000e76      0x1c6 c:/altera/12.1/nios2eds/bin/gnu/h-i686-mingw32/bin/../lib/gcc/nios2-elf/4.1.2/../../../../nios2-elf/lib\libc.a(lib_a-fflush.o)
 .debug_abbrev  0x0000103c      0x24c c:/altera/12.1/nios2eds/bin/gnu/h-i686-mingw32/bin/../lib/gcc/nios2-elf/4.1.2/../../../../nios2-elf/lib\libc.a(lib_a-findfp.o)
 .debug_abbrev  0x00001288      0x1d9 c:/altera/12.1/nios2eds/bin/gnu/h-i686-mingw32/bin/../lib/gcc/nios2-elf/4.1.2/../../../../nios2-elf/lib\libc.a(lib_a-freer.o)
 .debug_abbrev  0x00001461      0x1e3 c:/altera/12.1/nios2eds/bin/gnu/h-i686-mingw32/bin/../lib/gcc/nios2-elf/4.1.2/../../../../nios2-elf/lib\libc.a(lib_a-fwalk.o)
 .debug_abbrev  0x00001644       0x3b c:/altera/12.1/nios2eds/bin/gnu/h-i686-mingw32/bin/../lib/gcc/nios2-elf/4.1.2/../../../../nios2-elf/lib\libc.a(lib_a-int_errno.o)
 .debug_abbrev  0x0000167f      0x197 c:/altera/12.1/nios2eds/bin/gnu/h-i686-mingw32/bin/../lib/gcc/nios2-elf/4.1.2/../../../../nios2-elf/lib\libc.a(lib_a-makebuf.o)
 .debug_abbrev  0x00001816       0xb8 c:/altera/12.1/nios2eds/bin/gnu/h-i686-mingw32/bin/../lib/gcc/nios2-elf/4.1.2/../../../../nios2-elf/lib\libc.a(lib_a-memset.o)
 .debug_abbrev  0x000018ce      0x1c9 c:/altera/12.1/nios2eds/bin/gnu/h-i686-mingw32/bin/../lib/gcc/nios2-elf/4.1.2/../../../../nios2-elf/lib\libc.a(lib_a-stdio.o)
 .debug_abbrev  0x00001a97      0x184 c:/altera/12.1/nios2eds/bin/gnu/h-i686-mingw32/bin/../lib/gcc/nios2-elf/4.1.2/../../../../nios2-elf/lib\libc.a(lib_a-writer.o)
 .debug_abbrev  0x00001c1b      0x17f c:/altera/12.1/nios2eds/bin/gnu/h-i686-mingw32/bin/../lib/gcc/nios2-elf/4.1.2/../../../../nios2-elf/lib\libc.a(lib_a-closer.o)
 .debug_abbrev  0x00001d9a      0x1a7 c:/altera/12.1/nios2eds/bin/gnu/h-i686-mingw32/bin/../lib/gcc/nios2-elf/4.1.2/../../../../nios2-elf/lib\libc.a(lib_a-fclose.o)
 .debug_abbrev  0x00001f41      0x18e c:/altera/12.1/nios2eds/bin/gnu/h-i686-mingw32/bin/../lib/gcc/nios2-elf/4.1.2/../../../../nios2-elf/lib\libc.a(lib_a-fstatr.o)
 .debug_abbrev  0x000020cf      0x17f c:/altera/12.1/nios2eds/bin/gnu/h-i686-mingw32/bin/../lib/gcc/nios2-elf/4.1.2/../../../../nios2-elf/lib\libc.a(lib_a-isattyr.o)
 .debug_abbrev  0x0000224e      0x18e c:/altera/12.1/nios2eds/bin/gnu/h-i686-mingw32/bin/../lib/gcc/nios2-elf/4.1.2/../../../../nios2-elf/lib\libc.a(lib_a-lseekr.o)
 .debug_abbrev  0x000023dc      0x17f c:/altera/12.1/nios2eds/bin/gnu/h-i686-mingw32/bin/../lib/gcc/nios2-elf/4.1.2/../../../../nios2-elf/lib\libc.a(lib_a-readr.o)
 .debug_abbrev  0x0000255b       0xfb ../hello_world_bsp/\libhal_bsp.a(alt_close.o)
 .debug_abbrev  0x00002656       0xc7 ../hello_world_bsp/\libhal_bsp.a(alt_dev.o)
 .debug_abbrev  0x0000271d       0x5e ../hello_world_bsp/\libhal_bsp.a(alt_errno.o)
 .debug_abbrev  0x0000277b       0xfb ../hello_world_bsp/\libhal_bsp.a(alt_fstat.o)
 .debug_abbrev  0x00002876       0xfb ../hello_world_bsp/\libhal_bsp.a(alt_isatty.o)
 .debug_abbrev  0x00002971       0x88 ../hello_world_bsp/\libhal_bsp.a(alt_load.o)
 .debug_abbrev  0x000029f9       0xfb ../hello_world_bsp/\libhal_bsp.a(alt_lseek.o)
 .debug_abbrev  0x00002af4       0xb7 ../hello_world_bsp/\libhal_bsp.a(alt_main.o)
 .debug_abbrev  0x00002bab      0x181 ../hello_world_bsp/\libhal_bsp.a(alt_malloc_lock.o)
 .debug_abbrev  0x00002d2c       0xfb ../hello_world_bsp/\libhal_bsp.a(alt_read.o)
 .debug_abbrev  0x00002e27       0xc1 ../hello_world_bsp/\libhal_bsp.a(alt_release_fd.o)
 .debug_abbrev  0x00002ee8      0x115 ../hello_world_bsp/\libhal_bsp.a(alt_sbrk.o)
 .debug_abbrev  0x00002ffd      0x100 ../hello_world_bsp/\libhal_bsp.a(alt_write.o)
 .debug_abbrev  0x000030fd      0x142 ../hello_world_bsp/\libhal_bsp.a(alt_sys_init.o)
 .debug_abbrev  0x0000323f       0xf7 ../hello_world_bsp/\libhal_bsp.a(altera_avalon_jtag_uart_fd.o)
 .debug_abbrev  0x00003336      0x17c ../hello_world_bsp/\libhal_bsp.a(altera_avalon_jtag_uart_init.o)
 .debug_abbrev  0x000034b2       0xf0 ../hello_world_bsp/\libhal_bsp.a(altera_avalon_jtag_uart_ioctl.o)
 .debug_abbrev  0x000035a2      0x191 ../hello_world_bsp/\libhal_bsp.a(altera_avalon_jtag_uart_read.o)
 .debug_abbrev  0x00003733      0x18d ../hello_world_bsp/\libhal_bsp.a(altera_avalon_jtag_uart_write.o)
 .debug_abbrev  0x000038c0      0x172 ../hello_world_bsp/\libhal_bsp.a(alt_alarm_start.o)
 .debug_abbrev  0x00003a32       0x57 ../hello_world_bsp/\libhal_bsp.a(alt_dcache_flush_all.o)
 .debug_abbrev  0x00003a89       0xf6 ../hello_world_bsp/\libhal_bsp.a(alt_dev_llist_insert.o)
 .debug_abbrev  0x00003b7f       0x76 ../hello_world_bsp/\libhal_bsp.a(alt_do_ctors.o)
 .debug_abbrev  0x00003bf5       0x76 ../hello_world_bsp/\libhal_bsp.a(alt_do_dtors.o)
 .debug_abbrev  0x00003c6b       0x3f ../hello_world_bsp/\libhal_bsp.a(alt_icache_flush_all.o)
 .debug_abbrev  0x00003caa      0x134 ../hello_world_bsp/\libhal_bsp.a(alt_iic.o)
 .debug_abbrev  0x00003dde      0x14e ../hello_world_bsp/\libhal_bsp.a(alt_iic_isr_register.o)
 .debug_abbrev  0x00003f2c       0xf0 ../hello_world_bsp/\libhal_bsp.a(alt_io_redirect.o)
 .debug_abbrev  0x0000401c       0x12 ../hello_world_bsp/\libhal_bsp.a(alt_irq_entry.o)
 .debug_abbrev  0x0000402e      0x10c ../hello_world_bsp/\libhal_bsp.a(alt_irq_handler.o)
 .debug_abbrev  0x0000413a       0x44 ../hello_world_bsp/\libhal_bsp.a(alt_irq_vars.o)
 .debug_abbrev  0x0000417e      0x112 ../hello_world_bsp/\libhal_bsp.a(alt_open.o)
 .debug_abbrev  0x00004290      0x150 ../hello_world_bsp/\libhal_bsp.a(alt_tick.o)
 .debug_abbrev  0x000043e0       0x3f ../hello_world_bsp/\libhal_bsp.a(altera_nios2_qsys_irq.o)
 .debug_abbrev  0x0000441f       0x12 ../hello_world_bsp/\libhal_bsp.a(alt_exception_entry.o)
 .debug_abbrev  0x00004431       0xcf ../hello_world_bsp/\libhal_bsp.a(alt_find_dev.o)
 .debug_abbrev  0x00004500       0xcf ../hello_world_bsp/\libhal_bsp.a(alt_find_file.o)
 .debug_abbrev  0x000045cf       0xfb ../hello_world_bsp/\libhal_bsp.a(alt_get_fd.o)
 .debug_abbrev  0x000046ca       0x7a ../hello_world_bsp/\libhal_bsp.a(alt_icache_flush.o)
 .debug_abbrev  0x00004744       0xb7 c:/altera/12.1/nios2eds/bin/gnu/h-i686-mingw32/bin/../lib/gcc/nios2-elf/4.1.2/../../../../nios2-elf/lib\libc.a(lib_a-atexit.o)
 .debug_abbrev  0x000047fb      0x16e c:/altera/12.1/nios2eds/bin/gnu/h-i686-mingw32/bin/../lib/gcc/nios2-elf/4.1.2/../../../../nios2-elf/lib\libc.a(lib_a-exit.o)
 .debug_abbrev  0x00004969       0x7c c:/altera/12.1/nios2eds/bin/gnu/h-i686-mingw32/bin/../lib/gcc/nios2-elf/4.1.2/../../../../nios2-elf/lib\libc.a(lib_a-memcmp.o)
 .debug_abbrev  0x000049e5      0x1ae c:/altera/12.1/nios2eds/bin/gnu/h-i686-mingw32/bin/../lib/gcc/nios2-elf/4.1.2/../../../../nios2-elf/lib\libc.a(lib_a-__atexit.o)
 .debug_abbrev  0x00004b93      0x1de c:/altera/12.1/nios2eds/bin/gnu/h-i686-mingw32/bin/../lib/gcc/nios2-elf/4.1.2/../../../../nios2-elf/lib\libc.a(lib_a-__call_atexit.o)
 .debug_abbrev  0x00004d71       0x72 ../hello_world_bsp/\libhal_bsp.a(alt_exit.o)

.debug_line     0x00000000     0xc38e
 *(.debug_line)
 .debug_line    0x00000000       0x72 ../hello_world_bsp//obj/HAL/src/crt0.o
 .debug_line    0x00000072      0x1c4 obj/default/hello_world.o
 .debug_line    0x00000236      0x2f1 c:/altera/12.1/nios2eds/bin/gnu/h-i686-mingw32/bin/../lib/gcc/nios2-elf/4.1.2/../../../../nios2-elf/lib\libc.a(lib_a-puts.o)
 .debug_line    0x00000527      0x264 c:/altera/12.1/nios2eds/bin/gnu/h-i686-mingw32/bin/../lib/gcc/nios2-elf/4.1.2/../../../../nios2-elf/lib\libc.a(lib_a-strlen.o)
 .debug_line    0x0000078b      0x63b c:/altera/12.1/nios2eds/bin/gnu/h-i686-mingw32/bin/../lib/gcc/nios2-elf/4.1.2/../../../../nios2-elf/lib\libc.a(lib_a-fvwrite.o)
 .debug_line    0x00000dc6      0x224 c:/altera/12.1/nios2eds/bin/gnu/h-i686-mingw32/bin/../lib/gcc/nios2-elf/4.1.2/../../../../nios2-elf/lib\libc.a(lib_a-impure.o)
 .debug_line    0x00000fea      0x804 c:/altera/12.1/nios2eds/bin/gnu/h-i686-mingw32/bin/../lib/gcc/nios2-elf/4.1.2/../../../../nios2-elf/lib\libc.a(lib_a-mallocr.o)
 .debug_line    0x000017ee      0x2fa c:/altera/12.1/nios2eds/bin/gnu/h-i686-mingw32/bin/../lib/gcc/nios2-elf/4.1.2/../../../../nios2-elf/lib\libc.a(lib_a-memchr.o)
 .debug_line    0x00001ae8      0x1a9 c:/altera/12.1/nios2eds/bin/gnu/h-i686-mingw32/bin/../lib/gcc/nios2-elf/4.1.2/../../../../nios2-elf/lib\libc.a(lib_a-memcpy.o)
 .debug_line    0x00001c91      0x301 c:/altera/12.1/nios2eds/bin/gnu/h-i686-mingw32/bin/../lib/gcc/nios2-elf/4.1.2/../../../../nios2-elf/lib\libc.a(lib_a-memmove.o)
 .debug_line    0x00001f92      0x584 c:/altera/12.1/nios2eds/bin/gnu/h-i686-mingw32/bin/../lib/gcc/nios2-elf/4.1.2/../../../../nios2-elf/lib\libc.a(lib_a-reallocr.o)
 .debug_line    0x00002516      0x290 c:/altera/12.1/nios2eds/bin/gnu/h-i686-mingw32/bin/../lib/gcc/nios2-elf/4.1.2/../../../../nios2-elf/lib\libc.a(lib_a-sbrkr.o)
 .debug_line    0x000027a6      0x2ea c:/altera/12.1/nios2eds/bin/gnu/h-i686-mingw32/bin/../lib/gcc/nios2-elf/4.1.2/../../../../nios2-elf/lib\libc.a(lib_a-wsetup.o)
 .debug_line    0x00002a90      0x407 c:/altera/12.1/nios2eds/bin/gnu/h-i686-mingw32/bin/../lib/gcc/nios2-elf/4.1.2/../../../../nios2-elf/lib\libc.a(lib_a-fflush.o)
 .debug_line    0x00002e97      0x5fb c:/altera/12.1/nios2eds/bin/gnu/h-i686-mingw32/bin/../lib/gcc/nios2-elf/4.1.2/../../../../nios2-elf/lib\libc.a(lib_a-findfp.o)
 .debug_line    0x00003492      0x5e5 c:/altera/12.1/nios2eds/bin/gnu/h-i686-mingw32/bin/../lib/gcc/nios2-elf/4.1.2/../../../../nios2-elf/lib\libc.a(lib_a-freer.o)
 .debug_line    0x00003a77      0x344 c:/altera/12.1/nios2eds/bin/gnu/h-i686-mingw32/bin/../lib/gcc/nios2-elf/4.1.2/../../../../nios2-elf/lib\libc.a(lib_a-fwalk.o)
 .debug_line    0x00003dbb      0x1d9 c:/altera/12.1/nios2eds/bin/gnu/h-i686-mingw32/bin/../lib/gcc/nios2-elf/4.1.2/../../../../nios2-elf/lib\libc.a(lib_a-int_errno.o)
 .debug_line    0x00003f94      0x3bd c:/altera/12.1/nios2eds/bin/gnu/h-i686-mingw32/bin/../lib/gcc/nios2-elf/4.1.2/../../../../nios2-elf/lib\libc.a(lib_a-makebuf.o)
 .debug_line    0x00004351      0x2f8 c:/altera/12.1/nios2eds/bin/gnu/h-i686-mingw32/bin/../lib/gcc/nios2-elf/4.1.2/../../../../nios2-elf/lib\libc.a(lib_a-memset.o)
 .debug_line    0x00004649      0x386 c:/altera/12.1/nios2eds/bin/gnu/h-i686-mingw32/bin/../lib/gcc/nios2-elf/4.1.2/../../../../nios2-elf/lib\libc.a(lib_a-stdio.o)
 .debug_line    0x000049cf      0x291 c:/altera/12.1/nios2eds/bin/gnu/h-i686-mingw32/bin/../lib/gcc/nios2-elf/4.1.2/../../../../nios2-elf/lib\libc.a(lib_a-writer.o)
 .debug_line    0x00004c60      0x291 c:/altera/12.1/nios2eds/bin/gnu/h-i686-mingw32/bin/../lib/gcc/nios2-elf/4.1.2/../../../../nios2-elf/lib\libc.a(lib_a-closer.o)
 .debug_line    0x00004ef1      0x2e2 c:/altera/12.1/nios2eds/bin/gnu/h-i686-mingw32/bin/../lib/gcc/nios2-elf/4.1.2/../../../../nios2-elf/lib\libc.a(lib_a-fclose.o)