Archive member included because of file (symbol)

c:/altera/12.1/nios2eds/bin/gnu/h-i686-mingw32/bin/../lib/gcc/nios2-elf/4.1.2/../../../../nios2-elf/lib\libc.a(lib_a-printf.o)
                              obj/default/main/main.o (printf)
c:/altera/12.1/nios2eds/bin/gnu/h-i686-mingw32/bin/../lib/gcc/nios2-elf/4.1.2/../../../../nios2-elf/lib\libc.a(lib_a-puts.o)
                              obj/default/main/main.o (puts)
c:/altera/12.1/nios2eds/bin/gnu/h-i686-mingw32/bin/../lib/gcc/nios2-elf/4.1.2/../../../../nios2-elf/lib\libc.a(lib_a-strlen.o)
                              c:/altera/12.1/nios2eds/bin/gnu/h-i686-mingw32/bin/../lib/gcc/nios2-elf/4.1.2/../../../../nios2-elf/lib\libc.a(lib_a-puts.o) (strlen)
c:/altera/12.1/nios2eds/bin/gnu/h-i686-mingw32/bin/../lib/gcc/nios2-elf/4.1.2/../../../../nios2-elf/lib\libc.a(lib_a-vfprintf.o)
                              c:/altera/12.1/nios2eds/bin/gnu/h-i686-mingw32/bin/../lib/gcc/nios2-elf/4.1.2/../../../../nios2-elf/lib\libc.a(lib_a-printf.o) (___vfprintf_internal_r)
c:/altera/12.1/nios2eds/bin/gnu/h-i686-mingw32/bin/../lib/gcc/nios2-elf/4.1.2/../../../../nios2-elf/lib\libc.a(lib_a-wsetup.o)
                              c:/altera/12.1/nios2eds/bin/gnu/h-i686-mingw32/bin/../lib/gcc/nios2-elf/4.1.2/../../../../nios2-elf/lib\libc.a(lib_a-vfprintf.o) (__swsetup_r)
c:/altera/12.1/nios2eds/bin/gnu/h-i686-mingw32/bin/../lib/gcc/nios2-elf/4.1.2/../../../../nios2-elf/lib\libc.a(lib_a-dtoa.o)
                              c:/altera/12.1/nios2eds/bin/gnu/h-i686-mingw32/bin/../lib/gcc/nios2-elf/4.1.2/../../../../nios2-elf/lib\libc.a(lib_a-vfprintf.o) (_dtoa_r)
c:/altera/12.1/nios2eds/bin/gnu/h-i686-mingw32/bin/../lib/gcc/nios2-elf/4.1.2/../../../../nios2-elf/lib\libc.a(lib_a-fflush.o)
                              c:/altera/12.1/nios2eds/bin/gnu/h-i686-mingw32/bin/../lib/gcc/nios2-elf/4.1.2/../../../../nios2-elf/lib\libc.a(lib_a-vfprintf.o) (_fflush_r)
c:/altera/12.1/nios2eds/bin/gnu/h-i686-mingw32/bin/../lib/gcc/nios2-elf/4.1.2/../../../../nios2-elf/lib\libc.a(lib_a-findfp.o)
                              c:/altera/12.1/nios2eds/bin/gnu/h-i686-mingw32/bin/../lib/gcc/nios2-elf/4.1.2/../../../../nios2-elf/lib\libc.a(lib_a-vfprintf.o) (__sinit)
c:/altera/12.1/nios2eds/bin/gnu/h-i686-mingw32/bin/../lib/gcc/nios2-elf/4.1.2/../../../../nios2-elf/lib\libc.a(lib_a-freer.o)
                              c:/altera/12.1/nios2eds/bin/gnu/h-i686-mingw32/bin/../lib/gcc/nios2-elf/4.1.2/../../../../nios2-elf/lib\libc.a(lib_a-wsetup.o) (_free_r)
c:/altera/12.1/nios2eds/bin/gnu/h-i686-mingw32/bin/../lib/gcc/nios2-elf/4.1.2/../../../../nios2-elf/lib\libc.a(lib_a-fvwrite.o)
                              c:/altera/12.1/nios2eds/bin/gnu/h-i686-mingw32/bin/../lib/gcc/nios2-elf/4.1.2/../../../../nios2-elf/lib\libc.a(lib_a-puts.o) (__sfvwrite_r)
c:/altera/12.1/nios2eds/bin/gnu/h-i686-mingw32/bin/../lib/gcc/nios2-elf/4.1.2/../../../../nios2-elf/lib\libc.a(lib_a-fwalk.o)
                              c:/altera/12.1/nios2eds/bin/gnu/h-i686-mingw32/bin/../lib/gcc/nios2-elf/4.1.2/../../../../nios2-elf/lib\libc.a(lib_a-fflush.o) (_fwalk_reent)
c:/altera/12.1/nios2eds/bin/gnu/h-i686-mingw32/bin/../lib/gcc/nios2-elf/4.1.2/../../../../nios2-elf/lib\libc.a(lib_a-impure.o)
                              c:/altera/12.1/nios2eds/bin/gnu/h-i686-mingw32/bin/../lib/gcc/nios2-elf/4.1.2/../../../../nios2-elf/lib\libc.a(lib_a-printf.o) (_impure_ptr)
c:/altera/12.1/nios2eds/bin/gnu/h-i686-mingw32/bin/../lib/gcc/nios2-elf/4.1.2/../../../../nios2-elf/lib\libc.a(lib_a-locale.o)
                              c:/altera/12.1/nios2eds/bin/gnu/h-i686-mingw32/bin/../lib/gcc/nios2-elf/4.1.2/../../../../nios2-elf/lib\libc.a(lib_a-vfprintf.o) (_localeconv_r)
c:/altera/12.1/nios2eds/bin/gnu/h-i686-mingw32/bin/../lib/gcc/nios2-elf/4.1.2/../../../../nios2-elf/lib\libc.a(lib_a-makebuf.o)
                              c:/altera/12.1/nios2eds/bin/gnu/h-i686-mingw32/bin/../lib/gcc/nios2-elf/4.1.2/../../../../nios2-elf/lib\libc.a(lib_a-wsetup.o) (__smakebuf_r)
c:/altera/12.1/nios2eds/bin/gnu/h-i686-mingw32/bin/../lib/gcc/nios2-elf/4.1.2/../../../../nios2-elf/lib\libc.a(lib_a-mallocr.o)
                              c:/altera/12.1/nios2eds/bin/gnu/h-i686-mingw32/bin/../lib/gcc/nios2-elf/4.1.2/../../../../nios2-elf/lib\libc.a(lib_a-findfp.o) (_malloc_r)
c:/altera/12.1/nios2eds/bin/gnu/h-i686-mingw32/bin/../lib/gcc/nios2-elf/4.1.2/../../../../nios2-elf/lib\libc.a(lib_a-memchr.o)
                              c:/altera/12.1/nios2eds/bin/gnu/h-i686-mingw32/bin/../lib/gcc/nios2-elf/4.1.2/../../../../nios2-elf/lib\libc.a(lib_a-vfprintf.o) (memchr)
c:/altera/12.1/nios2eds/bin/gnu/h-i686-mingw32/bin/../lib/gcc/nios2-elf/4.1.2/../../../../nios2-elf/lib\libc.a(lib_a-memcpy.o)
                              c:/altera/12.1/nios2eds/bin/gnu/h-i686-mingw32/bin/../lib/gcc/nios2-elf/4.1.2/../../../../nios2-elf/lib\libc.a(lib_a-dtoa.o) (memcpy)
[...]
Memory Configuration

Name             Origin             Length             Attributes
sdram_BEFORE_EXCEPTION 0x02000000         0x00000020
sdram            0x02000020         0x01ffffe0
reset            0x04001000         0x00000020
epcs_flash       0x04001020         0x000007e0
*default*        0x00000000         0xffffffff

Linker script and memory map

LOAD ../eeprom_test_bsp//obj/HAL/src/crt0.o
LOAD obj/default/driver/iic.o
LOAD obj/default/main/main.o
LOAD c:/altera/12.1/nios2eds/bin/gnu/h-i686-mingw32/bin/../lib/gcc/nios2-elf/4.1.2/../../../../nios2-elf/lib\libstdc++.a
LOAD c:/altera/12.1/nios2eds/bin/gnu/h-i686-mingw32/bin/../lib/gcc/nios2-elf/4.1.2/../../../../nios2-elf/lib\libm.a
LOAD c:/altera/12.1/nios2eds/bin/gnu/h-i686-mingw32/bin/../lib/gcc/nios2-elf/4.1.2\libgcc.a
START GROUP
LOAD c:/altera/12.1/nios2eds/bin/gnu/h-i686-mingw32/bin/../lib/gcc/nios2-elf/4.1.2/../../../../nios2-elf/lib\libc.a
LOAD c:/altera/12.1/nios2eds/bin/gnu/h-i686-mingw32/bin/../lib/gcc/nios2-elf/4.1.2\libgcc.a
LOAD ../eeprom_test_bsp/\libhal_bsp.a
END GROUP
LOAD c:/altera/12.1/nios2eds/bin/gnu/h-i686-mingw32/bin/../lib/gcc/nios2-elf/4.1.2\libgcc.a
                0x02000000                __alt_mem_sdram = 0x2000000
                0x04001000                __alt_mem_epcs_flash = 0x4001000

.entry          0x04001000        0x0
 *(.entry)
 .entry         0x04001000        0x0 ../eeprom_test_bsp//obj/HAL/src/crt0.o
                0x04001000                __reset

.exceptions     0x02000020      0x194
                0x02000020                PROVIDE (__ram_exceptions_start, ABSOLUTE (.))
                0x02000020                . = ALIGN (0x20)
 *(.irq)
 *(.exceptions.entry.label)
 .exceptions.entry.label
                0x02000020        0x0 ../eeprom_test_bsp/\libhal_bsp.a(alt_irq_entry.o)
                0x02000020                alt_irq_entry
 .exceptions.entry.label
                0x02000020        0x0 ../eeprom_test_bsp/\libhal_bsp.a(alt_exception_entry.o)
                0x02000020                alt_exception
 *(.exceptions.entry.user)
 *(.exceptions.entry)
 .exceptions.entry
                0x02000020       0x54 ../eeprom_test_bsp/\libhal_bsp.a(alt_exception_entry.o)
 *(.exceptions.irqtest.user)
 *(.exceptions.irqtest)
 .exceptions.irqtest
                0x02000074       0x10 ../eeprom_test_bsp/\libhal_bsp.a(alt_irq_entry.o)
 *(.exceptions.irqhandler.user)
 *(.exceptions.irqhandler)
 .exceptions.irqhandler
                0x02000084        0x4 ../eeprom_test_bsp/\libhal_bsp.a(alt_irq_entry.o)
 *(.exceptions.irqreturn.user)
 *(.exceptions.irqreturn)
 .exceptions.irqreturn
                0x02000088        0x4 ../eeprom_test_bsp/\libhal_bsp.a(alt_irq_entry.o)
 *(.exceptions.notirq.label)
 .exceptions.notirq.label
                0x0200008c        0x0 ../eeprom_test_bsp/\libhal_bsp.a(alt_irq_entry.o)
 *(.exceptions.notirq.user)
 *(.exceptions.notirq)
 .exceptions.notirq
                0x0200008c        0x8 ../eeprom_test_bsp/\libhal_bsp.a(alt_exception_entry.o)
 *(.exceptions.soft.user)
 *(.exceptions.soft)
 *(.exceptions.unknown.user)
 *(.exceptions.unknown)
 .exceptions.unknown
                0x02000094        0x4 ../eeprom_test_bsp/\libhal_bsp.a(alt_exception_entry.o)
 *(.exceptions.exit.label)
 .exceptions.exit.label
                0x02000098        0x0 ../eeprom_test_bsp/\libhal_bsp.a(alt_irq_entry.o)
 .exceptions.exit.label
                0x02000098        0x0 ../eeprom_test_bsp/\libhal_bsp.a(alt_exception_entry.o)
 *(.exceptions.exit.user)
 *(.exceptions.exit)
 .exceptions.exit
                0x02000098       0x54 ../eeprom_test_bsp/\libhal_bsp.a(alt_exception_entry.o)
 *(.exceptions)
 .exceptions    0x020000ec       0xc8 ../eeprom_test_bsp/\libhal_bsp.a(alt_irq_handler.o)
                0x020000ec                alt_irq_handler
                0x020001b4                PROVIDE (__ram_exceptions_end, ABSOLUTE (.))
                0x02000020                PROVIDE (__flash_exceptions_start, LOADADDR (.exceptions))

.text           0x020001b4     0xe578
                0x020001b4                PROVIDE (stext, ABSOLUTE (.))
 *(.interp)
 *(.hash)
 *(.dynsym)
 *(.dynstr)
 *(.gnu.version)
 *(.gnu.version_d)
 *(.gnu.version_r)
 *(.rel.init)
 *(.rela.init)
 *(.rel.text .rel.text.* .rel.gnu.linkonce.t.*)
 *(.rela.text .rela.text.* .rela.gnu.linkonce.t.*)
 *(.rel.fini)
 *(.rela.fini)
 *(.rel.rodata .rel.rodata.* .rel.gnu.linkonce.r.*)
 *(.rela.rodata .rela.rodata.* .rela.gnu.linkonce.r.*)
 *(.rel.data .rel.data.* .rel.gnu.linkonce.d.*)
 *(.rela.data .rela.data.* .rela.gnu.linkonce.d.*)
 *(.rel.tdata .rel.tdata.* .rel.gnu.linkonce.td.*)
 *(.rela.tdata .rela.tdata.* .rela.gnu.linkonce.td.*)
 *(.rel.tbss .rel.tbss.* .rel.gnu.linkonce.tb.*)
 *(.rela.tbss .rela.tbss.* .rela.gnu.linkonce.tb.*)
 *(.rel.ctors)
 *(.rela.ctors)
 *(.rel.dtors)
 *(.rela.dtors)
 *(.rel.got)
 *(.rela.got)
 *(.rel.sdata .rel.sdata.* .rel.gnu.linkonce.s.*)
 *(.rela.sdata .rela.sdata.* .rela.gnu.linkonce.s.*)
 *(.rel.sbss .rel.sbss.* .rel.gnu.linkonce.sb.*)
 *(.rela.sbss .rela.sbss.* .rela.gnu.linkonce.sb.*)
 *(.rel.sdata2 .rel.sdata2.* .rel.gnu.linkonce.s2.*)
 *(.rela.sdata2 .rela.sdata2.* .rela.gnu.linkonce.s2.*)
 *(.rel.sbss2 .rel.sbss2.* .rel.gnu.linkonce.sb2.*)
 *(.rela.sbss2 .rela.sbss2.* .rela.gnu.linkonce.sb2.*)
 *(.rel.bss .rel.bss.* .rel.gnu.linkonce.b.*)
 *(.rela.bss .rela.bss.* .rela.gnu.linkonce.b.*)
 *(.rel.plt)
 *(.rela.plt)
 *(.rel.dyn)
 *(.init)
 *(.plt)
 *(.text .stub .text.* .gnu.linkonce.t.*)
 .text          0x020001b4       0x48 ../eeprom_test_bsp//obj/HAL/src/crt0.o
                0x020001b4                _start
 .text          0x020001fc      0x450 obj/default/driver/iic.o
                0x02000384                iic_write
 .text          0x0200064c      0x1e4 obj/default/main/main.o
                0x0200064c                main
 .text          0x02000830       0x78 c:/altera/12.1/nios2eds/bin/gnu/h-i686-mingw32/bin/../lib/gcc/nios2-elf/4.1.2/../../../../nios2-elf/lib\libc.a(lib_a-printf.o)
                0x02000830                printf
                0x02000874                _printf_r
 .text          0x020008a8       0xb4 c:/altera/12.1/nios2eds/bin/gnu/h-i686-mingw32/bin/../lib/gcc/nios2-elf/4.1.2/../../../../nios2-elf/lib\libc.a(lib_a-puts.o)
                0x020008a8                _puts_r
                0x02000948                puts
 .text          0x0200095c       0x74 c:/altera/12.1/nios2eds/bin/gnu/h-i686-mingw32/bin/../lib/gcc/nios2-elf/4.1.2/../../../../nios2-elf/lib\libc.a(lib_a-strlen.o)
                0x0200095c                strlen
 .text          0x020009d0     0x1f28 c:/altera/12.1/nios2eds/bin/gnu/h-i686-mingw32/bin/../lib/gcc/nios2-elf/4.1.2/../../../../nios2-elf/lib\libc.a(lib_a-vfprintf.o)
                0x02000a28                ___vfprintf_internal_r
                0x020028d4                __vfprintf_internal
 .text          0x020028f8      0x13c c:/altera/12.1/nios2eds/bin/gnu/h-i686-mingw32/bin/../lib/gcc/nios2-elf/4.1.2/../../../../nios2-elf/lib\libc.a(lib_a-wsetup.o)
                0x020028f8                __swsetup_r
 .text          0x02002a34     0x17cc c:/altera/12.1/nios2eds/bin/gnu/h-i686-mingw32/bin/../lib/gcc/nios2-elf/4.1.2/../../../../nios2-elf/lib\libc.a(lib_a-dtoa.o)
                0x02002c4c                _dtoa_r
 .text          0x02004200      0x230 c:/altera/12.1/nios2eds/bin/gnu/h-i686-mingw32/bin/../lib/gcc/nios2-elf/4.1.2/../../../../nios2-elf/lib\libc.a(lib_a-fflush.o)
                0x02004200                _fflush_r
                0x020043fc                fflush
 .text          0x02004430      0x2c0 c:/altera/12.1/nios2eds/bin/gnu/h-i686-mingw32/bin/../lib/gcc/nios2-elf/4.1.2/../../../../nios2-elf/lib\libc.a(lib_a-findfp.o)
                0x02004488                __sfp_lock_acquire
                0x0200448c                __sfp_lock_release
                0x02004490                __sinit_lock_acquire
                0x02004494                __sinit_lock_release
                0x02004498                __sinit
                0x0200454c                __fp_unlock_all
                0x02004564                __fp_lock_all
                0x0200457c                _cleanup_r
                0x02004588                _cleanup
                0x02004598                __sfmoreglue
                0x02004600                __sfp
 .text          0x020046f0      0x440 c:/altera/12.1/nios2eds/bin/gnu/h-i686-mingw32/bin/../lib/gcc/nios2-elf/4.1.2/../../../../nios2-elf/lib\libc.a(lib_a-freer.o)
                0x020046f0                _malloc_trim_r
                0x0200481c                _free_r
 .text          0x02004b30      0x49c c:/altera/12.1/nios2eds/bin/gnu/h-i686-mingw32/bin/../lib/gcc/nios2-elf/4.1.2/../../../../nios2-elf/lib\libc.a(lib_a-fvwrite.o)
                0x02004b30                __sfvwrite_r
 .text          0x02004fcc      0x180 c:/altera/12.1/nios2eds/bin/gnu/h-i686-mingw32/bin/../lib/gcc/nios2-elf/4.1.2/../../../../nios2-elf/lib\libc.a(lib_a-fwalk.o)
                0x02004fcc                _fwalk_reent
                0x02005094                _fwalk
 .text          0x0200514c        0x0 c:/altera/12.1/nios2eds/bin/gnu/h-i686-mingw32/bin/../lib/gcc/nios2-elf/4.1.2/../../../../nios2-elf/lib\libc.a(lib_a-impure.o)
 .text          0x0200514c       0xc4 c:/altera/12.1/nios2eds/bin/gnu/h-i686-mingw32/bin/../lib/gcc/nios2-elf/4.1.2/../../../../nios2-elf/lib\libc.a(lib_a-locale.o)
                0x0200514c                __locale_charset
                0x02005154                _localeconv_r
                0x02005160                localeconv
                0x02005170                _setlocale_r
                0x020051f4                setlocale
 .text          0x02005210      0x194 c:/altera/12.1/nios2eds/bin/gnu/h-i686-mingw32/bin/../lib/gcc/nios2-elf/4.1.2/../../../../nios2-elf/lib\libc.a(lib_a-makebuf.o)
                0x02005210                __smakebuf_r
 .text          0x020053a4      0x740 c:/altera/12.1/nios2eds/bin/gnu/h-i686-mingw32/bin/../lib/gcc/nios2-elf/4.1.2/../../../../nios2-elf/lib\libc.a(lib_a-mallocr.o)
                0x020053a4                _malloc_r
 .text          0x02005ae4       0xe4 c:/altera/12.1/nios2eds/bin/gnu/h-i686-mingw32/bin/../lib/gcc/nios2-elf/4.1.2/../../../../nios2-elf/lib\libc.a(lib_a-memchr.o)
                0x02005ae4                memchr
 .text          0x02005bc8       0xa0 c:/altera/12.1/nios2eds/bin/gnu/h-i686-mingw32/bin/../lib/gcc/nios2-elf/4.1.2/../../../../nios2-elf/lib\libc.a(lib_a-memcpy.o)
                0x02005bc8                memcpy
 .text          0x02005c68       0xe0 c:/altera/12.1/nios2eds/bin/gnu/h-i686-mingw32/bin/../lib/gcc/nios2-elf/4.1.2/../../../../nios2-elf/lib\libc.a(lib_a-memmove.o)
                0x02005c68                memmove
 .text          0x02005d48       0x98 c:/altera/12.1/nios2eds/bin/gnu/h-i686-mingw32/bin/../lib/gcc/nios2-elf/4.1.2/../../../../nios2-elf/lib\libc.a(lib_a-memset.o)
                0x02005d48                memset
 .text          0x02005de0      0xff4 c:/altera/12.1/nios2eds/bin/gnu/h-i686-mingw32/bin/../lib/gcc/nios2-elf/4.1.2/../../../../nios2-elf/lib\libc.a(lib_a-mprec.o)
                0x02005de0                _Bfree
                0x02005e08                __hi0bits
                0x02005e78                __lo0bits
                0x02005f3c                __mcmp
                0x02005f9c                __ulp
                0x0200601c                __b2d
                0x0200613c                __ratio
                0x020061ec                _mprec_log10
                0x02006280                __copybits
                0x020062d8                __any_on
                0x02006360                _Balloc
                0x0200641c                __d2b
                0x02006598                __mdiff
                0x02006724                __lshift
                0x02006870                __multiply
                0x02006a58                __i2b
                0x02006a94                __multadd
                0x02006b94                __pow5mult
                0x02006cb4                __s2b
 .text          0x02006dd4      0x5f4 c:/altera/12.1/nios2eds/bin/gnu/h-i686-mingw32/bin/../lib/gcc/nios2-elf/4.1.2/../../../../nios2-elf/lib\libc.a(lib_a-reallocr.o)
                0x02006dd4                _realloc_r
 .text          0x020073c8       0x40 c:/altera/12.1/nios2eds/bin/gnu/h-i686-mingw32/bin/../lib/gcc/nios2-elf/4.1.2/../../../../nios2-elf/lib\libc.a(lib_a-s_isinfd.o)
                0x020073c8                __isinfd
 .text          0x02007408       0x30 c:/altera/12.1/nios2eds/bin/gnu/h-i686-mingw32/bin/../lib/gcc/nios2-elf/4.1.2/../../../../nios2-elf/lib\libc.a(lib_a-s_isnand.o)
                0x02007408                __isnand
 .text          0x02007438       0x70 c:/altera/12.1/nios2eds/bin/gnu/h-i686-mingw32/bin/../lib/gcc/nios2-elf/4.1.2/../../../../nios2-elf/lib\libc.a(lib_a-sbrkr.o)
                0x02007438                _sbrk_r
 .text          0x020074a8      0x14c c:/altera/12.1/nios2eds/bin/gnu/h-i686-mingw32/bin/../lib/gcc/nios2-elf/4.1.2/../../../../nios2-elf/lib\libc.a(lib_a-stdio.o)
                0x020074a8                __sclose
                0x020074b0                __sseek
                0x02007518                __swrite
                0x02007594                __sread
 .text          0x020075f4       0xbc c:/altera/12.1/nios2eds/bin/gnu/h-i686-mingw32/bin/../lib/gcc/nios2-elf/4.1.2/../../../../nios2-elf/lib\libc.a(lib_a-strcmp.o)
                0x020075f4                strcmp
 .text          0x020076b0       0x78 c:/altera/12.1/nios2eds/bin/gnu/h-i686-mingw32/bin/../lib/gcc/nios2-elf/4.1.2/../../../../nios2-elf/lib\libc.a(lib_a-writer.o)
                0x020076b0                _write_r
 .text          0x02007728       0xb4 c:/altera/12.1/nios2eds/bin/gnu/h-i686-mingw32/bin/../lib/gcc/nios2-elf/4.1.2/../../../../nios2-elf/lib\libc.a(lib_a-callocr.o)
                0x02007728                _calloc_r
 .text          0x020077dc       0x70 c:/altera/12.1/nios2eds/bin/gnu/h-i686-mingw32/bin/../lib/gcc/nios2-elf/4.1.2/../../../../nios2-elf/lib\libc.a(lib_a-closer.o)
                0x020077dc                _close_r
 .text          0x0200784c      0x124 c:/altera/12.1/nios2eds/bin/gnu/h-i686-mingw32/bin/../lib/gcc/nios2-elf/4.1.2/../../../../nios2-elf/lib\libc.a(lib_a-fclose.o)
                0x0200784c                _fclose_r
                0x0200795c                fclose
 .text          0x02007970       0x74 c:/altera/12.1/nios2eds/bin/gnu/h-i686-mingw32/bin/../lib/gcc/nios2-elf/4.1.2/../../../../nios2-elf/lib\libc.a(lib_a-fstatr.o)
                0x02007970                _fstat_r
 .text          0x020079e4        0x0 c:/altera/12.1/nios2eds/bin/gnu/h-i686-mingw32/bin/../lib/gcc/nios2-elf/4.1.2/../../../../nios2-elf/lib\libc.a(lib_a-int_errno.o)
 .text          0x020079e4       0x70 c:/altera/12.1/nios2eds/bin/gnu/h-i686-mingw32/bin/../lib/gcc/nios2-elf/4.1.2/../../../../nios2-elf/lib\libc.a(lib_a-isattyr.o)
                0x020079e4                _isatty_r
 .text          0x02007a54       0x78 c:/altera/12.1/nios2eds/bin/gnu/h-i686-mingw32/bin/../lib/gcc/nios2-elf/4.1.2/../../../../nios2-elf/lib\libc.a(lib_a-lseekr.o)
                0x02007a54                _lseek_r
 .text          0x02007acc       0x78 c:/altera/12.1/nios2eds/bin/gnu/h-i686-mingw32/bin/../lib/gcc/nios2-elf/4.1.2/../../../../nios2-elf/lib\libc.a(lib_a-readr.o)
                0x02007acc                _read_r
 .text          0x02007b44      0x5dc c:/altera/12.1/nios2eds/bin/gnu/h-i686-mingw32/bin/../lib/gcc/nios2-elf/4.1.2\libgcc.a(_udivdi3.o)
                0x02007b44                __udivdi3
 .text          0x02008120      0x5b0 c:/altera/12.1/nios2eds/bin/gnu/h-i686-mingw32/bin/../lib/gcc/nios2-elf/4.1.2\libgcc.a(_umoddi3.o)
                0x02008120                __umoddi3
 .text          0x020086d0      0x504 c:/altera/12.1/nios2eds/bin/gnu/h-i686-mingw32/bin/../lib/gcc/nios2-elf/4.1.2\libgcc.a(_addsub_df.o)
                0x02008ae0                __subdf3
                0x02008b60                __adddf3
 .text          0x02008bd4      0x3c4 c:/altera/12.1/nios2eds/bin/gnu/h-i686-mingw32/bin/../lib/gcc/nios2-elf/4.1.2\libgcc.a(_mul_df.o)
                0x02008bd4                __muldf3
 .text          0x02008f98      0x258 c:/altera/12.1/nios2eds/bin/gnu/h-i686-mingw32/bin/../lib/gcc/nios2-elf/4.1.2\libgcc.a(_div_df.o)
                0x02008f98                __divdf3
 .text          0x020091f0       0x88 c:/altera/12.1/nios2eds/bin/gnu/h-i686-mingw32/bin/../lib/gcc/nios2-elf/4.1.2\libgcc.a(_eq_df.o)
                0x020091f0                __eqdf2
 .text          0x02009278       0x88 c:/altera/12.1/nios2eds/bin/gnu/h-i686-mingw32/bin/../lib/gcc/nios2-elf/4.1.2\libgcc.a(_ne_df.o)
                0x02009278                __nedf2
 .text          0x02009300       0x88 c:/altera/12.1/nios2eds/bin/gnu/h-i686-mingw32/bin/../lib/gcc/nios2-elf/4.1.2\libgcc.a(_gt_df.o)
                0x02009300                __gtdf2
 .text          0x02009388       0x88 c:/altera/12.1/nios2eds/bin/gnu/h-i686-mingw32/bin/../lib/gcc/nios2-elf/4.1.2\libgcc.a(_ge_df.o)
                0x02009388                __gedf2
 .text          0x02009410       0x88 c:/altera/12.1/nios2eds/bin/gnu/h-i686-mingw32/bin/../lib/gcc/nios2-elf/4.1.2\libgcc.a(_lt_df.o)
                0x02009410                __ltdf2
 .text          0x02009498       0xf8 c:/altera/12.1/nios2eds/bin/gnu/h-i686-mingw32/bin/../lib/gcc/nios2-elf/4.1.2\libgcc.a(_si_to_df.o)
                0x02009498                __floatsidf
 .text          0x02009590       0xd8 c:/altera/12.1/nios2eds/bin/gnu/h-i686-mingw32/bin/../lib/gcc/nios2-elf/4.1.2\libgcc.a(_df_to_si.o)
                0x02009590                __fixdfsi
 .text          0x02009668        0x0 c:/altera/12.1/nios2eds/bin/gnu/h-i686-mingw32/bin/../lib/gcc/nios2-elf/4.1.2\libgcc.a(_thenan_df.o)
 .text          0x02009668      0x194 c:/altera/12.1/nios2eds/bin/gnu/h-i686-mingw32/bin/../lib/gcc/nios2-elf/4.1.2\libgcc.a(_usi_to_df.o)
                0x02009668                __floatunsidf
 .text          0x020097fc      0x14c c:/altera/12.1/nios2eds/bin/gnu/h-i686-mingw32/bin/../lib/gcc/nios2-elf/4.1.2\libgcc.a(lib2-divmod.o)
                0x02009878                __divsi3
                0x020098d8                __modsi3
                0x02009938                __udivsi3
                0x02009940                __umodsi3
 .text          0x02009948       0x98 c:/altera/12.1/nios2eds/bin/gnu/h-i686-mingw32/bin/../lib/gcc/nios2-elf/4.1.2\libgcc.a(_muldi3.o)
                0x02009948                __muldi3
 .text          0x020099e0        0x0 c:/altera/12.1/nios2eds/bin/gnu/h-i686-mingw32/bin/../lib/gcc/nios2-elf/4.1.2\libgcc.a(_clz.o)
 .text          0x020099e0       0x80 c:/altera/12.1/nios2eds/bin/gnu/h-i686-mingw32/bin/../lib/gcc/nios2-elf/4.1.2\libgcc.a(_clzsi2.o)
                0x020099e0                __clzsi2
 .text          0x02009a60      0x314 c:/altera/12.1/nios2eds/bin/gnu/h-i686-mingw32/bin/../lib/gcc/nios2-elf/4.1.2\libgcc.a(_pack_df.o)
                0x02009a60                __pack_d
 .text          0x02009d74      0x138 c:/altera/12.1/nios2eds/bin/gnu/h-i686-mingw32/bin/../lib/gcc/nios2-elf/4.1.2\libgcc.a(_unpack_df.o)
                0x02009d74                __unpack_d
 .text          0x02009eac       0xc8 c:/altera/12.1/nios2eds/bin/gnu/h-i686-mingw32/bin/../lib/gcc/nios2-elf/4.1.2\libgcc.a(_fpcmp_parts_df.o)
                0x02009eac                __fpcmp_parts_d
 .text          0x02009f74      0x15c ../eeprom_test_bsp/\libhal_bsp.a(alt_close.o)
                0x02009f74                close
 .text          0x0200a0d0       0x2c ../eeprom_test_bsp/\libhal_bsp.a(alt_dev.o)
 .text          0x0200a0fc        0x0 ../eeprom_test_bsp/\libhal_bsp.a(alt_errno.o)
 .text          0x0200a0fc      0x134 ../eeprom_test_bsp/\libhal_bsp.a(alt_fstat.o)
                0x0200a0fc                fstat
 .text          0x0200a230      0x120 ../eeprom_test_bsp/\libhal_bsp.a(alt_isatty.o)
                0x0200a230                isatty
 .text          0x0200a350      0x150 ../eeprom_test_bsp/\libhal_bsp.a(alt_lseek.o)
                0x0200a350                lseek
 .text          0x0200a4a0       0x6c ../eeprom_test_bsp/\libhal_bsp.a(alt_main.o)
                0x0200a4a0                alt_main
 .text          0x0200a50c       0x40 ../eeprom_test_bsp/\libhal_bsp.a(alt_malloc_lock.o)
                0x0200a50c                __malloc_lock
                0x0200a52c                __malloc_unlock
 .text          0x0200a54c      0x180 ../eeprom_test_bsp/\libhal_bsp.a(alt_read.o)
                0x0200a54c                read
 .text          0x0200a6cc       0x60 ../eeprom_test_bsp/\libhal_bsp.a(alt_release_fd.o)
                0x0200a6cc                alt_release_fd
 .text          0x0200a72c       0xbc ../eeprom_test_bsp/\libhal_bsp.a(alt_sbrk.o)
                0x0200a72c                sbrk
 .text          0x0200a7e8       0x30 ../eeprom_test_bsp/\libhal_bsp.a(alt_usleep.o)
                0x0200a7e8                usleep
 .text          0x0200a818      0x180 ../eeprom_test_bsp/\libhal_bsp.a(alt_write.o)
                0x0200a818                write
 .text          0x0200a998       0xf4 ../eeprom_test_bsp/\libhal_bsp.a(alt_sys_init.o)
                0x0200a998                alt_irq_init
                0x0200a9cc                alt_sys_init
 .text          0x0200aa8c      0x9e4 ../eeprom_test_bsp/\libhal_bsp.a(altera_avalon_epcs_flash_controller.o)
                0x0200aa8c                alt_epcs_flash_init
                0x0200aea8                alt_epcs_flash_write
                0x0200b128                alt_epcs_flash_get_info
                0x0200b1b8                alt_epcs_flash_erase_block
                0x0200b2bc                alt_epcs_flash_write_block
                0x0200b3d8                alt_epcs_flash_read
 .text          0x0200b470      0x148 ../eeprom_test_bsp/\libhal_bsp.a(altera_avalon_jtag_uart_fd.o)
                0x0200b470                altera_avalon_jtag_uart_read_fd
                0x0200b4c8                altera_avalon_jtag_uart_write_fd
                0x0200b520                altera_avalon_jtag_uart_close_fd
                0x0200b568                altera_avalon_jtag_uart_ioctl_fd
 .text          0x0200b5b8      0x40c ../eeprom_test_bsp/\libhal_bsp.a(altera_avalon_jtag_uart_init.o)
                0x0200b5b8                altera_avalon_jtag_uart_init
                0x0200b950                altera_avalon_jtag_uart_close
 .text          0x0200b9c4       0xf4 ../eeprom_test_bsp/\libhal_bsp.a(altera_avalon_jtag_uart_ioctl.o)
                0x0200b9c4                altera_avalon_jtag_uart_ioctl
 .text          0x0200bab8      0x224 ../eeprom_test_bsp/\libhal_bsp.a(altera_avalon_jtag_uart_read.o)
                0x0200bab8                altera_avalon_jtag_uart_read
 .text          0x0200bcdc      0x240 ../eeprom_test_bsp/\libhal_bsp.a(altera_avalon_jtag_uart_write.o)
                0x0200bcdc                altera_avalon_jtag_uart_write
 .text          0x0200bf1c      0x100 ../eeprom_test_bsp/\libhal_bsp.a(altera_avalon_timer_sc.o)
                0x0200bf8c                alt_avalon_timer_sc_init
 .text          0x0200c01c       0xf8 ../eeprom_test_bsp/\libhal_bsp.a(altera_avalon_uart_fd.o)
                0x0200c01c                altera_avalon_uart_read_fd
                0x0200c074                altera_avalon_uart_write_fd
                0x0200c0cc                altera_avalon_uart_close_fd
 .text          0x0200c114      0x400 ../eeprom_test_bsp/\libhal_bsp.a(altera_avalon_uart_init.o)
                0x0200c114                altera_avalon_uart_init
                0x0200c4b4                altera_avalon_uart_close
 .text          0x0200c514      0x290 ../eeprom_test_bsp/\libhal_bsp.a(altera_avalon_uart_read.o)
                0x0200c514                altera_avalon_uart_read
 .text          0x0200c7a4      0x228 ../eeprom_test_bsp/\libhal_bsp.a(altera_avalon_uart_write.o)
                0x0200c7a4                altera_avalon_uart_write
 .text          0x0200c9cc      0x6d4 ../eeprom_test_bsp/\libhal_bsp.a(epcs_commands.o)
                0x0200c9cc                epcs_read_status_register
                0x0200ca2c                epcs_sector_erase
                0x0200cb94                epcs_read_buffer
                0x0200cce0                epcs_write_enable
                0x0200cd30                epcs_write_status_register
                0x0200cd94                epcs_write_buffer
                0x0200cf04                epcs_read_electronic_signature
                0x0200cf70                epcs_read_device_id
                0x0200cff0                epcs_enter_4_bytes_mode
                0x0200d048                epcs_exit_4_bytes_mode
 .text          0x0200d0a0      0x154 ../eeprom_test_bsp/\libhal_bsp.a(alt_alarm_start.o)
                0x0200d0a0                alt_alarm_start
 .text          0x0200d1f4      0x14c ../eeprom_test_bsp/\libhal_bsp.a(alt_busy_sleep.o)
                0x0200d1f4                alt_busy_sleep
 .text          0x0200d340      0x114 ../eeprom_test_bsp/\libhal_bsp.a(alt_dev_llist_insert.o)
                0x0200d340                alt_dev_llist_insert
 .text          0x0200d454       0x64 ../eeprom_test_bsp/\libhal_bsp.a(alt_do_ctors.o)
                0x0200d454                _do_ctors
 .text          0x0200d4b8       0x64 ../eeprom_test_bsp/\libhal_bsp.a(alt_do_dtors.o)
                0x0200d4b8                _do_dtors
 .text          0x0200d51c       0xd0 ../eeprom_test_bsp/\libhal_bsp.a(alt_flash_dev.o)
                0x0200d51c                alt_flash_open_dev
                0x0200d598                alt_flash_close_dev
 .text          0x0200d5ec      0x1d4 ../eeprom_test_bsp/\libhal_bsp.a(alt_iic.o)
                0x0200d5ec                alt_ic_isr_register
                0x0200d63c                alt_ic_irq_enable
                0x0200d6d8                alt_ic_irq_disable
                0x0200d778                alt_ic_irq_enabled
 .text          0x0200d7c0       0xf8 ../eeprom_test_bsp/\libhal_bsp.a(alt_iic_isr_register.o)
                0x0200d7c0                alt_iic_isr_register
 .text          0x0200d8b8      0x13c ../eeprom_test_bsp/\libhal_bsp.a(alt_io_redirect.o)
                0x0200d97c                alt_io_redirect
 .text          0x0200d9f4        0x0 ../eeprom_test_bsp/\libhal_bsp.a(alt_irq_entry.o)
 .text          0x0200d9f4        0x0 ../eeprom_test_bsp/\libhal_bsp.a(alt_irq_handler.o)
 .text          0x0200d9f4        0x0 ../eeprom_test_bsp/\libhal_bsp.a(alt_irq_vars.o)
 .text          0x0200d9f4      0x2c4 ../eeprom_test_bsp/\libhal_bsp.a(alt_open.o)
                0x0200dad0                open
 .text          0x0200dcb8      0x1a4 ../eeprom_test_bsp/\libhal_bsp.a(alt_tick.o)
                0x0200dcb8                alt_alarm_stop
                0x0200dd50                alt_tick
 .text          0x0200de5c       0x20 ../eeprom_test_bsp/\libhal_bsp.a(altera_nios2_qsys_irq.o)
                0x0200de5c                altera_nios2_qsys_irq_init
 .text          0x0200de7c      0x238 ../eeprom_test_bsp/\libhal_bsp.a(altera_avalon_spi.o)
                0x0200de7c                alt_avalon_spi_command
 .text          0x0200e0b4        0x0 ../eeprom_test_bsp/\libhal_bsp.a(alt_exception_entry.o)
 .text          0x0200e0b4       0x94 ../eeprom_test_bsp/\libhal_bsp.a(alt_find_dev.o)
                0x0200e0b4                alt_find_dev
 .text          0x0200e148      0x120 ../eeprom_test_bsp/\libhal_bsp.a(alt_find_file.o)
                0x0200e148                alt_find_file
 .text          0x0200e268       0xb8 ../eeprom_test_bsp/\libhal_bsp.a(alt_get_fd.o)
                0x0200e268                alt_get_fd
 .text          0x0200e320       0x14 c:/altera/12.1/nios2eds/bin/gnu/h-i686-mingw32/bin/../lib/gcc/nios2-elf/4.1.2/../../../../nios2-elf/lib\libc.a(lib_a-atexit.o)
                0x0200e320                atexit
 .text          0x0200e334       0x38 c:/altera/12.1/nios2eds/bin/gnu/h-i686-mingw32/bin/../lib/gcc/nios2-elf/4.1.2/../../../../nios2-elf/lib\libc.a(lib_a-exit.o)
                0x0200e334                exit
 .text          0x0200e36c       0x74 c:/altera/12.1/nios2eds/bin/gnu/h-i686-mingw32/bin/../lib/gcc/nios2-elf/4.1.2/../../../../nios2-elf/lib\libc.a(lib_a-memcmp.o)
                0x0200e36c                memcmp
 .text          0x0200e3e0      0x134 c:/altera/12.1/nios2eds/bin/gnu/h-i686-mingw32/bin/../lib/gcc/nios2-elf/4.1.2/../../../../nios2-elf/lib\libc.a(lib_a-__atexit.o)
                0x0200e3e0                __register_exitproc
 .text          0x0200e514      0x1b4 c:/altera/12.1/nios2eds/bin/gnu/h-i686-mingw32/bin/../lib/gcc/nios2-elf/4.1.2/../../../../nios2-elf/lib\libc.a(lib_a-__call_atexit.o)
                0x0200e518                __call_exitprocs
 .text          0x0200e6c8       0x60 ../eeprom_test_bsp/\libhal_bsp.a(alt_exit.o)
                0x0200e708                _exit
 *(.gnu.warning.*)
 *(.fini)
                0x0200e728                PROVIDE (__etext, ABSOLUTE (.))
                0x0200e728                PROVIDE (_etext, ABSOLUTE (.))
                0x0200e728                PROVIDE (etext, ABSOLUTE (.))
 *(.eh_frame_hdr)
                0x0200e728                . = ALIGN (0x4)
                0x0200e728                PROVIDE (__preinit_array_start, ABSOLUTE (.))
 *(.preinit_array)
                0x0200e728                PROVIDE (__preinit_array_end, ABSOLUTE (.))
                0x0200e728                PROVIDE (__init_array_start, ABSOLUTE (.))
 *(.init_array)
                0x0200e728                PROVIDE (__init_array_end, ABSOLUTE (.))
                0x0200e728                PROVIDE (__fini_array_start, ABSOLUTE (.))
 *(.fini_array)
                0x0200e728                PROVIDE (__fini_array_end, ABSOLUTE (.))
 *(.eh_frame)
 *(.gcc_except_table)
 *(.dynamic)
                0x0200e728                PROVIDE (__CTOR_LIST__, ABSOLUTE (.))
 *(.ctors)
 *(SORT(.ctors.*))
 .ctors.65535   0x0200e728        0x4 c:/altera/12.1/nios2eds/bin/gnu/h-i686-mingw32/bin/../lib/gcc/nios2-elf/4.1.2/../../../../nios2-elf/lib\libc.a(lib_a-__call_atexit.o)
                0x0200e72c                PROVIDE (__CTOR_END__, ABSOLUTE (.))
                0x0200e72c                PROVIDE (__DTOR_LIST__, ABSOLUTE (.))
 *(.dtors)
 *(SORT(.dtors.*))
                0x0200e72c                PROVIDE (__DTOR_END__, ABSOLUTE (.))
 *(.jcr)
                0x0200e72c                . = ALIGN (0x4)

.rodata         0x0200e72c      0x3f8
                0x0200e72c                PROVIDE (__ram_rodata_start, ABSOLUTE (.))
                0x0200e72c                . = ALIGN (0x4)
 *(.rodata .rodata.* .gnu.linkonce.r.*)
 .rodata        0x0200e72c       0xa0 obj/default/main/main.o
 .rodata.str1.4
                0x0200e7cc        0x2 c:/altera/12.1/nios2eds/bin/gnu/h-i686-mingw32/bin/../lib/gcc/nios2-elf/4.1.2/../../../../nios2-elf/lib\libc.a(lib_a-puts.o)
                                  0x4 (size before relaxing)
 *fill*         0x0200e7ce        0x2 00
 .rodata.str1.4
                0x0200e7d0       0x5e c:/altera/12.1/nios2eds/bin/gnu/h-i686-mingw32/bin/../lib/gcc/nios2-elf/4.1.2/../../../../nios2-elf/lib\libc.a(lib_a-vfprintf.o)
                                 0x60 (size before relaxing)
 .rodata        0x0200e82e       0x20 c:/altera/12.1/nios2eds/bin/gnu/h-i686-mingw32/bin/../lib/gcc/nios2-elf/4.1.2/../../../../nios2-elf/lib\libc.a(lib_a-vfprintf.o)
 *fill*         0x0200e84e        0x2 00
 .rodata.str1.4
                0x0200e850       0x10 c:/altera/12.1/nios2eds/bin/gnu/h-i686-mingw32/bin/../lib/gcc/nios2-elf/4.1.2/../../../../nios2-elf/lib\libc.a(lib_a-dtoa.o)
                                 0x14 (size before relaxing)
 .rodata.str1.4
                0x0200e860        0x2 c:/altera/12.1/nios2eds/bin/gnu/h-i686-mingw32/bin/../lib/gcc/nios2-elf/4.1.2/../../../../nios2-elf/lib\libc.a(lib_a-impure.o)
                                  0x4 (size before relaxing)
 *fill*         0x0200e862        0x2 00
 .rodata.str1.4
                0x0200e864       0x10 c:/altera/12.1/nios2eds/bin/gnu/h-i686-mingw32/bin/../lib/gcc/nios2-elf/4.1.2/../../../../nios2-elf/lib\libc.a(lib_a-locale.o)
                                 0x18 (size before relaxing)
 .rodata        0x0200e874       0x30 c:/altera/12.1/nios2eds/bin/gnu/h-i686-mingw32/bin/../lib/gcc/nios2-elf/4.1.2/../../../../nios2-elf/lib\libc.a(lib_a-locale.o)
 .rodata        0x0200e8a4      0x124 c:/altera/12.1/nios2eds/bin/gnu/h-i686-mingw32/bin/../lib/gcc/nios2-elf/4.1.2/../../../../nios2-elf/lib\libc.a(lib_a-mprec.o)
                0x0200e8a4                __mprec_tens
                0x0200e96c                __mprec_bigtens
                0x0200e994                __mprec_tinytens
 .rodata        0x0200e9c8       0x14 c:/altera/12.1/nios2eds/bin/gnu/h-i686-mingw32/bin/../lib/gcc/nios2-elf/4.1.2\libgcc.a(_thenan_df.o)
                0x0200e9c8                __thenan_df
 .rodata        0x0200e9dc      0x100 c:/altera/12.1/nios2eds/bin/gnu/h-i686-mingw32/bin/../lib/gcc/nios2-elf/4.1.2\libgcc.a(_clz.o)
                0x0200e9dc                __clz_tab
 .rodata        0x0200eadc        0xc ../eeprom_test_bsp/\libhal_bsp.a(alt_dev.o)
 .rodata        0x0200eae8       0x10 ../eeprom_test_bsp/\libhal_bsp.a(alt_main.o)
 .rodata        0x0200eaf8       0x2c ../eeprom_test_bsp/\libhal_bsp.a(alt_sys_init.o)
 *(.rodata1)
                0x0200eb24                . = ALIGN (0x4)
                0x0200eb24                PROVIDE (__ram_rodata_end, ABSOLUTE (.))
                0x0200e72c                PROVIDE (__flash_rodata_start, LOADADDR (.rodata))

.rwdata         0x0200eb24     0x1bf8
                0x0200eb24                PROVIDE (__ram_rwdata_start, ABSOLUTE (.))
                0x0200eb24                . = ALIGN (0x4)
 *(.got.plt)
 *(.got)
 *(.data1)
 *(.data .data.* .gnu.linkonce.d.*)
 .data          0x0200eb24        0x0 ../eeprom_test_bsp//obj/HAL/src/crt0.o
 .data          0x0200eb24        0x0 obj/default/driver/iic.o
 .data          0x0200eb24        0x0 obj/default/main/main.o
 .data          0x0200eb24        0x0 c:/altera/12.1/nios2eds/bin/gnu/h-i686-mingw32/bin/../lib/gcc/nios2-elf/4.1.2/../../../../nios2-elf/lib\libc.a(lib_a-printf.o)
 .data          0x0200eb24        0x0 c:/altera/12.1/nios2eds/bin/gnu/h-i686-mingw32/bin/../lib/gcc/nios2-elf/4.1.2/../../../../nios2-elf/lib\libc.a(lib_a-puts.o)
 .data          0x0200eb24        0x0 c:/altera/12.1/nios2eds/bin/gnu/h-i686-mingw32/bin/../lib/gcc/nios2-elf/4.1.2/../../../../nios2-elf/lib\libc.a(lib_a-strlen.o)
 .data          0x0200eb24        0x0 c:/altera/12.1/nios2eds/bin/gnu/h-i686-mingw32/bin/../lib/gcc/nios2-elf/4.1.2/../../../../nios2-elf/lib\libc.a(lib_a-vfprintf.o)
 .data          0x0200eb24        0x0 c:/altera/12.1/nios2eds/bin/gnu/h-i686-mingw32/bin/../lib/gcc/nios2-elf/4.1.2/../../../../nios2-elf/lib\libc.a(lib_a-wsetup.o)
 .data          0x0200eb24        0x0 c:/altera/12.1/nios2eds/bin/gnu/h-i686-mingw32/bin/../lib/gcc/nios2-elf/4.1.2/../../../../nios2-elf/lib\libc.a(lib_a-dtoa.o)
 .data          0x0200eb24        0x0 c:/altera/12.1/nios2eds/bin/gnu/h-i686-mingw32/bin/../lib/gcc/nios2-elf/4.1.2/../../../../nios2-elf/lib\libc.a(lib_a-fflush.o)
 .data          0x0200eb24        0x0 c:/altera/12.1/nios2eds/bin/gnu/h-i686-mingw32/bin/../lib/gcc/nios2-elf/4.1.2/../../../../nios2-elf/lib\libc.a(lib_a-findfp.o)
 .data          0x0200eb24        0x0 c:/altera/12.1/nios2eds/bin/gnu/h-i686-mingw32/bin/../lib/gcc/nios2-elf/4.1.2/../../../../nios2-elf/lib\libc.a(lib_a-freer.o)
 .data          0x0200eb24        0x0 c:/altera/12.1/nios2eds/bin/gnu/h-i686-mingw32/bin/../lib/gcc/nios2-elf/4.1.2/../../../../nios2-elf/lib\libc.a(lib_a-fvwrite.o)
 .data          0x0200eb24        0x0 c:/altera/12.1/nios2eds/bin/gnu/h-i686-mingw32/bin/../lib/gcc/nios2-elf/4.1.2/../../../../nios2-elf/lib\libc.a(lib_a-fwalk.o)
 .data          0x0200eb24      0x400 c:/altera/12.1/nios2eds/bin/gnu/h-i686-mingw32/bin/../lib/gcc/nios2-elf/4.1.2/../../../../nios2-elf/lib\libc.a(lib_a-impure.o)
 .data          0x0200ef24        0xc c:/altera/12.1/nios2eds/bin/gnu/h-i686-mingw32/bin/../lib/gcc/nios2-elf/4.1.2/../../../../nios2-elf/lib\libc.a(lib_a-locale.o)
                0x0200ef24                __lc_ctype
 .data          0x0200ef30        0x0 c:/altera/12.1/nios2eds/bin/gnu/h-i686-mingw32/bin/../lib/gcc/nios2-elf/4.1.2/../../../../nios2-elf/lib\libc.a(lib_a-makebuf.o)
 .data          0x0200ef30      0x408 c:/altera/12.1/nios2eds/bin/gnu/h-i686-mingw32/bin/../lib/gcc/nios2-elf/4.1.2/../../../../nios2-elf/lib\libc.a(lib_a-mallocr.o)
                0x0200ef30                __malloc_av_
 .data          0x0200f338        0x0 c:/altera/12.1/nios2eds/bin/gnu/h-i686-mingw32/bin/../lib/gcc/nios2-elf/4.1.2/../../../../nios2-elf/lib\libc.a(lib_a-memchr.o)
 .data          0x0200f338        0x0 c:/altera/12.1/nios2eds/bin/gnu/h-i686-mingw32/bin/../lib/gcc/nios2-elf/4.1.2/../../../../nios2-elf/lib\libc.a(lib_a-memcpy.o)
 .data          0x0200f338        0x0 c:/altera/12.1/nios2eds/bin/gnu/h-i686-mingw32/bin/../lib/gcc/nios2-elf/4.1.2/../../../../nios2-elf/lib\libc.a(lib_a-memmove.o)
 .data          0x0200f338        0x0 c:/altera/12.1/nios2eds/bin/gnu/h-i686-mingw32/bin/../lib/gcc/nios2-elf/4.1.2/../../../../nios2-elf/lib\libc.a(lib_a-memset.o)
 .data          0x0200f338        0x0 c:/altera/12.1/nios2eds/bin/gnu/h-i686-mingw32/bin/../lib/gcc/nios2-elf/4.1.2/../../../../nios2-elf/lib\libc.a(lib_a-mprec.o)
 .data          0x0200f338        0x0 c:/altera/12.1/nios2eds/bin/gnu/h-i686-mingw32/bin/../lib/gcc/nios2-elf/4.1.2/../../../../nios2-elf/lib\libc.a(lib_a-reallocr.o)
 .data          0x0200f338        0x0 c:/altera/12.1/nios2eds/bin/gnu/h-i686-mingw32/bin/../lib/gcc/nios2-elf/4.1.2/../../../../nios2-elf/lib\libc.a(lib_a-s_isinfd.o)
 .data          0x0200f338        0x0 c:/altera/12.1/nios2eds/bin/gnu/h-i686-mingw32/bin/../lib/gcc/nios2-elf/4.1.2/../../../../nios2-elf/lib\libc.a(lib_a-s_isnand.o)
 .data          0x0200f338        0x0 c:/altera/12.1/nios2eds/bin/gnu/h-i686-mingw32/bin/../lib/gcc/nios2-elf/4.1.2/../../../../nios2-elf/lib\libc.a(lib_a-sbrkr.o)
 .data          0x0200f338        0x0 c:/altera/12.1/nios2eds/bin/gnu/h-i686-mingw32/bin/../lib/gcc/nios2-elf/4.1.2/../../../../nios2-elf/lib\libc.a(lib_a-stdio.o)
 .data          0x0200f338        0x0 c:/altera/12.1/nios2eds/bin/gnu/h-i686-mingw32/bin/../lib/gcc/nios2-elf/4.1.2/../../../../nios2-elf/lib\libc.a(lib_a-strcmp.o)
 .data          0x0200f338        0x0 c:/altera/12.1/nios2eds/bin/gnu/h-i686-mingw32/bin/../lib/gcc/nios2-elf/4.1.2/../../../../nios2-elf/lib\libc.a(lib_a-writer.o)
 .data          0x0200f338        0x0 c:/altera/12.1/nios2eds/bin/gnu/h-i686-mingw32/bin/../lib/gcc/nios2-elf/4.1.2/../../../../nios2-elf/lib\libc.a(lib_a-callocr.o)
 .data          0x0200f338        0x0 c:/altera/12.1/nios2eds/bin/gnu/h-i686-mingw32/bin/../lib/gcc/nios2-elf/4.1.2/../../../../nios2-elf/lib\libc.a(lib_a-closer.o)
 .data          0x0200f338        0x0 c:/altera/12.1/nios2eds/bin/gnu/h-i686-mingw32/bin/../lib/gcc/nios2-elf/4.1.2/../../../../nios2-elf/lib\libc.a(lib_a-fclose.o)
 .data          0x0200f338        0x0 c:/altera/12.1/nios2eds/bin/gnu/h-i686-mingw32/bin/../lib/gcc/nios2-elf/4.1.2/../../../../nios2-elf/lib\libc.a(lib_a-fstatr.o)
 .data          0x0200f338        0x0 c:/altera/12.1/nios2eds/bin/gnu/h-i686-mingw32/bin/../lib/gcc/nios2-elf/4.1.2/../../../../nios2-elf/lib\libc.a(lib_a-int_errno.o)
 .data          0x0200f338        0x0 c:/altera/12.1/nios2eds/bin/gnu/h-i686-mingw32/bin/../lib/gcc/nios2-elf/4.1.2/../../../../nios2-elf/lib\libc.a(lib_a-isattyr.o)
 .data          0x0200f338        0x0 c:/altera/12.1/nios2eds/bin/gnu/h-i686-mingw32/bin/../lib/gcc/nios2-elf/4.1.2/../../../../nios2-elf/lib\libc.a(lib_a-lseekr.o)
 .data          0x0200f338        0x0 c:/altera/12.1/nios2eds/bin/gnu/h-i686-mingw32/bin/../lib/gcc/nios2-elf/4.1.2/../../../../nios2-elf/lib\libc.a(lib_a-readr.o)
 .data          0x0200f338        0x0 c:/altera/12.1/nios2eds/bin/gnu/h-i686-mingw32/bin/../lib/gcc/nios2-elf/4.1.2\libgcc.a(_udivdi3.o)
 .data          0x0200f338        0x0 c:/altera/12.1/nios2eds/bin/gnu/h-i686-mingw32/bin/../lib/gcc/nios2-elf/4.1.2\libgcc.a(_umoddi3.o)
 .data          0x0200f338        0x0 c:/altera/12.1/nios2eds/bin/gnu/h-i686-mingw32/bin/../lib/gcc/nios2-elf/4.1.2\libgcc.a(_addsub_df.o)
 .data          0x0200f338        0x0 c:/altera/12.1/nios2eds/bin/gnu/h-i686-mingw32/bin/../lib/gcc/nios2-elf/4.1.2\libgcc.a(_mul_df.o)
 .data          0x0200f338        0x0 c:/altera/12.1/nios2eds/bin/gnu/h-i686-mingw32/bin/../lib/gcc/nios2-elf/4.1.2\libgcc.a(_div_df.o)
 .data          0x0200f338        0x0 c:/altera/12.1/nios2eds/bin/gnu/h-i686-mingw32/bin/../lib/gcc/nios2-elf/4.1.2\libgcc.a(_eq_df.o)
 .data          0x0200f338        0x0 c:/altera/12.1/nios2eds/bin/gnu/h-i686-mingw32/bin/../lib/gcc/nios2-elf/4.1.2\libgcc.a(_ne_df.o)
 .data          0x0200f338        0x0 c:/altera/12.1/nios2eds/bin/gnu/h-i686-mingw32/bin/../lib/gcc/nios2-elf/4.1.2\libgcc.a(_gt_df.o)
 .data          0x0200f338        0x0 c:/altera/12.1/nios2eds/bin/gnu/h-i686-mingw32/bin/../lib/gcc/nios2-elf/4.1.2\libgcc.a(_ge_df.o)
 .data          0x0200f338        0x0 c:/altera/12.1/nios2eds/bin/gnu/h-i686-mingw32/bin/../lib/gcc/nios2-elf/4.1.2\libgcc.a(_lt_df.o)
 .data          0x0200f338        0x0 c:/altera/12.1/nios2eds/bin/gnu/h-i686-mingw32/bin/../lib/gcc/nios2-elf/4.1.2\libgcc.a(_si_to_df.o)
 .data          0x0200f338        0x0 c:/altera/12.1/nios2eds/bin/gnu/h-i686-mingw32/bin/../lib/gcc/nios2-elf/4.1.2\libgcc.a(_df_to_si.o)
 .data          0x0200f338        0x0 c:/altera/12.1/nios2eds/bin/gnu/h-i686-mingw32/bin/../lib/gcc/nios2-elf/4.1.2\libgcc.a(_thenan_df.o)
 .data          0x0200f338        0x0 c:/altera/12.1/nios2eds/bin/gnu/h-i686-mingw32/bin/../lib/gcc/nios2-elf/4.1.2\libgcc.a(_usi_to_df.o)
 .data          0x0200f338        0x0 c:/altera/12.1/nios2eds/bin/gnu/h-i686-mingw32/bin/../lib/gcc/nios2-elf/4.1.2\libgcc.a(lib2-divmod.o)
 .data          0x0200f338        0x0 c:/altera/12.1/nios2eds/bin/gnu/h-i686-mingw32/bin/../lib/gcc/nios2-elf/4.1.2\libgcc.a(_muldi3.o)
 .data          0x0200f338        0x0 c:/altera/12.1/nios2eds/bin/gnu/h-i686-mingw32/bin/../lib/gcc/nios2-elf/4.1.2\libgcc.a(_clz.o)
 .data          0x0200f338        0x0 c:/altera/12.1/nios2eds/bin/gnu/h-i686-mingw32/bin/../lib/gcc/nios2-elf/4.1.2\libgcc.a(_clzsi2.o)
 .data          0x0200f338        0x0 c:/altera/12.1/nios2eds/bin/gnu/h-i686-mingw32/bin/../lib/gcc/nios2-elf/4.1.2\libgcc.a(_pack_df.o)
 .data          0x0200f338        0x0 c:/altera/12.1/nios2eds/bin/gnu/h-i686-mingw32/bin/../lib/gcc/nios2-elf/4.1.2\libgcc.a(_unpack_df.o)
 .data          0x0200f338        0x0 c:/altera/12.1/nios2eds/bin/gnu/h-i686-mingw32/bin/../lib/gcc/nios2-elf/4.1.2\libgcc.a(_fpcmp_parts_df.o)
 .data          0x0200f338        0x0 ../eeprom_test_bsp/\libhal_bsp.a(alt_close.o)
 .data          0x0200f338      0x1a8 ../eeprom_test_bsp/\libhal_bsp.a(alt_dev.o)
                0x0200f338                alt_dev_null
                0x0200f360                alt_fd_list
 .data          0x0200f4e0        0x0 ../eeprom_test_bsp/\libhal_bsp.a(alt_errno.o)
 .data          0x0200f4e0        0x0 ../eeprom_test_bsp/\libhal_bsp.a(alt_fstat.o)
 .data          0x0200f4e0        0x0 ../eeprom_test_bsp/\libhal_bsp.a(alt_isatty.o)
 .data          0x0200f4e0        0x0 ../eeprom_test_bsp/\libhal_bsp.a(alt_lseek.o)
 .data          0x0200f4e0        0x0 ../eeprom_test_bsp/\libhal_bsp.a(alt_main.o)
 .data          0x0200f4e0        0x0 ../eeprom_test_bsp/\libhal_bsp.a(alt_malloc_lock.o)
 .data          0x0200f4e0        0x0 ../eeprom_test_bsp/\libhal_bsp.a(alt_read.o)
 .data          0x0200f4e0        0x0 ../eeprom_test_bsp/\libhal_bsp.a(alt_release_fd.o)
 .data          0x0200f4e0        0x0 ../eeprom_test_bsp/\libhal_bsp.a(alt_sbrk.o)
 .data          0x0200f4e0        0x0 ../eeprom_test_bsp/\libhal_bsp.a(alt_usleep.o)
 .data          0x0200f4e0        0x0 ../eeprom_test_bsp/\libhal_bsp.a(alt_write.o)
 .data          0x0200f4e0     0x11ec ../eeprom_test_bsp/\libhal_bsp.a(alt_sys_init.o)
 .data          0x020106cc        0x0 ../eeprom_test_bsp/\libhal_bsp.a(altera_avalon_epcs_flash_controller.o)
 .data          0x020106cc        0x0 ../eeprom_test_bsp/\libhal_bsp.a(altera_avalon_jtag_uart_fd.o)
 .data          0x020106cc        0x0 ../eeprom_test_bsp/\libhal_bsp.a(altera_avalon_jtag_uart_init.o)
 .data          0x020106cc        0x0 ../eeprom_test_bsp/\libhal_bsp.a(altera_avalon_jtag_uart_ioctl.o)
 .data          0x020106cc        0x0 ../eeprom_test_bsp/\libhal_bsp.a(altera_avalon_jtag_uart_read.o)
 .data          0x020106cc        0x0 ../eeprom_test_bsp/\libhal_bsp.a(altera_avalon_jtag_uart_write.o)
 .data          0x020106cc        0x0 ../eeprom_test_bsp/\libhal_bsp.a(altera_avalon_timer_sc.o)
 .data          0x020106cc        0x0 ../eeprom_test_bsp/\libhal_bsp.a(altera_avalon_uart_fd.o)
 .data          0x020106cc        0x0 ../eeprom_test_bsp/\libhal_bsp.a(altera_avalon_uart_init.o)
 .data          0x020106cc        0x0 ../eeprom_test_bsp/\libhal_bsp.a(altera_avalon_uart_read.o)
 .data          0x020106cc        0x0 ../eeprom_test_bsp/\libhal_bsp.a(altera_avalon_uart_write.o)
 .data          0x020106cc        0x0 ../eeprom_test_bsp/\libhal_bsp.a(epcs_commands.o)
 .data          0x020106cc        0x0 ../eeprom_test_bsp/\libhal_bsp.a(alt_alarm_start.o)
 .data          0x020106cc        0x0 ../eeprom_test_bsp/\libhal_bsp.a(alt_busy_sleep.o)
 .data          0x020106cc        0x0 ../eeprom_test_bsp/\libhal_bsp.a(alt_dev_llist_insert.o)
 .data          0x020106cc        0x0 ../eeprom_test_bsp/\libhal_bsp.a(alt_do_ctors.o)
 .data          0x020106cc        0x0 ../eeprom_test_bsp/\libhal_bsp.a(alt_do_dtors.o)
 .data          0x020106cc        0x0 ../eeprom_test_bsp/\libhal_bsp.a(alt_flash_dev.o)
 .data          0x020106cc        0x0 ../eeprom_test_bsp/\libhal_bsp.a(alt_iic.o)
 .data          0x020106cc        0x0 ../eeprom_test_bsp/\libhal_bsp.a(alt_iic_isr_register.o)
 .data          0x020106cc        0x0 ../eeprom_test_bsp/\libhal_bsp.a(alt_io_redirect.o)
 .data          0x020106cc        0x0 ../eeprom_test_bsp/\libhal_bsp.a(alt_irq_entry.o)
 .data          0x020106cc        0x0 ../eeprom_test_bsp/\libhal_bsp.a(alt_irq_handler.o)
 .data          0x020106cc        0x0 ../eeprom_test_bsp/\libhal_bsp.a(alt_irq_vars.o)
 .data          0x020106cc        0x0 ../eeprom_test_bsp/\libhal_bsp.a(alt_open.o)
 .data          0x020106cc        0x0 ../eeprom_test_bsp/\libhal_bsp.a(alt_tick.o)
 .data          0x020106cc        0x0 ../eeprom_test_bsp/\libhal_bsp.a(altera_nios2_qsys_irq.o)
 .data          0x020106cc        0x0 ../eeprom_test_bsp/\libhal_bsp.a(altera_avalon_spi.o)
 .data          0x020106cc        0x0 ../eeprom_test_bsp/\libhal_bsp.a(alt_exception_entry.o)
 .data          0x020106cc        0x0 ../eeprom_test_bsp/\libhal_bsp.a(alt_find_dev.o)
 .data          0x020106cc        0x0 ../eeprom_test_bsp/\libhal_bsp.a(alt_find_file.o)
 .data          0x020106cc        0x0 ../eeprom_test_bsp/\libhal_bsp.a(alt_get_fd.o)
 .data          0x020106cc        0x0 c:/altera/12.1/nios2eds/bin/gnu/h-i686-mingw32/bin/../lib/gcc/nios2-elf/4.1.2/../../../../nios2-elf/lib\libc.a(lib_a-atexit.o)
 .data          0x020106cc        0x0 c:/altera/12.1/nios2eds/bin/gnu/h-i686-mingw32/bin/../lib/gcc/nios2-elf/4.1.2/../../../../nios2-elf/lib\libc.a(lib_a-exit.o)
 .data          0x020106cc        0x0 c:/altera/12.1/nios2eds/bin/gnu/h-i686-mingw32/bin/../lib/gcc/nios2-elf/4.1.2/../../../../nios2-elf/lib\libc.a(lib_a-memcmp.o)
 .data          0x020106cc        0x0 c:/altera/12.1/nios2eds/bin/gnu/h-i686-mingw32/bin/../lib/gcc/nios2-elf/4.1.2/../../../../nios2-elf/lib\libc.a(lib_a-__atexit.o)
 .data          0x020106cc        0x0 c:/altera/12.1/nios2eds/bin/gnu/h-i686-mingw32/bin/../lib/gcc/nios2-elf/4.1.2/../../../../nios2-elf/lib\libc.a(lib_a-__call_atexit.o)
 .data          0x020106cc        0x0 ../eeprom_test_bsp/\libhal_bsp.a(alt_exit.o)
                0x020186cc                _gp = ABSOLUTE ((. + 0x8000))
                0x020186cc                PROVIDE (gp, _gp)
 *(.rwdata .rwdata.*)
 *(.sdata .sdata.* .gnu.linkonce.s.*)
 .sdata         0x020106cc        0x8 obj/default/driver/iic.o
                0x020106cc                iic
 .sdata         0x020106d4        0x8 c:/altera/12.1/nios2eds/bin/gnu/h-i686-mingw32/bin/../lib/gcc/nios2-elf/4.1.2/../../../../nios2-elf/lib\libc.a(lib_a-impure.o)
                0x020106d4                _impure_ptr
                0x020106d8                _global_impure_ptr
 .sdata         0x020106dc        0x8 c:/altera/12.1/nios2eds/bin/gnu/h-i686-mingw32/bin/../lib/gcc/nios2-elf/4.1.2/../../../../nios2-elf/lib\libc.a(lib_a-locale.o)
                0x020106dc                __mb_cur_max
 .sdata         0x020106e4        0x8 c:/altera/12.1/nios2eds/bin/gnu/h-i686-mingw32/bin/../lib/gcc/nios2-elf/4.1.2/../../../../nios2-elf/lib\libc.a(lib_a-mallocr.o)
                0x020106e4                __malloc_trim_threshold
                0x020106e8                __malloc_sbrk_base
 .sdata         0x020106ec       0x14 ../eeprom_test_bsp/\libhal_bsp.a(alt_dev.o)
                0x020106ec                alt_fs_list
                0x020106f4                alt_dev_list
                0x020106fc                alt_max_fd
 .sdata         0x02010700        0x4 ../eeprom_test_bsp/\libhal_bsp.a(alt_errno.o)
                0x02010700                alt_errno
 .sdata         0x02010704        0x4 ../eeprom_test_bsp/\libhal_bsp.a(alt_sbrk.o)
 .sdata         0x02010708        0x8 ../eeprom_test_bsp/\libhal_bsp.a(alt_flash_dev.o)
                0x02010708                alt_flash_dev_list
 .sdata         0x02010710        0x4 ../eeprom_test_bsp/\libhal_bsp.a(alt_irq_vars.o)
                0x02010710                alt_priority_mask
 .sdata         0x02010714        0x8 ../eeprom_test_bsp/\libhal_bsp.a(alt_tick.o)
                0x02010714                alt_alarm_list
 *(.sdata2 .sdata2.* .gnu.linkonce.s2.*)
                0x0201071c                . = ALIGN (0x4)
                0x0201071c                _edata = ABSOLUTE (.)
                0x0201071c                PROVIDE (edata, ABSOLUTE (.))
                0x0201071c                PROVIDE (__ram_rwdata_end, ABSOLUTE (.))
                0x0200eb24                PROVIDE (__flash_rwdata_start, LOADADDR (.rwdata))

.bss            0x0201071c      0x6ec
                0x0201071c                __bss_start = ABSOLUTE (.)
                0x0201071c                PROVIDE (__sbss_start, ABSOLUTE (.))
                0x0201071c                PROVIDE (___sbss_start, ABSOLUTE (.))
 *(.dynsbss)
 *(.sbss .sbss.* .gnu.linkonce.sb.*)
 .sbss          0x0201071c        0xc c:/altera/12.1/nios2eds/bin/gnu/h-i686-mingw32/bin/../lib/gcc/nios2-elf/4.1.2/../../../../nios2-elf/lib\libc.a(lib_a-locale.o)
                0x0201071c                __nlocale_changed
                0x02010720                __mlocale_changed
                0x02010724                _PathLocale
 .sbss          0x02010728        0xc c:/altera/12.1/nios2eds/bin/gnu/h-i686-mingw32/bin/../lib/gcc/nios2-elf/4.1.2/../../../../nios2-elf/lib\libc.a(lib_a-mallocr.o)
                0x02010728                __malloc_top_pad
                0x0201072c                __malloc_max_sbrked_mem
                0x02010730                __malloc_max_total_mem
 .sbss          0x02010734        0x4 c:/altera/12.1/nios2eds/bin/gnu/h-i686-mingw32/bin/../lib/gcc/nios2-elf/4.1.2/../../../../nios2-elf/lib\libc.a(lib_a-int_errno.o)
                0x02010734                errno
 .sbss          0x02010738        0xc ../eeprom_test_bsp/\libhal_bsp.a(alt_main.o)
                0x02010738                alt_argc
                0x0201073c                alt_argv
                0x02010740                alt_envp
 .sbss          0x02010744        0x4 ../eeprom_test_bsp/\libhal_bsp.a(alt_irq_vars.o)
                0x02010744                alt_irq_active
 .sbss          0x02010748        0x8 ../eeprom_test_bsp/\libhal_bsp.a(alt_tick.o)
                0x02010748                _alt_tick_rate
                0x0201074c                _alt_nticks
 *(.sbss2 .sbss2.* .gnu.linkonce.sb2.*)
 *(.scommon)
                0x02010750                PROVIDE (__sbss_end, ABSOLUTE (.))
                0x02010750                PROVIDE (___sbss_end, ABSOLUTE (.))
 *(.dynbss)
 *(.bss .bss.* .gnu.linkonce.b.*)
 .bss           0x02010750        0x0 ../eeprom_test_bsp//obj/HAL/src/crt0.o
 .bss           0x02010750        0x0 obj/default/driver/iic.o
 .bss           0x02010750        0x0 obj/default/main/main.o
 .bss           0x02010750        0x0 c:/altera/12.1/nios2eds/bin/gnu/h-i686-mingw32/bin/../lib/gcc/nios2-elf/4.1.2/../../../../nios2-elf/lib\libc.a(lib_a-printf.o)
 .bss           0x02010750        0x0 c:/altera/12.1/nios2eds/bin/gnu/h-i686-mingw32/bin/../lib/gcc/nios2-elf/4.1.2/../../../../nios2-elf/lib\libc.a(lib_a-puts.o)
 .bss           0x02010750        0x0 c:/altera/12.1/nios2eds/bin/gnu/h-i686-mingw32/bin/../lib/gcc/nios2-elf/4.1.2/../../../../nios2-elf/lib\libc.a(lib_a-strlen.o)
 .bss           0x02010750        0x0 c:/altera/12.1/nios2eds/bin/gnu/h-i686-mingw32/bin/../lib/gcc/nios2-elf/4.1.2/../../../../nios2-elf/lib\libc.a(lib_a-vfprintf.o)
 .bss           0x02010750        0x0 c:/altera/12.1/nios2eds/bin/gnu/h-i686-mingw32/bin/../lib/gcc/nios2-elf/4.1.2/../../../../nios2-elf/lib\libc.a(lib_a-wsetup.o)
 .bss           0x02010750        0x0 c:/altera/12.1/nios2eds/bin/gnu/h-i686-mingw32/bin/../lib/gcc/nios2-elf/4.1.2/../../../../nios2-elf/lib\libc.a(lib_a-dtoa.o)
 .bss           0x02010750        0x0 c:/altera/12.1/nios2eds/bin/gnu/h-i686-mingw32/bin/../lib/gcc/nios2-elf/4.1.2/../../../../nios2-elf/lib\libc.a(lib_a-fflush.o)
 .bss           0x02010750        0x0 c:/altera/12.1/nios2eds/bin/gnu/h-i686-mingw32/bin/../lib/gcc/nios2-elf/4.1.2/../../../../nios2-elf/lib\libc.a(lib_a-findfp.o)
 .bss           0x02010750        0x0 c:/altera/12.1/nios2eds/bin/gnu/h-i686-mingw32/bin/../lib/gcc/nios2-elf/4.1.2/../../../../nios2-elf/lib\libc.a(lib_a-freer.o)
 .bss           0x02010750        0x0 c:/altera/12.1/nios2eds/bin/gnu/h-i686-mingw32/bin/../lib/gcc/nios2-elf/4.1.2/../../../../nios2-elf/lib\libc.a(lib_a-fvwrite.o)
 .bss           0x02010750        0x0 c:/altera/12.1/nios2eds/bin/gnu/h-i686-mingw32/bin/../lib/gcc/nios2-elf/4.1.2/../../../../nios2-elf/lib\libc.a(lib_a-fwalk.o)
 .bss           0x02010750        0x0 c:/altera/12.1/nios2eds/bin/gnu/h-i686-mingw32/bin/../lib/gcc/nios2-elf/4.1.2/../../../../nios2-elf/lib\libc.a(lib_a-impure.o)
 .bss           0x02010750        0x0 c:/altera/12.1/nios2eds/bin/gnu/h-i686-mingw32/bin/../lib/gcc/nios2-elf/4.1.2/../../../../nios2-elf/lib\libc.a(lib_a-locale.o)
 .bss           0x02010750        0x0 c:/altera/12.1/nios2eds/bin/gnu/h-i686-mingw32/bin/../lib/gcc/nios2-elf/4.1.2/../../../../nios2-elf/lib\libc.a(lib_a-makebuf.o)
 .bss           0x02010750       0x28 c:/altera/12.1/nios2eds/bin/gnu/h-i686-mingw32/bin/../lib/gcc/nios2-elf/4.1.2/../../../../nios2-elf/lib\libc.a(lib_a-mallocr.o)
                0x02010750                __malloc_current_mallinfo
 .bss           0x02010778        0x0 c:/altera/12.1/nios2eds/bin/gnu/h-i686-mingw32/bin/../lib/gcc/nios2-elf/4.1.2/../../../../nios2-elf/lib\libc.a(lib_a-memchr.o)
 .bss           0x02010778        0x0 c:/altera/12.1/nios2eds/bin/gnu/h-i686-mingw32/bin/../lib/gcc/nios2-elf/4.1.2/../../../../nios2-elf/lib\libc.a(lib_a-memcpy.o)
 .bss           0x02010778        0x0 c:/altera/12.1/nios2eds/bin/gnu/h-i686-mingw32/bin/../lib/gcc/nios2-elf/4.1.2/../../../../nios2-elf/lib\libc.a(lib_a-memmove.o)
 .bss           0x02010778        0x0 c:/altera/12.1/nios2eds/bin/gnu/h-i686-mingw32/bin/../lib/gcc/nios2-elf/4.1.2/../../../../nios2-elf/lib\libc.a(lib_a-memset.o)
 .bss           0x02010778        0x0 c:/altera/12.1/nios2eds/bin/gnu/h-i686-mingw32/bin/../lib/gcc/nios2-elf/4.1.2/../../../../nios2-elf/lib\libc.a(lib_a-mprec.o)
 .bss           0x02010778        0x0 c:/altera/12.1/nios2eds/bin/gnu/h-i686-mingw32/bin/../lib/gcc/nios2-elf/4.1.2/../../../../nios2-elf/lib\libc.a(lib_a-reallocr.o)
 .bss           0x02010778        0x0 c:/altera/12.1/nios2eds/bin/gnu/h-i686-mingw32/bin/../lib/gcc/nios2-elf/4.1.2/../../../../nios2-elf/lib\libc.a(lib_a-s_isinfd.o)
 .bss           0x02010778        0x0 c:/altera/12.1/nios2eds/bin/gnu/h-i686-mingw32/bin/../lib/gcc/nios2-elf/4.1.2/../../../../nios2-elf/lib\libc.a(lib_a-s_isnand.o)
 .bss           0x02010778        0x0 c:/altera/12.1/nios2eds/bin/gnu/h-i686-mingw32/bin/../lib/gcc/nios2-elf/4.1.2/../../../../nios2-elf/lib\libc.a(lib_a-sbrkr.o)
 .bss           0x02010778        0x0 c:/altera/12.1/nios2eds/bin/gnu/h-i686-mingw32/bin/../lib/gcc/nios2-elf/4.1.2/../../../../nios2-elf/lib\libc.a(lib_a-stdio.o)
 .bss           0x02010778        0x0 c:/altera/12.1/nios2eds/bin/gnu/h-i686-mingw32/bin/../lib/gcc/nios2-elf/4.1.2/../../../../nios2-elf/lib\libc.a(lib_a-strcmp.o)
 .bss           0x02010778        0x0 c:/altera/12.1/nios2eds/bin/gnu/h-i686-mingw32/bin/../lib/gcc/nios2-elf/4.1.2/../../../../nios2-elf/lib\libc.a(lib_a-writer.o)
 .bss           0x02010778        0x0 c:/altera/12.1/nios2eds/bin/gnu/h-i686-mingw32/bin/../lib/gcc/nios2-elf/4.1.2/../../../../nios2-elf/lib\libc.a(lib_a-callocr.o)
 .bss           0x02010778        0x0 c:/altera/12.1/nios2eds/bin/gnu/h-i686-mingw32/bin/../lib/gcc/nios2-elf/4.1.2/../../../../nios2-elf/lib\libc.a(lib_a-closer.o)
 .bss           0x02010778        0x0 c:/altera/12.1/nios2eds/bin/gnu/h-i686-mingw32/bin/../lib/gcc/nios2-elf/4.1.2/../../../../nios2-elf/lib\libc.a(lib_a-fclose.o)
 .bss           0x02010778        0x0 c:/altera/12.1/nios2eds/bin/gnu/h-i686-mingw32/bin/../lib/gcc/nios2-elf/4.1.2/../../../../nios2-elf/lib\libc.a(lib_a-fstatr.o)
 .bss           0x02010778        0x0 c:/altera/12.1/nios2eds/bin/gnu/h-i686-mingw32/bin/../lib/gcc/nios2-elf/4.1.2/../../../../nios2-elf/lib\libc.a(lib_a-int_errno.o)
 .bss           0x02010778        0x0 c:/altera/12.1/nios2eds/bin/gnu/h-i686-mingw32/bin/../lib/gcc/nios2-elf/4.1.2/../../../../nios2-elf/lib\libc.a(lib_a-isattyr.o)
 .bss           0x02010778        0x0 c:/altera/12.1/nios2eds/bin/gnu/h-i686-mingw32/bin/../lib/gcc/nios2-elf/4.1.2/../../../../nios2-elf/lib\libc.a(lib_a-lseekr.o)
 .bss           0x02010778        0x0 c:/altera/12.1/nios2eds/bin/gnu/h-i686-mingw32/bin/../lib/gcc/nios2-elf/4.1.2/../../../../nios2-elf/lib\libc.a(lib_a-readr.o)
 .bss           0x02010778        0x0 c:/altera/12.1/nios2eds/bin/gnu/h-i686-mingw32/bin/../lib/gcc/nios2-elf/4.1.2\libgcc.a(_udivdi3.o)
 .bss           0x02010778        0x0 c:/altera/12.1/nios2eds/bin/gnu/h-i686-mingw32/bin/../lib/gcc/nios2-elf/4.1.2\libgcc.a(_umoddi3.o)
 .bss           0x02010778        0x0 c:/altera/12.1/nios2eds/bin/gnu/h-i686-mingw32/bin/../lib/gcc/nios2-elf/4.1.2\libgcc.a(_addsub_df.o)
 .bss           0x02010778        0x0 c:/altera/12.1/nios2eds/bin/gnu/h-i686-mingw32/bin/../lib/gcc/nios2-elf/4.1.2\libgcc.a(_mul_df.o)
 .bss           0x02010778        0x0 c:/altera/12.1/nios2eds/bin/gnu/h-i686-mingw32/bin/../lib/gcc/nios2-elf/4.1.2\libgcc.a(_div_df.o)
 .bss           0x02010778        0x0 c:/altera/12.1/nios2eds/bin/gnu/h-i686-mingw32/bin/../lib/gcc/nios2-elf/4.1.2\libgcc.a(_eq_df.o)
 .bss           0x02010778        0x0 c:/altera/12.1/nios2eds/bin/gnu/h-i686-mingw32/bin/../lib/gcc/nios2-elf/4.1.2\libgcc.a(_ne_df.o)
 .bss           0x02010778        0x0 c:/altera/12.1/nios2eds/bin/gnu/h-i686-mingw32/bin/../lib/gcc/nios2-elf/4.1.2\libgcc.a(_gt_df.o)
 .bss           0x02010778        0x0 c:/altera/12.1/nios2eds/bin/gnu/h-i686-mingw32/bin/../lib/gcc/nios2-elf/4.1.2\libgcc.a(_ge_df.o)
 .bss           0x02010778        0x0 c:/altera/12.1/nios2eds/bin/gnu/h-i686-mingw32/bin/../lib/gcc/nios2-elf/4.1.2\libgcc.a(_lt_df.o)
 .bss           0x02010778        0x0 c:/altera/12.1/nios2eds/bin/gnu/h-i686-mingw32/bin/../lib/gcc/nios2-elf/4.1.2\libgcc.a(_si_to_df.o)
 .bss           0x02010778        0x0 c:/altera/12.1/nios2eds/bin/gnu/h-i686-mingw32/bin/../lib/gcc/nios2-elf/4.1.2\libgcc.a(_df_to_si.o)
 .bss           0x02010778        0x0 c:/altera/12.1/nios2eds/bin/gnu/h-i686-mingw32/bin/../lib/gcc/nios2-elf/4.1.2\libgcc.a(_thenan_df.o)
 .bss           0x02010778        0x0 c:/altera/12.1/nios2eds/bin/gnu/h-i686-mingw32/bin/../lib/gcc/nios2-elf/4.1.2\libgcc.a(_usi_to_df.o)
 .bss           0x02010778        0x0 c:/altera/12.1/nios2eds/bin/gnu/h-i686-mingw32/bin/../lib/gcc/nios2-elf/4.1.2\libgcc.a(lib2-divmod.o)
 .bss           0x02010778        0x0 c:/altera/12.1/nios2eds/bin/gnu/h-i686-mingw32/bin/../lib/gcc/nios2-elf/4.1.2\libgcc.a(_muldi3.o)
 .bss           0x02010778        0x0 c:/altera/12.1/nios2eds/bin/gnu/h-i686-mingw32/bin/../lib/gcc/nios2-elf/4.1.2\libgcc.a(_clz.o)
 .bss           0x02010778        0x0 c:/altera/12.1/nios2eds/bin/gnu/h-i686-mingw32/bin/../lib/gcc/nios2-elf/4.1.2\libgcc.a(_clzsi2.o)
 .bss           0x02010778        0x0 c:/altera/12.1/nios2eds/bin/gnu/h-i686-mingw32/bin/../lib/gcc/nios2-elf/4.1.2\libgcc.a(_pack_df.o)
 .bss           0x02010778        0x0 c:/altera/12.1/nios2eds/bin/gnu/h-i686-mingw32/bin/../lib/gcc/nios2-elf/4.1.2\libgcc.a(_unpack_df.o)
 .bss           0x02010778        0x0 c:/altera/12.1/nios2eds/bin/gnu/h-i686-mingw32/bin/../lib/gcc/nios2-elf/4.1.2\libgcc.a(_fpcmp_parts_df.o)
 .bss           0x02010778        0x0 ../eeprom_test_bsp/\libhal_bsp.a(alt_close.o)
 .bss           0x02010778        0x0 ../eeprom_test_bsp/\libhal_bsp.a(alt_dev.o)
 .bss           0x02010778        0x0 ../eeprom_test_bsp/\libhal_bsp.a(alt_errno.o)
 .bss           0x02010778        0x0 ../eeprom_test_bsp/\libhal_bsp.a(alt_fstat.o)
 .bss           0x02010778        0x0 ../eeprom_test_bsp/\libhal_bsp.a(alt_isatty.o)
 .bss           0x02010778        0x0 ../eeprom_test_bsp/\libhal_bsp.a(alt_lseek.o)
 .bss           0x02010778        0x0 ../eeprom_test_bsp/\libhal_bsp.a(alt_main.o)
 .bss           0x02010778        0x0 ../eeprom_test_bsp/\libhal_bsp.a(alt_malloc_lock.o)
 .bss           0x02010778        0x0 ../eeprom_test_bsp/\libhal_bsp.a(alt_read.o)
 .bss           0x02010778        0x0 ../eeprom_test_bsp/\libhal_bsp.a(alt_release_fd.o)
 .bss           0x02010778        0x0 ../eeprom_test_bsp/\libhal_bsp.a(alt_sbrk.o)
 .bss           0x02010778        0x0 ../eeprom_test_bsp/\libhal_bsp.a(alt_usleep.o)
 .bss           0x02010778        0x0 ../eeprom_test_bsp/\libhal_bsp.a(alt_write.o)
 .bss           0x02010778        0x0 ../eeprom_test_bsp/\libhal_bsp.a(alt_sys_init.o)
 .bss           0x02010778        0x0 ../eeprom_test_bsp/\libhal_bsp.a(altera_avalon_epcs_flash_controller.o)
 .bss           0x02010778        0x0 ../eeprom_test_bsp/\libhal_bsp.a(altera_avalon_jtag_uart_fd.o)
 .bss           0x02010778        0x0 ../eeprom_test_bsp/\libhal_bsp.a(altera_avalon_jtag_uart_init.o)
 .bss           0x02010778        0x0 ../eeprom_test_bsp/\libhal_bsp.a(altera_avalon_jtag_uart_ioctl.o)
 .bss           0x02010778        0x0 ../eeprom_test_bsp/\libhal_bsp.a(altera_avalon_jtag_uart_read.o)
 .bss           0x02010778        0x0 ../eeprom_test_bsp/\libhal_bsp.a(altera_avalon_jtag_uart_write.o)
 .bss           0x02010778        0x0 ../eeprom_test_bsp/\libhal_bsp.a(altera_avalon_timer_sc.o)
 .bss           0x02010778        0x0 ../eeprom_test_bsp/\libhal_bsp.a(altera_avalon_uart_fd.o)
 .bss           0x02010778        0x0 ../eeprom_test_bsp/\libhal_bsp.a(altera_avalon_uart_init.o)
 .bss           0x02010778        0x0 ../eeprom_test_bsp/\libhal_bsp.a(altera_avalon_uart_read.o)
 .bss           0x02010778        0x0 ../eeprom_test_bsp/\libhal_bsp.a(altera_avalon_uart_write.o)
 .bss           0x02010778        0x0 ../eeprom_test_bsp/\libhal_bsp.a(epcs_commands.o)
 .bss           0x02010778        0x0 ../eeprom_test_bsp/\libhal_bsp.a(alt_alarm_start.o)
 .bss           0x02010778        0x0 ../eeprom_test_bsp/\libhal_bsp.a(alt_busy_sleep.o)
 .bss           0x02010778        0x0 ../eeprom_test_bsp/\libhal_bsp.a(alt_dev_llist_insert.o)
 .bss           0x02010778        0x0 ../eeprom_test_bsp/\libhal_bsp.a(alt_do_ctors.o)
 .bss           0x02010778        0x0 ../eeprom_test_bsp/\libhal_bsp.a(alt_do_dtors.o)
 .bss           0x02010778        0x0 ../eeprom_test_bsp/\libhal_bsp.a(alt_flash_dev.o)
 .bss           0x02010778        0x0 ../eeprom_test_bsp/\libhal_bsp.a(alt_iic.o)
 .bss           0x02010778        0x0 ../eeprom_test_bsp/\libhal_bsp.a(alt_iic_isr_register.o)
 .bss           0x02010778        0x0 ../eeprom_test_bsp/\libhal_bsp.a(alt_io_redirect.o)
 .bss           0x02010778        0x0 ../eeprom_test_bsp/\libhal_bsp.a(alt_irq_entry.o)
 .bss           0x02010778        0x0 ../eeprom_test_bsp/\libhal_bsp.a(alt_irq_handler.o)
 .bss           0x02010778        0x0 ../eeprom_test_bsp/\libhal_bsp.a(alt_irq_vars.o)
 .bss           0x02010778        0x0 ../eeprom_test_bsp/\libhal_bsp.a(alt_open.o)
 .bss           0x02010778        0x0 ../eeprom_test_bsp/\libhal_bsp.a(alt_tick.o)
 .bss           0x02010778        0x0 ../eeprom_test_bsp/\libhal_bsp.a(altera_nios2_qsys_irq.o)
 .bss           0x02010778        0x0 ../eeprom_test_bsp/\libhal_bsp.a(altera_avalon_spi.o)
 .bss           0x02010778        0x0 ../eeprom_test_bsp/\libhal_bsp.a(alt_exception_entry.o)
 .bss           0x02010778        0x0 ../eeprom_test_bsp/\libhal_bsp.a(alt_find_dev.o)
 .bss           0x02010778        0x0 ../eeprom_test_bsp/\libhal_bsp.a(alt_find_file.o)
 .bss           0x02010778        0x0 ../eeprom_test_bsp/\libhal_bsp.a(alt_get_fd.o)
 .bss           0x02010778        0x0 c:/altera/12.1/nios2eds/bin/gnu/h-i686-mingw32/bin/../lib/gcc/nios2-elf/4.1.2/../../../../nios2-elf/lib\libc.a(lib_a-atexit.o)
 .bss           0x02010778        0x0 c:/altera/12.1/nios2eds/bin/gnu/h-i686-mingw32/bin/../lib/gcc/nios2-elf/4.1.2/../../../../nios2-elf/lib\libc.a(lib_a-exit.o)
 .bss           0x02010778        0x0 c:/altera/12.1/nios2eds/bin/gnu/h-i686-mingw32/bin/../lib/gcc/nios2-elf/4.1.2/../../../../nios2-elf/lib\libc.a(lib_a-memcmp.o)
 .bss           0x02010778        0x0 c:/altera/12.1/nios2eds/bin/gnu/h-i686-mingw32/bin/../lib/gcc/nios2-elf/4.1.2/../../../../nios2-elf/lib\libc.a(lib_a-__atexit.o)
 .bss           0x02010778        0x0 c:/altera/12.1/nios2eds/bin/gnu/h-i686-mingw32/bin/../lib/gcc/nios2-elf/4.1.2/../../../../nios2-elf/lib\libc.a(lib_a-__call_atexit.o)
 .bss           0x02010778        0x0 ../eeprom_test_bsp/\libhal_bsp.a(alt_exit.o)
 *(COMMON)
 COMMON         0x02010778      0x400 obj/default/main/main.o
                0x02010778                read_buffer
                0x02010978                write_buffer
 COMMON         0x02010b78      0x100 ../eeprom_test_bsp/\libhal_bsp.a(alt_irq_handler.o)
                0x02010b78                alt_irq
 COMMON         0x02010c78      0x190 c:/altera/12.1/nios2eds/bin/gnu/h-i686-mingw32/bin/../lib/gcc/nios2-elf/4.1.2/../../../../nios2-elf/lib\libc.a(lib_a-atexit.o)
                0x02010c78                _atexit0
                0x02010e08                . = ALIGN (0x4)
                0x02010e08                __bss_end = ABSOLUTE (.)

.sdram          0x02010e08        0x0
                0x02010e08                PROVIDE (_alt_partition_sdram_start, ABSOLUTE (.))
 *(.sdram. sdram.*)
                0x02010e08                . = ALIGN (0x4)
                0x02010e08                PROVIDE (_alt_partition_sdram_end, ABSOLUTE (.))
                0x02010e08                _end = ABSOLUTE (.)
                0x02010e08                end = ABSOLUTE (.)
                0x02010e08                __alt_stack_base = ABSOLUTE (.)
                0x02010e08                PROVIDE (_alt_partition_sdram_load_addr, LOADADDR (.sdram))

.epcs_flash     0x04001020        0x0
                0x04001020                PROVIDE (_alt_partition_epcs_flash_start, ABSOLUTE (.))
 *(.epcs_flash. epcs_flash.*)
                0x04001020                . = ALIGN (0x4)
                0x04001020                PROVIDE (_alt_partition_epcs_flash_end, ABSOLUTE (.))
                0x04001020                PROVIDE (_alt_partition_epcs_flash_load_addr, LOADADDR (.epcs_flash))

.stab
 *(.stab)

.stabstr
 *(.stabstr)

.stab.excl
 *(.stab.excl)

.stab.exclstr
 *(.stab.exclstr)

.stab.index
 *(.stab.index)

.stab.indexstr
 *(.stab.indexstr)

.comment        0x00000000       0x23
 *(.comment)
 .comment       0x00000000       0x23 obj/default/driver/iic.o
                                 0x24 (size before relaxing)
 .comment       0x00000000       0x24 obj/default/main/main.o
 .comment       0x00000000       0x24 c:/altera/12.1/nios2eds/bin/gnu/h-i686-mingw32/bin/../lib/gcc/nios2-elf/4.1.2/../../../../nios2-elf/lib\libc.a(lib_a-printf.o)
 .comment       0x00000000       0x24 c:/altera/12.1/nios2eds/bin/gnu/h-i686-mingw32/bin/../lib/gcc/nios2-elf/4.1.2/../../../../nios2-elf/lib\libc.a(lib_a-puts.o)
 .comment       0x00000000       0x24 c:/altera/12.1/nios2eds/bin/gnu/h-i686-mingw32/bin/../lib/gcc/nios2-elf/4.1.2/../../../../nios2-elf/lib\libc.a(lib_a-strlen.o)
 .comment       0x00000000       0x24 c:/altera/12.1/nios2eds/bin/gnu/h-i686-mingw32/bin/../lib/gcc/nios2-elf/4.1.2/../../../../nios2-elf/lib\libc.a(lib_a-vfprintf.o)
 .comment       0x00000000       0x24 c:/altera/12.1/nios2eds/bin/gnu/h-i686-mingw32/bin/../lib/gcc/nios2-elf/4.1.2/../../../../nios2-elf/lib\libc.a(lib_a-wsetup.o)
 .comment       0x00000000       0x24 c:/altera/12.1/nios2eds/bin/gnu/h-i686-mingw32/bin/../lib/gcc/nios2-elf/4.1.2/../../../../nios2-elf/lib\libc.a(lib_a-dtoa.o)
 .comment       0x00000000       0x24 c:/altera/12.1/nios2eds/bin/gnu/h-i686-mingw32/bin/../lib/gcc/nios2-elf/4.1.2/../../../../nios2-elf/lib\libc.a(lib_a-fflush.o)
 .comment       0x00000000       0x24 c:/altera/12.1/nios2eds/bin/gnu/h-i686-mingw32/bin/../lib/gcc/nios2-elf/4.1.2/../../../../nios2-elf/lib\libc.a(lib_a-findfp.o)
 .comment       0x00000000       0x24 c:/altera/12.1/nios2eds/bin/gnu/h-i686-mingw32/bin/../lib/gcc/nios2-elf/4.1.2/../../../../nios2-elf/lib\libc.a(lib_a-freer.o)
 .comment       0x00000000       0x24 c:/altera/12.1/nios2eds/bin/gnu/h-i686-mingw32/bin/../lib/gcc/nios2-elf/4.1.2/../../../../nios2-elf/lib\libc.a(lib_a-fvwrite.o)
 .comment       0x00000000       0x24 c:/altera/12.1/nios2eds/bin/gnu/h-i686-mingw32/bin/../lib/gcc/nios2-elf/4.1.2/../../../../nios2-elf/lib\libc.a(lib_a-fwalk.o)
 .comment       0x00000000       0x24 c:/altera/12.1/nios2eds/bin/gnu/h-i686-mingw32/bin/../lib/gcc/nios2-elf/4.1.2/../../../../nios2-elf/lib\libc.a(lib_a-impure.o)
 .comment       0x00000000       0x24 c:/altera/12.1/nios2eds/bin/gnu/h-i686-mingw32/bin/../lib/gcc/nios2-elf/4.1.2/../../../../nios2-elf/lib\libc.a(lib_a-locale.o)
 .comment       0x00000000       0x24 c:/altera/12.1/nios2eds/bin/gnu/h-i686-mingw32/bin/../lib/gcc/nios2-elf/4.1.2/../../../../nios2-elf/lib\libc.a(lib_a-makebuf.o)
 .comment       0x00000000       0x24 c:/altera/12.1/nios2eds/bin/gnu/h-i686-mingw32/bin/../lib/gcc/nios2-elf/4.1.2/../../../../nios2-elf/lib\libc.a(lib_a-mallocr.o)
 .comment       0x00000000       0x24 c:/altera/12.1/nios2eds/bin/gnu/h-i686-mingw32/bin/../lib/gcc/nios2-elf/4.1.2/../../../../nios2-elf/lib\libc.a(lib_a-memchr.o)
 .comment       0x00000000       0x24 c:/altera/12.1/nios2eds/bin/gnu/h-i686-mingw32/bin/../lib/gcc/nios2-elf/4.1.2/../../../../nios2-elf/lib\libc.a(lib_a-memcpy.o)
 .comment       0x00000000       0x24 c:/altera/12.1/nios2eds/bin/gnu/h-i686-mingw32/bin/../lib/gcc/nios2-elf/4.1.2/../../../../nios2-elf/lib\libc.a(lib_a-memmove.o)
 .comment       0x00000000       0x24 c:/altera/12.1/nios2eds/bin/gnu/h-i686-mingw32/bin/../lib/gcc/nios2-elf/4.1.2/../../../../nios2-elf/lib\libc.a(lib_a-memset.o)
 .comment       0x00000000       0x24 c:/altera/12.1/nios2eds/bin/gnu/h-i686-mingw32/bin/../lib/gcc/nios2-elf/4.1.2/../../../../nios2-elf/lib\libc.a(lib_a-mprec.o)
 .comment       0x00000000       0x24 c:/altera/12.1/nios2eds/bin/gnu/h-i686-mingw32/bin/../lib/gcc/nios2-elf/4.1.2/../../../../nios2-elf/lib\libc.a(lib_a-reallocr.o)
 .comment       0x00000000       0x24 c:/altera/12.1/nios2eds/bin/gnu/h-i686-mingw32/bin/../lib/gcc/nios2-elf/4.1.2/../../../../nios2-elf/lib\libc.a(lib_a-s_isinfd.o)
 .comment       0x00000000       0x24 c:/altera/12.1/nios2eds/bin/gnu/h-i686-mingw32/bin/../lib/gcc/nios2-elf/4.1.2/../../../../nios2-elf/lib\libc.a(lib_a-s_isnand.o)
 .comment       0x00000000       0x24 c:/altera/12.1/nios2eds/bin/gnu/h-i686-mingw32/bin/../lib/gcc/nios2-elf/4.1.2/../../../../nios2-elf/lib\libc.a(lib_a-sbrkr.o)
 .comment       0x00000000       0x24 c:/altera/12.1/nios2eds/bin/gnu/h-i686-mingw32/bin/../lib/gcc/nios2-elf/4.1.2/../../../../nios2-elf/lib\libc.a(lib_a-stdio.o)
 .comment       0x00000000       0x24 c:/altera/12.1/nios2eds/bin/gnu/h-i686-mingw32/bin/../lib/gcc/nios2-elf/4.1.2/../../../../nios2-elf/lib\libc.a(lib_a-strcmp.o)
 .comment       0x00000000       0x24 c:/altera/12.1/nios2eds/bin/gnu/h-i686-mingw32/bin/../lib/gcc/nios2-elf/4.1.2/../../../../nios2-elf/lib\libc.a(lib_a-writer.o)
 .comment       0x00000000       0x24 c:/altera/12.1/nios2eds/bin/gnu/h-i686-mingw32/bin/../lib/gcc/nios2-elf/4.1.2/../../../../nios2-elf/lib\libc.a(lib_a-callocr.o)
 .comment       0x00000000       0x24 c:/altera/12.1/nios2eds/bin/gnu/h-i686-mingw32/bin/../lib/gcc/nios2-elf/4.1.2/../../../../nios2-elf/lib\libc.a(lib_a-closer.o)
 .comment       0x00000000       0x24 c:/altera/12.1/nios2eds/bin/gnu/h-i686-mingw32/bin/../lib/gcc/nios2-elf/4.1.2/../../../../nios2-elf/lib\libc.a(lib_a-fclose.o)
 .comment       0x00000000       0x24 c:/altera/12.1/nios2eds/bin/gnu/h-i686-mingw32/bin/../lib/gcc/nios2-elf/4.1.2/../../../../nios2-elf/lib\libc.a(lib_a-fstatr.o)
 .comment       0x00000000       0x24 c:/altera/12.1/nios2eds/bin/gnu/h-i686-mingw32/bin/../lib/gcc/nios2-elf/4.1.2/../../../../nios2-elf/lib\libc.a(lib_a-int_errno.o)
 .comment       0x00000000       0x24 c:/altera/12.1/nios2eds/bin/gnu/h-i686-mingw32/bin/../lib/gcc/nios2-elf/4.1.2/../../../../nios2-elf/lib\libc.a(lib_a-isattyr.o)
 .comment       0x00000000       0x24 c:/altera/12.1/nios2eds/bin/gnu/h-i686-mingw32/bin/../lib/gcc/nios2-elf/4.1.2/../../../../nios2-elf/lib\libc.a(lib_a-lseekr.o)
 .comment       0x00000000       0x24 c:/altera/12.1/nios2eds/bin/gnu/h-i686-mingw32/bin/../lib/gcc/nios2-elf/4.1.2/../../../../nios2-elf/lib\libc.a(lib_a-readr.o)
 .comment       0x00000000       0x24 c:/altera/12.1/nios2eds/bin/gnu/h-i686-mingw32/bin/../lib/gcc/nios2-elf/4.1.2\libgcc.a(_udivdi3.o)
 .comment       0x00000000       0x24 c:/altera/12.1/nios2eds/bin/gnu/h-i686-mingw32/bin/../lib/gcc/nios2-elf/4.1.2\libgcc.a(_umoddi3.o)
 .comment       0x00000000       0x24 c:/altera/12.1/nios2eds/bin/gnu/h-i686-mingw32/bin/../lib/gcc/nios2-elf/4.1.2\libgcc.a(_addsub_df.o)
 .comment       0x00000000       0x24 c:/altera/12.1/nios2eds/bin/gnu/h-i686-mingw32/bin/../lib/gcc/nios2-elf/4.1.2\libgcc.a(_mul_df.o)
 .comment       0x00000000       0x24 c:/altera/12.1/nios2eds/bin/gnu/h-i686-mingw32/bin/../lib/gcc/nios2-elf/4.1.2\libgcc.a(_div_df.o)
 .comment       0x00000000       0x24 c:/altera/12.1/nios2eds/bin/gnu/h-i686-mingw32/bin/../lib/gcc/nios2-elf/4.1.2\libgcc.a(_eq_df.o)
 .comment       0x00000000       0x24 c:/altera/12.1/nios2eds/bin/gnu/h-i686-mingw32/bin/../lib/gcc/nios2-elf/4.1.2\libgcc.a(_ne_df.o)
 .comment       0x00000000       0x24 c:/altera/12.1/nios2eds/bin/gnu/h-i686-mingw32/bin/../lib/gcc/nios2-elf/4.1.2\libgcc.a(_gt_df.o)
 .comment       0x00000000       0x24 c:/altera/12.1/nios2eds/bin/gnu/h-i686-mingw32/bin/../lib/gcc/nios2-elf/4.1.2\libgcc.a(_ge_df.o)
 .comment       0x00000000       0x24 c:/altera/12.1/nios2eds/bin/gnu/h-i686-mingw32/bin/../lib/gcc/nios2-elf/4.1.2\libgcc.a(_lt_df.o)
 .comment       0x00000000       0x24 c:/altera/12.1/nios2eds/bin/gnu/h-i686-mingw32/bin/../lib/gcc/nios2-elf/4.1.2\libgcc.a(_si_to_df.o)
 .comment       0x00000000       0x24 c:/altera/12.1/nios2eds/bin/gnu/h-i686-mingw32/bin/../lib/gcc/nios2-elf/4.1.2\libgcc.a(_df_to_si.o)
 .comment       0x00000000       0x24 c:/altera/12.1/nios2eds/bin/gnu/h-i686-mingw32/bin/../lib/gcc/nios2-elf/4.1.2\libgcc.a(_thenan_df.o)
 .comment       0x00000000       0x24 c:/altera/12.1/nios2eds/bin/gnu/h-i686-mingw32/bin/../lib/gcc/nios2-elf/4.1.2\libgcc.a(_usi_to_df.o)
 .comment       0x00000000       0x24 c:/altera/12.1/nios2eds/bin/gnu/h-i686-mingw32/bin/../lib/gcc/nios2-elf/4.1.2\libgcc.a(lib2-divmod.o)
 .comment       0x00000000       0x24 c:/altera/12.1/nios2eds/bin/gnu/h-i686-mingw32/bin/../lib/gcc/nios2-elf/4.1.2\libgcc.a(_muldi3.o)
 .comment       0x00000000       0x24 c:/altera/12.1/nios2eds/bin/gnu/h-i686-mingw32/bin/../lib/gcc/nios2-elf/4.1.2\libgcc.a(_clz.o)
 .comment       0x00000000       0x24 c:/altera/12.1/nios2eds/bin/gnu/h-i686-mingw32/bin/../lib/gcc/nios2-elf/4.1.2\libgcc.a(_clzsi2.o)
 .comment       0x00000000       0x24 c:/altera/12.1/nios2eds/bin/gnu/h-i686-mingw32/bin/../lib/gcc/nios2-elf/4.1.2\libgcc.a(_pack_df.o)
 .comment       0x00000000       0x24 c:/altera/12.1/nios2eds/bin/gnu/h-i686-mingw32/bin/../lib/gcc/nios2-elf/4.1.2\libgcc.a(_unpack_df.o)
 .comment       0x00000000       0x24 c:/altera/12.1/nios2eds/bin/gnu/h-i686-mingw32/bin/../lib/gcc/nios2-elf/4.1.2\libgcc.a(_fpcmp_parts_df.o)
 .comment       0x00000000       0x24 ../eeprom_test_bsp/\libhal_bsp.a(alt_close.o)
 .comment       0x00000000       0x24 ../eeprom_test_bsp/\libhal_bsp.a(alt_dev.o)
 .comment       0x00000000       0x24 ../eeprom_test_bsp/\libhal_bsp.a(alt_errno.o)
 .comment       0x00000000       0x24 ../eeprom_test_bsp/\libhal_bsp.a(alt_fstat.o)
 .comment       0x00000000       0x24 ../eeprom_test_bsp/\libhal_bsp.a(alt_isatty.o)
 .comment       0x00000000       0x24 ../eeprom_test_bsp/\libhal_bsp.a(alt_lseek.o)
 .comment       0x00000000       0x24 ../eeprom_test_bsp/\libhal_bsp.a(alt_main.o)
 .comment       0x00000000       0x24 ../eeprom_test_bsp/\libhal_bsp.a(alt_malloc_lock.o)
 .comment       0x00000000       0x24 ../eeprom_test_bsp/\libhal_bsp.a(alt_read.o)
 .comment       0x00000000       0x24 ../eeprom_test_bsp/\libhal_bsp.a(alt_release_fd.o)
 .comment       0x00000000       0x24 ../eeprom_test_bsp/\libhal_bsp.a(alt_sbrk.o)
 .comment       0x00000000       0x24 ../eeprom_test_bsp/\libhal_bsp.a(alt_usleep.o)
 .comment       0x00000000       0x24 ../eeprom_test_bsp/\libhal_bsp.a(alt_write.o)
 .comment       0x00000000       0x24 ../eeprom_test_bsp/\libhal_bsp.a(alt_sys_init.o)
 .comment       0x00000000       0x24 ../eeprom_test_bsp/\libhal_bsp.a(altera_avalon_epcs_flash_controller.o)
 .comment       0x00000000       0x24 ../eeprom_test_bsp/\libhal_bsp.a(altera_avalon_jtag_uart_fd.o)
 .comment       0x00000000       0x24 ../eeprom_test_bsp/\libhal_bsp.a(altera_avalon_jtag_uart_init.o)
 .comment       0x00000000       0x24 ../eeprom_test_bsp/\libhal_bsp.a(altera_avalon_jtag_uart_ioctl.o)
 .comment       0x00000000       0x24 ../eeprom_test_bsp/\libhal_bsp.a(altera_avalon_jtag_uart_read.o)
 .comment       0x00000000       0x24 ../eeprom_test_bsp/\libhal_bsp.a(altera_avalon_jtag_uart_write.o)
 .comment       0x00000000       0x24 ../eeprom_test_bsp/\libhal_bsp.a(altera_avalon_timer_sc.o)
 .comment       0x00000000       0x24 ../eeprom_test_bsp/\libhal_bsp.a(altera_avalon_uart_fd.o)
 .comment       0x00000000       0x24 ../eeprom_test_bsp/\libhal_bsp.a(altera_avalon_uart_init.o)
 .comment       0x00000000       0x24 ../eeprom_test_bsp/\libhal_bsp.a(altera_avalon_uart_read.o)
 .comment       0x00000000       0x24 ../eeprom_test_bsp/\libhal_bsp.a(altera_avalon_uart_write.o)
 .comment       0x00000000       0x24 ../eeprom_test_bsp/\libhal_bsp.a(epcs_commands.o)
 .comment       0x00000000       0x24 ../eeprom_test_bsp/\libhal_bsp.a(alt_alarm_start.o)
 .comment       0x00000000       0x24 ../eeprom_test_bsp/\libhal_bsp.a(alt_busy_sleep.o)
 .comment       0x00000000       0x24 ../eeprom_test_bsp/\libhal_bsp.a(alt_dev_llist_insert.o)
 .comment       0x00000000       0x24 ../eeprom_test_bsp/\libhal_bsp.a(alt_do_ctors.o)
 .comment       0x00000000       0x24 ../eeprom_test_bsp/\libhal_bsp.a(alt_do_dtors.o)
 .comment       0x00000000       0x24 ../eeprom_test_bsp/\libhal_bsp.a(alt_flash_dev.o)
 .comment       0x00000000       0x24 ../eeprom_test_bsp/\libhal_bsp.a(alt_iic.o)
 .comment       0x00000000       0x24 ../eeprom_test_bsp/\libhal_bsp.a(alt_iic_isr_register.o)
 .comment       0x00000000       0x24 ../eeprom_test_bsp/\libhal_bsp.a(alt_io_redirect.o)
 .comment       0x00000000       0x24 ../eeprom_test_bsp/\libhal_bsp.a(alt_irq_handler.o)
 .comment       0x00000000       0x24 ../eeprom_test_bsp/\libhal_bsp.a(alt_irq_vars.o)
 .comment       0x00000000       0x24 ../eeprom_test_bsp/\libhal_bsp.a(alt_open.o)
 .comment       0x00000000       0x24 ../eeprom_test_bsp/\libhal_bsp.a(alt_tick.o)
 .comment       0x00000000       0x24 ../eeprom_test_bsp/\libhal_bsp.a(altera_nios2_qsys_irq.o)
 .comment       0x00000000       0x24 ../eeprom_test_bsp/\libhal_bsp.a(altera_avalon_spi.o)
 .comment       0x00000000       0x24 ../eeprom_test_bsp/\libhal_bsp.a(alt_find_dev.o)
 .comment       0x00000000       0x24 ../eeprom_test_bsp/\libhal_bsp.a(alt_find_file.o)
 .comment       0x00000000       0x24 ../eeprom_test_bsp/\libhal_bsp.a(alt_get_fd.o)
 .comment       0x00000000       0x24 c:/altera/12.1/nios2eds/bin/gnu/h-i686-mingw32/bin/../lib/gcc/nios2-elf/4.1.2/../../../../nios2-elf/lib\libc.a(lib_a-atexit.o)
 .comment       0x00000000       0x24 c:/altera/12.1/nios2eds/bin/gnu/h-i686-mingw32/bin/../lib/gcc/nios2-elf/4.1.2/../../../../nios2-elf/lib\libc.a(lib_a-exit.o)
 .comment       0x00000000       0x24 c:/altera/12.1/nios2eds/bin/gnu/h-i686-mingw32/bin/../lib/gcc/nios2-elf/4.1.2/../../../../nios2-elf/lib\libc.a(lib_a-memcmp.o)
 .comment       0x00000000       0x24 c:/altera/12.1/nios2eds/bin/gnu/h-i686-mingw32/bin/../lib/gcc/nios2-elf/4.1.2/../../../../nios2-elf/lib\libc.a(lib_a-__atexit.o)
 .comment       0x00000000       0x24 c:/altera/12.1/nios2eds/bin/gnu/h-i686-mingw32/bin/../lib/gcc/nios2-elf/4.1.2/../../../../nios2-elf/lib\libc.a(lib_a-__call_atexit.o)
 .comment       0x00000000       0x24 ../eeprom_test_bsp/\libhal_bsp.a(alt_exit.o)

.debug
 *(.debug)

.line
 *(.line)

.debug_srcinfo
 *(.debug_srcinfo)

.debug_sfnames
 *(.debug_sfnames)

.debug_aranges  0x00000000      0xd50
 *(.debug_aranges)
 .debug_aranges
                0x00000000       0x20 ../eeprom_test_bsp//obj/HAL/src/crt0.o
 .debug_aranges
                0x00000020       0x20 obj/default/driver/iic.o
 .debug_aranges
                0x00000040       0x20 obj/default/main/main.o
 .debug_aranges
                0x00000060       0x20 c:/altera/12.1/nios2eds/bin/gnu/h-i686-mingw32/bin/../lib/gcc/nios2-elf/4.1.2/../../../../nios2-elf/lib\libc.a(lib_a-printf.o)
 .debug_aranges
                0x00000080       0x20 c:/altera/12.1/nios2eds/bin/gnu/h-i686-mingw32/bin/../lib/gcc/nios2-elf/4.1.2/../../../../nios2-elf/lib\libc.a(lib_a-puts.o)
 .debug_aranges
                0x000000a0       0x20 c:/altera/12.1/nios2eds/bin/gnu/h-i686-mingw32/bin/../lib/gcc/nios2-elf/4.1.2/../../../../nios2-elf/lib\libc.a(lib_a-strlen.o)
 .debug_aranges
                0x000000c0       0x20 c:/altera/12.1/nios2eds/bin/gnu/h-i686-mingw32/bin/../lib/gcc/nios2-elf/4.1.2/../../../../nios2-elf/lib\libc.a(lib_a-vfprintf.o)
 .debug_aranges
                0x000000e0       0x20 c:/altera/12.1/nios2eds/bin/gnu/h-i686-mingw32/bin/../lib/gcc/nios2-elf/4.1.2/../../../../nios2-elf/lib\libc.a(lib_a-wsetup.o)
 .debug_aranges
                0x00000100       0x20 c:/altera/12.1/nios2eds/bin/gnu/h-i686-mingw32/bin/../lib/gcc/nios2-elf/4.1.2/../../../../nios2-elf/lib\libc.a(lib_a-dtoa.o)
 .debug_aranges
                0x00000120       0x20 c:/altera/12.1/nios2eds/bin/gnu/h-i686-mingw32/bin/../lib/gcc/nios2-elf/4.1.2/../../../../nios2-elf/lib\libc.a(lib_a-fflush.o)
 .debug_aranges
                0x00000140       0x20 c:/altera/12.1/nios2eds/bin/gnu/h-i686-mingw32/bin/../lib/gcc/nios2-elf/4.1.2/../../../../nios2-elf/lib\libc.a(lib_a-findfp.o)
 .debug_aranges
                0x00000160       0x20 c:/altera/12.1/nios2eds/bin/gnu/h-i686-mingw32/bin/../lib/gcc/nios2-elf/4.1.2/../../../../nios2-elf/lib\libc.a(lib_a-freer.o)
 .debug_aranges
                0x00000180       0x20 c:/altera/12.1/nios2eds/bin/gnu/h-i686-mingw32/bin/../lib/gcc/nios2-elf/4.1.2/../../../../nios2-elf/lib\libc.a(lib_a-fvwrite.o)
 .debug_aranges
                0x000001a0       0x20 c:/altera/12.1/nios2eds/bin/gnu/h-i686-mingw32/bin/../lib/gcc/nios2-elf/4.1.2/../../../../nios2-elf/lib\libc.a(lib_a-fwalk.o)
 .debug_aranges
                0x000001c0       0x20 c:/altera/12.1/nios2eds/bin/gnu/h-i686-mingw32/bin/../lib/gcc/nios2-elf/4.1.2/../../../../nios2-elf/lib\libc.a(lib_a-locale.o)
 .debug_aranges
                0x000001e0       0x20 c:/altera/12.1/nios2eds/bin/gnu/h-i686-mingw32/bin/../lib/gcc/nios2-elf/4.1.2/../../../../nios2-elf/lib\libc.a(lib_a-makebuf.o)
 .debug_aranges
                0x00000200       0x20 c:/altera/12.1/nios2eds/bin/gnu/h-i686-mingw32/bin/../lib/gcc/nios2-elf/4.1.2/../../../../nios2-elf/lib\libc.a(lib_a-mallocr.o)
 .debug_aranges
                0x00000220       0x20 c:/altera/12.1/nios2eds/bin/gnu/h-i686-mingw32/bin/../lib/gcc/nios2-elf/4.1.2/../../../../nios2-elf/lib\libc.a(lib_a-memchr.o)
 .debug_aranges
                0x00000240       0x20 c:/altera/12.1/nios2eds/bin/gnu/h-i686-mingw32/bin/../lib/gcc/nios2-elf/4.1.2/../../../../nios2-elf/lib\libc.a(lib_a-memcpy.o)
 .debug_aranges
                0x00000260       0x20 c:/altera/12.1/nios2eds/bin/gnu/h-i686-mingw32/bin/../lib/gcc/nios2-elf/4.1.2/../../../../nios2-elf/lib\libc.a(lib_a-memmove.o)
 .debug_aranges
                0x00000280       0x20 c:/altera/12.1/nios2eds/bin/gnu/h-i686-mingw32/bin/../lib/gcc/nios2-elf/4.1.2/../../../../nios2-elf/lib\libc.a(lib_a-memset.o)
 .debug_aranges
                0x000002a0       0x20 c:/altera/12.1/nios2eds/bin/gnu/h-i686-mingw32/bin/../lib/gcc/nios2-elf/4.1.2/../../../../nios2-elf/lib\libc.a(lib_a-mprec.o)
 .debug_aranges
                0x000002c0       0x20 c:/altera/12.1/nios2eds/bin/gnu/h-i686-mingw32/bin/../lib/gcc/nios2-elf/4.1.2/../../../../nios2-elf/lib\libc.a(lib_a-reallocr.o)
 .debug_aranges
                0x000002e0       0x20 c:/altera/12.1/nios2eds/bin/gnu/h-i686-mingw32/bin/../lib/gcc/nios2-elf/4.1.2/../../../../nios2-elf/lib\libc.a(lib_a-s_isinfd.o)
 .debug_aranges
                0x00000300       0x20 c:/altera/12.1/nios2eds/bin/gnu/h-i686-mingw32/bin/../lib/gcc/nios2-elf/4.1.2/../../../../nios2-elf/lib\libc.a(lib_a-s_isnand.o)
 .debug_aranges
                0x00000320       0x20 c:/altera/12.1/nios2eds/bin/gnu/h-i686-mingw32/bin/../lib/gcc/nios2-elf/4.1.2/../../../../nios2-elf/lib\libc.a(lib_a-sbrkr.o)
 .debug_aranges
                0x00000340       0x20 c:/altera/12.1/nios2eds/bin/gnu/h-i686-mingw32/bin/../lib/gcc/nios2-elf/4.1.2/../../../../nios2-elf/lib\libc.a(lib_a-stdio.o)
 .debug_aranges
                0x00000360       0x20 c:/altera/12.1/nios2eds/bin/gnu/h-i686-mingw32/bin/../lib/gcc/nios2-elf/4.1.2/../../../../nios2-elf/lib\libc.a(lib_a-strcmp.o)
 .debug_aranges
                0x00000380       0x20 c:/altera/12.1/nios2eds/bin/gnu/h-i686-mingw32/bin/../lib/gcc/nios2-elf/4.1.2/../../../../nios2-elf/lib\libc.a(lib_a-writer.o)
 .debug_aranges
                0x000003a0       0x20 c:/altera/12.1/nios2eds/bin/gnu/h-i686-mingw32/bin/../lib/gcc/nios2-elf/4.1.2/../../../../nios2-elf/lib\libc.a(lib_a-callocr.o)
 .debug_aranges
                0x000003c0       0x20 c:/altera/12.1/nios2eds/bin/gnu/h-i686-mingw32/bin/../lib/gcc/nios2-elf/4.1.2/../../../../nios2-elf/lib\libc.a(lib_a-closer.o)
 .debug_aranges
                0x000003e0       0x20 c:/altera/12.1/nios2eds/bin/gnu/h-i686-mingw32/bin/../lib/gcc/nios2-elf/4.1.2/../../../../nios2-elf/lib\libc.a(lib_a-fclose.o)
 .debug_aranges
                0x00000400       0x20 c:/altera/12.1/nios2eds/bin/gnu/h-i686-mingw32/bin/../lib/gcc/nios2-elf/4.1.2/../../../../nios2-elf/lib\libc.a(lib_a-fstatr.o)
 .debug_aranges
                0x00000420       0x20 c:/altera/12.1/nios2eds/bin/gnu/h-i686-mingw32/bin/../lib/gcc/nios2-elf/4.1.2/../../../../nios2-elf/lib\libc.a(lib_a-isattyr.o)
 .debug_aranges
                0x00000440       0x20 c:/altera/12.1/nios2eds/bin/gnu/h-i686-mingw32/bin/../lib/gcc/nios2-elf/4.1.2/../../../../nios2-elf/lib\libc.a(lib_a-lseekr.o)
 .debug_aranges
                0x00000460       0x20 c:/altera/12.1/nios2eds/bin/gnu/h-i686-mingw32/bin/../lib/gcc/nios2-elf/4.1.2/../../../../nios2-elf/lib\libc.a(lib_a-readr.o)
 .debug_aranges
                0x00000480       0x20 c:/altera/12.1/nios2eds/bin/gnu/h-i686-mingw32/bin/../lib/gcc/nios2-elf/4.1.2\libgcc.a(_udivdi3.o)
 .debug_aranges
                0x000004a0       0x20 c:/altera/12.1/nios2eds/bin/gnu/h-i686-mingw32/bin/../lib/gcc/nios2-elf/4.1.2\libgcc.a(_umoddi3.o)
 .debug_aranges
                0x000004c0       0x20 c:/altera/12.1/nios2eds/bin/gnu/h-i686-mingw32/bin/../lib/gcc/nios2-elf/4.1.2\libgcc.a(_addsub_df.o)
 .debug_aranges
                0x000004e0       0x20 c:/altera/12.1/nios2eds/bin/gnu/h-i686-mingw32/bin/../lib/gcc/nios2-elf/4.1.2\libgcc.a(_mul_df.o)
 .debug_aranges
                0x00000500       0x20 c:/altera/12.1/nios2eds/bin/gnu/h-i686-mingw32/bin/../lib/gcc/nios2-elf/4.1.2\libgcc.a(_div_df.o)
 .debug_aranges
                0x00000520       0x20 c:/altera/12.1/nios2eds/bin/gnu/h-i686-mingw32/bin/../lib/gcc/nios2-elf/4.1.2\libgcc.a(_eq_df.o)
 .debug_aranges
                0x00000540       0x20 c:/altera/12.1/nios2eds/bin/gnu/h-i686-mingw32/bin/../lib/gcc/nios2-elf/4.1.2\libgcc.a(_ne_df.o)
 .debug_aranges
                0x00000560       0x20 c:/altera/12.1/nios2eds/bin/gnu/h-i686-mingw32/bin/../lib/gcc/nios2-elf/4.1.2\libgcc.a(_gt_df.o)
 .debug_aranges
                0x00000580       0x20 c:/altera/12.1/nios2eds/bin/gnu/h-i686-mingw32/bin/../lib/gcc/nios2-elf/4.1.2\libgcc.a(_ge_df.o)
 .debug_aranges
                0x000005a0       0x20 c:/altera/12.1/nios2eds/bin/gnu/h-i686-mingw32/bin/../lib/gcc/nios2-elf/4.1.2\libgcc.a(_lt_df.o)
 .debug_aranges
                0x000005c0       0x20 c:/altera/12.1/nios2eds/bin/gnu/h-i686-mingw32/bin/../lib/gcc/nios2-elf/4.1.2\libgcc.a(_si_to_df.o)
 .debug_aranges
                0x000005e0       0x20 c:/altera/12.1/nios2eds/bin/gnu/h-i686-mingw32/bin/../lib/gcc/nios2-elf/4.1.2\libgcc.a(_df_to_si.o)
 .debug_aranges
                0x00000600       0x20 c:/altera/12.1/nios2eds/bin/gnu/h-i686-mingw32/bin/../lib/gcc/nios2-elf/4.1.2\libgcc.a(_usi_to_df.o)
 .debug_aranges
                0x00000620       0x20 c:/altera/12.1/nios2eds/bin/gnu/h-i686-mingw32/bin/../lib/gcc/nios2-elf/4.1.2\libgcc.a(lib2-divmod.o)
 .debug_aranges
                0x00000640       0x20 c:/altera/12.1/nios2eds/bin/gnu/h-i686-mingw32/bin/../lib/gcc/nios2-elf/4.1.2\libgcc.a(_muldi3.o)
 .debug_aranges
                0x00000660       0x20 c:/altera/12.1/nios2eds/bin/gnu/h-i686-mingw32/bin/../lib/gcc/nios2-elf/4.1.2\libgcc.a(_clzsi2.o)
 .debug_aranges
                0x00000680       0x20 c:/altera/12.1/nios2eds/bin/gnu/h-i686-mingw32/bin/../lib/gcc/nios2-elf/4.1.2\libgcc.a(_pack_df.o)
 .debug_aranges
                0x000006a0       0x20 c:/altera/12.1/nios2eds/bin/gnu/h-i686-mingw32/bin/../lib/gcc/nios2-elf/4.1.2\libgcc.a(_unpack_df.o)
 .debug_aranges
                0x000006c0       0x20 c:/altera/12.1/nios2eds/bin/gnu/h-i686-mingw32/bin/../lib/gcc/nios2-elf/4.1.2\libgcc.a(_fpcmp_parts_df.o)
 .debug_aranges
                0x000006e0       0x20 ../eeprom_test_bsp/\libhal_bsp.a(alt_close.o)
 .debug_aranges
                0x00000700       0x20 ../eeprom_test_bsp/\libhal_bsp.a(alt_dev.o)
 .debug_aranges
                0x00000720       0x20 ../eeprom_test_bsp/\libhal_bsp.a(alt_fstat.o)
 .debug_aranges
                0x00000740       0x20 ../eeprom_test_bsp/\libhal_bsp.a(alt_isatty.o)
 .debug_aranges
                0x00000760       0x20 ../eeprom_test_bsp/\libhal_bsp.a(alt_lseek.o)
 .debug_aranges
                0x00000780       0x20 ../eeprom_test_bsp/\libhal_bsp.a(alt_main.o)
 .debug_aranges
                0x000007a0       0x20 ../eeprom_test_bsp/\libhal_bsp.a(alt_malloc_lock.o)
 .debug_aranges
                0x000007c0       0x20 ../eeprom_test_bsp/\libhal_bsp.a(alt_read.o)
 .debug_aranges
                0x000007e0       0x20 ../eeprom_test_bsp/\libhal_bsp.a(alt_release_fd.o)
 .debug_aranges
                0x00000800       0x20 ../eeprom_test_bsp/\libhal_bsp.a(alt_sbrk.o)
 .debug_aranges
                0x00000820       0x20 ../eeprom_test_bsp/\libhal_bsp.a(alt_usleep.o)
 .debug_aranges
                0x00000840       0x20 ../eeprom_test_bsp/\libhal_bsp.a(alt_write.o)
 .debug_aranges
                0x00000860       0x20 ../eeprom_test_bsp/\libhal_bsp.a(alt_sys_init.o)
 .debug_aranges
                0x00000880       0x20 ../eeprom_test_bsp/\libhal_bsp.a(altera_avalon_epcs_flash_controller.o)
 .debug_aranges
                0x000008a0       0x20 ../eeprom_test_bsp/\libhal_bsp.a(altera_avalon_jtag_uart_fd.o)
 .debug_aranges
                0x000008c0       0x20 ../eeprom_test_bsp/\libhal_bsp.a(altera_avalon_jtag_uart_init.o)
 .debug_aranges
                0x000008e0       0x20 ../eeprom_test_bsp/\libhal_bsp.a(altera_avalon_jtag_uart_ioctl.o)
 .debug_aranges
                0x00000900       0x20 ../eeprom_test_bsp/\libhal_bsp.a(altera_avalon_jtag_uart_read.o)
 .debug_aranges
                0x00000920       0x20 ../eeprom_test_bsp/\libhal_bsp.a(altera_avalon_jtag_uart_write.o)
 .debug_aranges
                0x00000940       0x20 ../eeprom_test_bsp/\libhal_bsp.a(altera_avalon_timer_sc.o)
 .debug_aranges
                0x00000960       0x20 ../eeprom_test_bsp/\libhal_bsp.a(altera_avalon_uart_fd.o)
 .debug_aranges
                0x00000980       0x20 ../eeprom_test_bsp/\libhal_bsp.a(altera_avalon_uart_init.o)
 .debug_aranges
                0x000009a0       0x20 ../eeprom_test_bsp/\libhal_bsp.a(altera_avalon_uart_read.o)
 .debug_aranges
                0x000009c0       0x20 ../eeprom_test_bsp/\libhal_bsp.a(altera_avalon_uart_write.o)
 .debug_aranges
                0x000009e0       0x20 ../eeprom_test_bsp/\libhal_bsp.a(epcs_commands.o)
 .debug_aranges
                0x00000a00       0x20 ../eeprom_test_bsp/\libhal_bsp.a(alt_alarm_start.o)
 .debug_aranges
                0x00000a20       0x20 ../eeprom_test_bsp/\libhal_bsp.a(alt_busy_sleep.o)
 .debug_aranges
                0x00000a40       0x20 ../eeprom_test_bsp/\libhal_bsp.a(alt_dev_llist_insert.o)
 .debug_aranges
                0x00000a60       0x20 ../eeprom_test_bsp/\libhal_bsp.a(alt_do_ctors.o)
 .debug_aranges
                0x00000a80       0x20 ../eeprom_test_bsp/\libhal_bsp.a(alt_do_dtors.o)
 .debug_aranges