Archive member included because of file (symbol)

../timer_test_bsp/\libhal_bsp.a(alt_iic.o)
                              obj/default/main/main.o (alt_ic_isr_register)
../timer_test_bsp/\libhal_bsp.a(alt_iic_isr_register.o)
                              ../timer_test_bsp/\libhal_bsp.a(alt_iic.o) (alt_iic_isr_register)
../timer_test_bsp/\libhal_bsp.a(alt_irq_entry.o)
                              ../timer_test_bsp/\libhal_bsp.a(alt_iic_isr_register.o) (alt_irq_entry)
../timer_test_bsp/\libhal_bsp.a(alt_irq_handler.o)
                              ../timer_test_bsp/\libhal_bsp.a(alt_iic_isr_register.o) (alt_irq_handler)
../timer_test_bsp/\libhal_bsp.a(alt_irq_vars.o)
                              ../timer_test_bsp/\libhal_bsp.a(alt_iic.o) (alt_irq_active)
../timer_test_bsp/\libhal_bsp.a(alt_main.o)
                              ../timer_test_bsp//obj/HAL/src/crt0.o (alt_main)
../timer_test_bsp/\libhal_bsp.a(alt_sys_init.o)
                              ../timer_test_bsp/\libhal_bsp.a(alt_main.o) (alt_irq_init)
../timer_test_bsp/\libhal_bsp.a(altera_avalon_epcs_flash_controller.o)
                              ../timer_test_bsp/\libhal_bsp.a(alt_sys_init.o) (alt_epcs_flash_init)
../timer_test_bsp/\libhal_bsp.a(altera_avalon_jtag_uart_fd.o)
                              ../timer_test_bsp/\libhal_bsp.a(alt_sys_init.o) (altera_avalon_jtag_uart_read_fd)
../timer_test_bsp/\libhal_bsp.a(altera_avalon_jtag_uart_init.o)
                              ../timer_test_bsp/\libhal_bsp.a(alt_sys_init.o) (altera_avalon_jtag_uart_init)
../timer_test_bsp/\libhal_bsp.a(altera_avalon_jtag_uart_ioctl.o)
                              ../timer_test_bsp/\libhal_bsp.a(altera_avalon_jtag_uart_fd.o) (altera_avalon_jtag_uart_ioctl)
../timer_test_bsp/\libhal_bsp.a(altera_avalon_jtag_uart_read.o)
                              ../timer_test_bsp/\libhal_bsp.a(altera_avalon_jtag_uart_fd.o) (altera_avalon_jtag_uart_read)
../timer_test_bsp/\libhal_bsp.a(altera_avalon_jtag_uart_write.o)
                              ../timer_test_bsp/\libhal_bsp.a(altera_avalon_jtag_uart_fd.o) (altera_avalon_jtag_uart_write)
../timer_test_bsp/\libhal_bsp.a(altera_avalon_timer_sc.o)
                              ../timer_test_bsp/\libhal_bsp.a(alt_sys_init.o) (alt_avalon_timer_sc_init)
../timer_test_bsp/\libhal_bsp.a(altera_avalon_uart_fd.o)
                              ../timer_test_bsp/\libhal_bsp.a(alt_sys_init.o) (altera_avalon_uart_read_fd)
../timer_test_bsp/\libhal_bsp.a(altera_avalon_uart_init.o)
                              ../timer_test_bsp/\libhal_bsp.a(alt_sys_init.o) (altera_avalon_uart_init)
../timer_test_bsp/\libhal_bsp.a(altera_avalon_uart_read.o)
                              ../timer_test_bsp/\libhal_bsp.a(altera_avalon_uart_fd.o) (altera_avalon_uart_read)
../timer_test_bsp/\libhal_bsp.a(altera_avalon_uart_write.o)
                              ../timer_test_bsp/\libhal_bsp.a(altera_avalon_uart_fd.o) (altera_avalon_uart_write)
../timer_test_bsp/\libhal_bsp.a(epcs_commands.o)
                              ../timer_test_bsp/\libhal_bsp.a(altera_avalon_epcs_flash_controller.o) (epcs_sector_erase)
../timer_test_bsp/\libhal_bsp.a(alt_alarm_start.o)
                              ../timer_test_bsp/\libhal_bsp.a(altera_avalon_jtag_uart_init.o) (alt_alarm_start)
../timer_test_bsp/\libhal_bsp.a(alt_close.o)
                              ../timer_test_bsp/\libhal_bsp.a(alt_main.o) (close)
../timer_test_bsp/\libhal_bsp.a(alt_dev.o)
                              ../timer_test_bsp/\libhal_bsp.a(alt_sys_init.o) (alt_dev_list)
../timer_test_bsp/\libhal_bsp.a(alt_dev_llist_insert.o)
                              ../timer_test_bsp/\libhal_bsp.a(alt_sys_init.o) (alt_dev_llist_insert)
../timer_test_bsp/\libhal_bsp.a(alt_do_ctors.o)
                              ../timer_test_bsp/\libhal_bsp.a(alt_main.o) (_do_ctors)
../timer_test_bsp/\libhal_bsp.a(alt_do_dtors.o)
                              ../timer_test_bsp/\libhal_bsp.a(alt_main.o) (_do_dtors)
../timer_test_bsp/\libhal_bsp.a(alt_errno.o)
                              ../timer_test_bsp/\libhal_bsp.a(altera_avalon_uart_read.o) (alt_errno)
../timer_test_bsp/\libhal_bsp.a(alt_exception_entry.o)
                              ../timer_test_bsp/\libhal_bsp.a(alt_irq_entry.o) (alt_exception)
../timer_test_bsp/\libhal_bsp.a(alt_flash_dev.o)
                              ../timer_test_bsp/\libhal_bsp.a(altera_avalon_epcs_flash_controller.o) (alt_flash_dev_list)
../timer_test_bsp/\libhal_bsp.a(alt_io_redirect.o)
                              ../timer_test_bsp/\libhal_bsp.a(alt_main.o) (alt_io_redirect)
../timer_test_bsp/\libhal_bsp.a(alt_open.o)
                              ../timer_test_bsp/\libhal_bsp.a(alt_io_redirect.o) (open)
../timer_test_bsp/\libhal_bsp.a(alt_release_fd.o)
                              ../timer_test_bsp/\libhal_bsp.a(alt_close.o) (alt_release_fd)
../timer_test_bsp/\libhal_bsp.a(alt_tick.o)
                              ../timer_test_bsp/\libhal_bsp.a(altera_avalon_jtag_uart_init.o) (_alt_tick_rate)
../timer_test_bsp/\libhal_bsp.a(altera_nios2_qsys_irq.o)
                              ../timer_test_bsp/\libhal_bsp.a(alt_sys_init.o) (altera_nios2_qsys_irq_init)
../timer_test_bsp/\libhal_bsp.a(altera_avalon_spi.o)
                              ../timer_test_bsp/\libhal_bsp.a(epcs_commands.o) (alt_avalon_spi_command)
../timer_test_bsp/\libhal_bsp.a(alt_find_dev.o)
                              ../timer_test_bsp/\libhal_bsp.a(alt_flash_dev.o) (alt_find_dev)
../timer_test_bsp/\libhal_bsp.a(alt_find_file.o)
                              ../timer_test_bsp/\libhal_bsp.a(alt_open.o) (alt_find_file)
../timer_test_bsp/\libhal_bsp.a(alt_get_fd.o)
                              ../timer_test_bsp/\libhal_bsp.a(alt_open.o) (alt_get_fd)
c:/altera/12.1/nios2eds/bin/gnu/h-i686-mingw32/bin/../lib/gcc/nios2-elf/4.1.2/../../../../nios2-elf/lib\libc.a(lib_a-atexit.o)
                              ../timer_test_bsp/\libhal_bsp.a(alt_main.o) (atexit)
c:/altera/12.1/nios2eds/bin/gnu/h-i686-mingw32/bin/../lib/gcc/nios2-elf/4.1.2/../../../../nios2-elf/lib\libc.a(lib_a-exit.o)
                              ../timer_test_bsp/\libhal_bsp.a(alt_main.o) (exit)
c:/altera/12.1/nios2eds/bin/gnu/h-i686-mingw32/bin/../lib/gcc/nios2-elf/4.1.2/../../../../nios2-elf/lib\libc.a(lib_a-impure.o)
                              c:/altera/12.1/nios2eds/bin/gnu/h-i686-mingw32/bin/../lib/gcc/nios2-elf/4.1.2/../../../../nios2-elf/lib\libc.a(lib_a-exit.o) (_global_impure_ptr)
c:/altera/12.1/nios2eds/bin/gnu/h-i686-mingw32/bin/../lib/gcc/nios2-elf/4.1.2/../../../../nios2-elf/lib\libc.a(lib_a-int_errno.o)
                              ../timer_test_bsp/\libhal_bsp.a(altera_avalon_uart_read.o) (errno)
c:/altera/12.1/nios2eds/bin/gnu/h-i686-mingw32/bin/../lib/gcc/nios2-elf/4.1.2/../../../../nios2-elf/lib\libc.a(lib_a-memcmp.o)
                              ../timer_test_bsp/\libhal_bsp.a(altera_avalon_epcs_flash_controller.o) (memcmp)
c:/altera/12.1/nios2eds/bin/gnu/h-i686-mingw32/bin/../lib/gcc/nios2-elf/4.1.2/../../../../nios2-elf/lib\libc.a(lib_a-memcpy.o)
                              ../timer_test_bsp/\libhal_bsp.a(altera_avalon_jtag_uart_read.o) (memcpy)
c:/altera/12.1/nios2eds/bin/gnu/h-i686-mingw32/bin/../lib/gcc/nios2-elf/4.1.2/../../../../nios2-elf/lib\libc.a(lib_a-strlen.o)
                              ../timer_test_bsp/\libhal_bsp.a(alt_find_dev.o) (strlen)
c:/altera/12.1/nios2eds/bin/gnu/h-i686-mingw32/bin/../lib/gcc/nios2-elf/4.1.2/../../../../nios2-elf/lib\libc.a(lib_a-__atexit.o)
                              c:/altera/12.1/nios2eds/bin/gnu/h-i686-mingw32/bin/../lib/gcc/nios2-elf/4.1.2/../../../../nios2-elf/lib\libc.a(lib_a-atexit.o) (__register_exitproc)
c:/altera/12.1/nios2eds/bin/gnu/h-i686-mingw32/bin/../lib/gcc/nios2-elf/4.1.2/../../../../nios2-elf/lib\libc.a(lib_a-__call_atexit.o)
                              c:/altera/12.1/nios2eds/bin/gnu/h-i686-mingw32/bin/../lib/gcc/nios2-elf/4.1.2/../../../../nios2-elf/lib\libc.a(lib_a-exit.o) (__call_exitprocs)
../timer_test_bsp/\libhal_bsp.a(alt_exit.o)
                              c:/altera/12.1/nios2eds/bin/gnu/h-i686-mingw32/bin/../lib/gcc/nios2-elf/4.1.2/../../../../nios2-elf/lib\libc.a(lib_a-exit.o) (_exit)

Allocating common symbols
Common symbol       size              file

alt_irq             0x100             ../timer_test_bsp/\libhal_bsp.a(alt_irq_handler.o)
errno               0x4               c:/altera/12.1/nios2eds/bin/gnu/h-i686-mingw32/bin/../lib/gcc/nios2-elf/4.1.2/../../../../nios2-elf/lib\libc.a(lib_a-int_errno.o)
flag                0x4               obj/default/main/main.o
_atexit0            0x190             c:/altera/12.1/nios2eds/bin/gnu/h-i686-mingw32/bin/../lib/gcc/nios2-elf/4.1.2/../../../../nios2-elf/lib\libc.a(lib_a-atexit.o)

Memory Configuration

Name             Origin             Length             Attributes
sdram_BEFORE_EXCEPTION 0x02000000         0x00000020
sdram            0x02000020         0x01ffffe0
reset            0x04001000         0x00000020
epcs_flash       0x04001020         0x000007e0
*default*        0x00000000         0xffffffff

Linker script and memory map

LOAD ../timer_test_bsp//obj/HAL/src/crt0.o
LOAD obj/default/main/main.o
LOAD c:/altera/12.1/nios2eds/bin/gnu/h-i686-mingw32/bin/../lib/gcc/nios2-elf/4.1.2/../../../../nios2-elf/lib\libstdc++.a
LOAD c:/altera/12.1/nios2eds/bin/gnu/h-i686-mingw32/bin/../lib/gcc/nios2-elf/4.1.2/../../../../nios2-elf/lib\libm.a
LOAD c:/altera/12.1/nios2eds/bin/gnu/h-i686-mingw32/bin/../lib/gcc/nios2-elf/4.1.2\libgcc.a
START GROUP
LOAD c:/altera/12.1/nios2eds/bin/gnu/h-i686-mingw32/bin/../lib/gcc/nios2-elf/4.1.2/../../../../nios2-elf/lib\libc.a
LOAD c:/altera/12.1/nios2eds/bin/gnu/h-i686-mingw32/bin/../lib/gcc/nios2-elf/4.1.2\libgcc.a
LOAD ../timer_test_bsp/\libhal_bsp.a
END GROUP
LOAD c:/altera/12.1/nios2eds/bin/gnu/h-i686-mingw32/bin/../lib/gcc/nios2-elf/4.1.2\libgcc.a
                0x02000000                __alt_mem_sdram = 0x2000000
                0x04001000                __alt_mem_epcs_flash = 0x4001000

.entry          0x04001000        0x0
 *(.entry)
 .entry         0x04001000        0x0 ../timer_test_bsp//obj/HAL/src/crt0.o
                0x04001000                __reset

.exceptions     0x02000020      0x194
                0x02000020                PROVIDE (__ram_exceptions_start, ABSOLUTE (.))
                0x02000020                . = ALIGN (0x20)
 *(.irq)
 *(.exceptions.entry.label)
 .exceptions.entry.label
                0x02000020        0x0 ../timer_test_bsp/\libhal_bsp.a(alt_irq_entry.o)
                0x02000020                alt_irq_entry
 .exceptions.entry.label
                0x02000020        0x0 ../timer_test_bsp/\libhal_bsp.a(alt_exception_entry.o)
                0x02000020                alt_exception
 *(.exceptions.entry.user)
 *(.exceptions.entry)
 .exceptions.entry
                0x02000020       0x54 ../timer_test_bsp/\libhal_bsp.a(alt_exception_entry.o)
 *(.exceptions.irqtest.user)
 *(.exceptions.irqtest)
 .exceptions.irqtest
                0x02000074       0x10 ../timer_test_bsp/\libhal_bsp.a(alt_irq_entry.o)
 *(.exceptions.irqhandler.user)
 *(.exceptions.irqhandler)
 .exceptions.irqhandler
                0x02000084        0x4 ../timer_test_bsp/\libhal_bsp.a(alt_irq_entry.o)
 *(.exceptions.irqreturn.user)
 *(.exceptions.irqreturn)
 .exceptions.irqreturn
                0x02000088        0x4 ../timer_test_bsp/\libhal_bsp.a(alt_irq_entry.o)
 *(.exceptions.notirq.label)
 .exceptions.notirq.label
                0x0200008c        0x0 ../timer_test_bsp/\libhal_bsp.a(alt_irq_entry.o)
 *(.exceptions.notirq.user)
 *(.exceptions.notirq)
 .exceptions.notirq
                0x0200008c        0x8 ../timer_test_bsp/\libhal_bsp.a(alt_exception_entry.o)
 *(.exceptions.soft.user)
 *(.exceptions.soft)
 *(.exceptions.unknown.user)
 *(.exceptions.unknown)
 .exceptions.unknown
                0x02000094        0x4 ../timer_test_bsp/\libhal_bsp.a(alt_exception_entry.o)
 *(.exceptions.exit.label)
 .exceptions.exit.label
                0x02000098        0x0 ../timer_test_bsp/\libhal_bsp.a(alt_irq_entry.o)
 .exceptions.exit.label
                0x02000098        0x0 ../timer_test_bsp/\libhal_bsp.a(alt_exception_entry.o)
 *(.exceptions.exit.user)
 *(.exceptions.exit)
 .exceptions.exit
                0x02000098       0x54 ../timer_test_bsp/\libhal_bsp.a(alt_exception_entry.o)
 *(.exceptions)
 .exceptions    0x020000ec       0xc8 ../timer_test_bsp/\libhal_bsp.a(alt_irq_handler.o)
                0x020000ec                alt_irq_handler
                0x020001b4                PROVIDE (__ram_exceptions_end, ABSOLUTE (.))
                0x02000020                PROVIDE (__flash_exceptions_start, LOADADDR (.exceptions))

.text           0x020001b4     0x42fc
                0x020001b4                PROVIDE (stext, ABSOLUTE (.))
 *(.interp)
 *(.hash)
 *(.dynsym)
 *(.dynstr)
 *(.gnu.version)
 *(.gnu.version_d)
 *(.gnu.version_r)
 *(.rel.init)
 *(.rela.init)
 *(.rel.text .rel.text.* .rel.gnu.linkonce.t.*)
 *(.rela.text .rela.text.* .rela.gnu.linkonce.t.*)
 *(.rel.fini)
 *(.rela.fini)
 *(.rel.rodata .rel.rodata.* .rel.gnu.linkonce.r.*)
 *(.rela.rodata .rela.rodata.* .rela.gnu.linkonce.r.*)
 *(.rel.data .rel.data.* .rel.gnu.linkonce.d.*)
 *(.rela.data .rela.data.* .rela.gnu.linkonce.d.*)
 *(.rel.tdata .rel.tdata.* .rel.gnu.linkonce.td.*)
 *(.rela.tdata .rela.tdata.* .rela.gnu.linkonce.td.*)
 *(.rel.tbss .rel.tbss.* .rel.gnu.linkonce.tb.*)
 *(.rela.tbss .rela.tbss.* .rela.gnu.linkonce.tb.*)
 *(.rel.ctors)
 *(.rela.ctors)
 *(.rel.dtors)
 *(.rela.dtors)
 *(.rel.got)
 *(.rela.got)
 *(.rel.sdata .rel.sdata.* .rel.gnu.linkonce.s.*)
 *(.rela.sdata .rela.sdata.* .rela.gnu.linkonce.s.*)
 *(.rel.sbss .rel.sbss.* .rel.gnu.linkonce.sb.*)
 *(.rela.sbss .rela.sbss.* .rela.gnu.linkonce.sb.*)
 *(.rel.sdata2 .rel.sdata2.* .rel.gnu.linkonce.s2.*)
 *(.rela.sdata2 .rela.sdata2.* .rela.gnu.linkonce.s2.*)
 *(.rel.sbss2 .rel.sbss2.* .rel.gnu.linkonce.sb2.*)
 *(.rela.sbss2 .rela.sbss2.* .rela.gnu.linkonce.sb2.*)
 *(.rel.bss .rel.bss.* .rel.gnu.linkonce.b.*)
 *(.rela.bss .rela.bss.* .rela.gnu.linkonce.b.*)
 *(.rel.plt)
 *(.rela.plt)
 *(.rel.dyn)
 *(.init)
 *(.plt)
 *(.text .stub .text.* .gnu.linkonce.t.*)
 .text          0x020001b4       0x48 ../timer_test_bsp//obj/HAL/src/crt0.o
                0x020001b4                _start
 .text          0x020001fc      0x304 obj/default/main/main.o
                0x020001fc                main
 .text          0x02000500      0x1d4 ../timer_test_bsp/\libhal_bsp.a(alt_iic.o)
                0x02000500                alt_ic_isr_register
                0x02000550                alt_ic_irq_enable
                0x020005ec                alt_ic_irq_disable
                0x0200068c                alt_ic_irq_enabled
 .text          0x020006d4       0xf8 ../timer_test_bsp/\libhal_bsp.a(alt_iic_isr_register.o)
                0x020006d4                alt_iic_isr_register
 .text          0x020007cc        0x0 ../timer_test_bsp/\libhal_bsp.a(alt_irq_entry.o)
 .text          0x020007cc        0x0 ../timer_test_bsp/\libhal_bsp.a(alt_irq_handler.o)
 .text          0x020007cc        0x0 ../timer_test_bsp/\libhal_bsp.a(alt_irq_vars.o)
 .text          0x020007cc       0x6c ../timer_test_bsp/\libhal_bsp.a(alt_main.o)
                0x020007cc                alt_main
 .text          0x02000838       0xf4 ../timer_test_bsp/\libhal_bsp.a(alt_sys_init.o)
                0x02000838                alt_irq_init
                0x0200086c                alt_sys_init
 .text          0x0200092c      0x9e4 ../timer_test_bsp/\libhal_bsp.a(altera_avalon_epcs_flash_controller.o)
                0x0200092c                alt_epcs_flash_init
                0x02000d48                alt_epcs_flash_write
                0x02000fc8                alt_epcs_flash_get_info
                0x02001058                alt_epcs_flash_erase_block
                0x0200115c                alt_epcs_flash_write_block
                0x02001278                alt_epcs_flash_read
 .text          0x02001310      0x148 ../timer_test_bsp/\libhal_bsp.a(altera_avalon_jtag_uart_fd.o)
                0x02001310                altera_avalon_jtag_uart_read_fd
                0x02001368                altera_avalon_jtag_uart_write_fd
                0x020013c0                altera_avalon_jtag_uart_close_fd
                0x02001408                altera_avalon_jtag_uart_ioctl_fd
 .text          0x02001458      0x40c ../timer_test_bsp/\libhal_bsp.a(altera_avalon_jtag_uart_init.o)
                0x02001458                altera_avalon_jtag_uart_init
                0x020017f0                altera_avalon_jtag_uart_close
 .text          0x02001864       0xf4 ../timer_test_bsp/\libhal_bsp.a(altera_avalon_jtag_uart_ioctl.o)
                0x02001864                altera_avalon_jtag_uart_ioctl
 .text          0x02001958      0x224 ../timer_test_bsp/\libhal_bsp.a(altera_avalon_jtag_uart_read.o)
                0x02001958                altera_avalon_jtag_uart_read
 .text          0x02001b7c      0x240 ../timer_test_bsp/\libhal_bsp.a(altera_avalon_jtag_uart_write.o)
                0x02001b7c                altera_avalon_jtag_uart_write
 .text          0x02001dbc      0x100 ../timer_test_bsp/\libhal_bsp.a(altera_avalon_timer_sc.o)
                0x02001e2c                alt_avalon_timer_sc_init
 .text          0x02001ebc       0xf8 ../timer_test_bsp/\libhal_bsp.a(altera_avalon_uart_fd.o)
                0x02001ebc                altera_avalon_uart_read_fd
                0x02001f14                altera_avalon_uart_write_fd
                0x02001f6c                altera_avalon_uart_close_fd
 .text          0x02001fb4      0x400 ../timer_test_bsp/\libhal_bsp.a(altera_avalon_uart_init.o)
                0x02001fb4                altera_avalon_uart_init
                0x02002354                altera_avalon_uart_close
 .text          0x020023b4      0x290 ../timer_test_bsp/\libhal_bsp.a(altera_avalon_uart_read.o)
                0x020023b4                altera_avalon_uart_read
 .text          0x02002644      0x228 ../timer_test_bsp/\libhal_bsp.a(altera_avalon_uart_write.o)
                0x02002644                altera_avalon_uart_write
 .text          0x0200286c      0x6d4 ../timer_test_bsp/\libhal_bsp.a(epcs_commands.o)
                0x0200286c                epcs_read_status_register
                0x020028cc                epcs_sector_erase
                0x02002a34                epcs_read_buffer
                0x02002b80                epcs_write_enable
                0x02002bd0                epcs_write_status_register
                0x02002c34                epcs_write_buffer
                0x02002da4                epcs_read_electronic_signature
                0x02002e10                epcs_read_device_id
                0x02002e90                epcs_enter_4_bytes_mode
                0x02002ee8                epcs_exit_4_bytes_mode
 .text          0x02002f40      0x154 ../timer_test_bsp/\libhal_bsp.a(alt_alarm_start.o)
                0x02002f40                alt_alarm_start
 .text          0x02003094      0x15c ../timer_test_bsp/\libhal_bsp.a(alt_close.o)
                0x02003094                close
 .text          0x020031f0       0x2c ../timer_test_bsp/\libhal_bsp.a(alt_dev.o)
 .text          0x0200321c      0x114 ../timer_test_bsp/\libhal_bsp.a(alt_dev_llist_insert.o)
                0x0200321c                alt_dev_llist_insert
 .text          0x02003330       0x64 ../timer_test_bsp/\libhal_bsp.a(alt_do_ctors.o)
                0x02003330                _do_ctors
 .text          0x02003394       0x64 ../timer_test_bsp/\libhal_bsp.a(alt_do_dtors.o)
                0x02003394                _do_dtors
 .text          0x020033f8        0x0 ../timer_test_bsp/\libhal_bsp.a(alt_errno.o)
 .text          0x020033f8        0x0 ../timer_test_bsp/\libhal_bsp.a(alt_exception_entry.o)
 .text          0x020033f8       0xd0 ../timer_test_bsp/\libhal_bsp.a(alt_flash_dev.o)
                0x020033f8                alt_flash_open_dev
                0x02003474                alt_flash_close_dev
 .text          0x020034c8      0x13c ../timer_test_bsp/\libhal_bsp.a(alt_io_redirect.o)
                0x0200358c                alt_io_redirect
 .text          0x02003604      0x2c4 ../timer_test_bsp/\libhal_bsp.a(alt_open.o)
                0x020036e0                open
 .text          0x020038c8       0x60 ../timer_test_bsp/\libhal_bsp.a(alt_release_fd.o)
                0x020038c8                alt_release_fd
 .text          0x02003928      0x1a4 ../timer_test_bsp/\libhal_bsp.a(alt_tick.o)
                0x02003928                alt_alarm_stop
                0x020039c0                alt_tick
 .text          0x02003acc       0x20 ../timer_test_bsp/\libhal_bsp.a(altera_nios2_qsys_irq.o)
                0x02003acc                altera_nios2_qsys_irq_init
 .text          0x02003aec      0x238 ../timer_test_bsp/\libhal_bsp.a(altera_avalon_spi.o)
                0x02003aec                alt_avalon_spi_command
 .text          0x02003d24       0x94 ../timer_test_bsp/\libhal_bsp.a(alt_find_dev.o)
                0x02003d24                alt_find_dev
 .text          0x02003db8      0x120 ../timer_test_bsp/\libhal_bsp.a(alt_find_file.o)
                0x02003db8                alt_find_file
 .text          0x02003ed8       0xb8 ../timer_test_bsp/\libhal_bsp.a(alt_get_fd.o)
                0x02003ed8                alt_get_fd
 .text          0x02003f90       0x14 c:/altera/12.1/nios2eds/bin/gnu/h-i686-mingw32/bin/../lib/gcc/nios2-elf/4.1.2/../../../../nios2-elf/lib\libc.a(lib_a-atexit.o)
                0x02003f90                atexit
 .text          0x02003fa4       0x38 c:/altera/12.1/nios2eds/bin/gnu/h-i686-mingw32/bin/../lib/gcc/nios2-elf/4.1.2/../../../../nios2-elf/lib\libc.a(lib_a-exit.o)
                0x02003fa4                exit
 .text          0x02003fdc        0x0 c:/altera/12.1/nios2eds/bin/gnu/h-i686-mingw32/bin/../lib/gcc/nios2-elf/4.1.2/../../../../nios2-elf/lib\libc.a(lib_a-impure.o)
 .text          0x02003fdc        0x0 c:/altera/12.1/nios2eds/bin/gnu/h-i686-mingw32/bin/../lib/gcc/nios2-elf/4.1.2/../../../../nios2-elf/lib\libc.a(lib_a-int_errno.o)
 .text          0x02003fdc       0x74 c:/altera/12.1/nios2eds/bin/gnu/h-i686-mingw32/bin/../lib/gcc/nios2-elf/4.1.2/../../../../nios2-elf/lib\libc.a(lib_a-memcmp.o)
                0x02003fdc                memcmp
 .text          0x02004050       0xa0 c:/altera/12.1/nios2eds/bin/gnu/h-i686-mingw32/bin/../lib/gcc/nios2-elf/4.1.2/../../../../nios2-elf/lib\libc.a(lib_a-memcpy.o)
                0x02004050                memcpy
 .text          0x020040f0       0x74 c:/altera/12.1/nios2eds/bin/gnu/h-i686-mingw32/bin/../lib/gcc/nios2-elf/4.1.2/../../../../nios2-elf/lib\libc.a(lib_a-strlen.o)
                0x020040f0                strlen
 .text          0x02004164      0x134 c:/altera/12.1/nios2eds/bin/gnu/h-i686-mingw32/bin/../lib/gcc/nios2-elf/4.1.2/../../../../nios2-elf/lib\libc.a(lib_a-__atexit.o)
                0x02004164                __register_exitproc
 .text          0x02004298      0x1b4 c:/altera/12.1/nios2eds/bin/gnu/h-i686-mingw32/bin/../lib/gcc/nios2-elf/4.1.2/../../../../nios2-elf/lib\libc.a(lib_a-__call_atexit.o)
                0x0200429c                __call_exitprocs
 .text          0x0200444c       0x60 ../timer_test_bsp/\libhal_bsp.a(alt_exit.o)
                0x0200448c                _exit
 *(.gnu.warning.*)
 *(.fini)
                0x020044ac                PROVIDE (__etext, ABSOLUTE (.))
                0x020044ac                PROVIDE (_etext, ABSOLUTE (.))
                0x020044ac                PROVIDE (etext, ABSOLUTE (.))
 *(.eh_frame_hdr)
                0x020044ac                . = ALIGN (0x4)
                0x020044ac                PROVIDE (__preinit_array_start, ABSOLUTE (.))
 *(.preinit_array)
                0x020044ac                PROVIDE (__preinit_array_end, ABSOLUTE (.))
                0x020044ac                PROVIDE (__init_array_start, ABSOLUTE (.))
 *(.init_array)
                0x020044ac                PROVIDE (__init_array_end, ABSOLUTE (.))
                0x020044ac                PROVIDE (__fini_array_start, ABSOLUTE (.))
 *(.fini_array)
                0x020044ac                PROVIDE (__fini_array_end, ABSOLUTE (.))
 *(.eh_frame)
 *(.gcc_except_table)
 *(.dynamic)
                0x020044ac                PROVIDE (__CTOR_LIST__, ABSOLUTE (.))
 *(.ctors)
 *(SORT(.ctors.*))
 .ctors.65535   0x020044ac        0x4 c:/altera/12.1/nios2eds/bin/gnu/h-i686-mingw32/bin/../lib/gcc/nios2-elf/4.1.2/../../../../nios2-elf/lib\libc.a(lib_a-__call_atexit.o)
                0x020044b0                PROVIDE (__CTOR_END__, ABSOLUTE (.))
                0x020044b0                PROVIDE (__DTOR_LIST__, ABSOLUTE (.))
 *(.dtors)
 *(SORT(.dtors.*))
                0x020044b0                PROVIDE (__DTOR_END__, ABSOLUTE (.))
 *(.jcr)
                0x020044b0                . = ALIGN (0x4)

.rodata         0x020044b0       0x4c
                0x020044b0                PROVIDE (__ram_rodata_start, ABSOLUTE (.))
                0x020044b0                . = ALIGN (0x4)
 *(.rodata .rodata.* .gnu.linkonce.r.*)
 .rodata        0x020044b0       0x10 ../timer_test_bsp/\libhal_bsp.a(alt_main.o)
 .rodata        0x020044c0       0x2c ../timer_test_bsp/\libhal_bsp.a(alt_sys_init.o)
 .rodata        0x020044ec        0xc ../timer_test_bsp/\libhal_bsp.a(alt_dev.o)
 .rodata.str1.4
                0x020044f8        0x4 c:/altera/12.1/nios2eds/bin/gnu/h-i686-mingw32/bin/../lib/gcc/nios2-elf/4.1.2/../../../../nios2-elf/lib\libc.a(lib_a-impure.o)
 *(.rodata1)
                0x020044fc                . = ALIGN (0x4)
                0x020044fc                PROVIDE (__ram_rodata_end, ABSOLUTE (.))
                0x020044b0                PROVIDE (__flash_rodata_start, LOADADDR (.rodata))

.rwdata         0x020044fc     0x17d8
                0x020044fc                PROVIDE (__ram_rwdata_start, ABSOLUTE (.))
                0x020044fc                . = ALIGN (0x4)
 *(.got.plt)
 *(.got)
 *(.data1)
 *(.data .data.* .gnu.linkonce.d.*)
 .data          0x020044fc        0x0 ../timer_test_bsp//obj/HAL/src/crt0.o
 .data          0x020044fc       0x10 obj/default/main/main.o
                0x020044fc                timer_prd
 .data          0x0200450c        0x0 ../timer_test_bsp/\libhal_bsp.a(alt_iic.o)
 .data          0x0200450c        0x0 ../timer_test_bsp/\libhal_bsp.a(alt_iic_isr_register.o)
 .data          0x0200450c        0x0 ../timer_test_bsp/\libhal_bsp.a(alt_irq_entry.o)
 .data          0x0200450c        0x0 ../timer_test_bsp/\libhal_bsp.a(alt_irq_handler.o)
 .data          0x0200450c        0x0 ../timer_test_bsp/\libhal_bsp.a(alt_irq_vars.o)
 .data          0x0200450c        0x0 ../timer_test_bsp/\libhal_bsp.a(alt_main.o)
 .data          0x0200450c     0x11ec ../timer_test_bsp/\libhal_bsp.a(alt_sys_init.o)
 .data          0x020056f8        0x0 ../timer_test_bsp/\libhal_bsp.a(altera_avalon_epcs_flash_controller.o)
 .data          0x020056f8        0x0 ../timer_test_bsp/\libhal_bsp.a(altera_avalon_jtag_uart_fd.o)
 .data          0x020056f8        0x0 ../timer_test_bsp/\libhal_bsp.a(altera_avalon_jtag_uart_init.o)
 .data          0x020056f8        0x0 ../timer_test_bsp/\libhal_bsp.a(altera_avalon_jtag_uart_ioctl.o)
 .data          0x020056f8        0x0 ../timer_test_bsp/\libhal_bsp.a(altera_avalon_jtag_uart_read.o)
 .data          0x020056f8        0x0 ../timer_test_bsp/\libhal_bsp.a(altera_avalon_jtag_uart_write.o)
 .data          0x020056f8        0x0 ../timer_test_bsp/\libhal_bsp.a(altera_avalon_timer_sc.o)
 .data          0x020056f8        0x0 ../timer_test_bsp/\libhal_bsp.a(altera_avalon_uart_fd.o)
 .data          0x020056f8        0x0 ../timer_test_bsp/\libhal_bsp.a(altera_avalon_uart_init.o)
 .data          0x020056f8        0x0 ../timer_test_bsp/\libhal_bsp.a(altera_avalon_uart_read.o)
 .data          0x020056f8        0x0 ../timer_test_bsp/\libhal_bsp.a(altera_avalon_uart_write.o)
 .data          0x020056f8        0x0 ../timer_test_bsp/\libhal_bsp.a(epcs_commands.o)
 .data          0x020056f8        0x0 ../timer_test_bsp/\libhal_bsp.a(alt_alarm_start.o)
 .data          0x020056f8        0x0 ../timer_test_bsp/\libhal_bsp.a(alt_close.o)
 .data          0x020056f8      0x1a8 ../timer_test_bsp/\libhal_bsp.a(alt_dev.o)
                0x020056f8                alt_dev_null
                0x02005720                alt_fd_list
 .data          0x020058a0        0x0 ../timer_test_bsp/\libhal_bsp.a(alt_dev_llist_insert.o)
 .data          0x020058a0        0x0 ../timer_test_bsp/\libhal_bsp.a(alt_do_ctors.o)
 .data          0x020058a0        0x0 ../timer_test_bsp/\libhal_bsp.a(alt_do_dtors.o)
 .data          0x020058a0        0x0 ../timer_test_bsp/\libhal_bsp.a(alt_errno.o)
 .data          0x020058a0        0x0 ../timer_test_bsp/\libhal_bsp.a(alt_exception_entry.o)
 .data          0x020058a0        0x0 ../timer_test_bsp/\libhal_bsp.a(alt_flash_dev.o)
 .data          0x020058a0        0x0 ../timer_test_bsp/\libhal_bsp.a(alt_io_redirect.o)
 .data          0x020058a0        0x0 ../timer_test_bsp/\libhal_bsp.a(alt_open.o)
 .data          0x020058a0        0x0 ../timer_test_bsp/\libhal_bsp.a(alt_release_fd.o)
 .data          0x020058a0        0x0 ../timer_test_bsp/\libhal_bsp.a(alt_tick.o)
 .data          0x020058a0        0x0 ../timer_test_bsp/\libhal_bsp.a(altera_nios2_qsys_irq.o)
 .data          0x020058a0        0x0 ../timer_test_bsp/\libhal_bsp.a(altera_avalon_spi.o)
 .data          0x020058a0        0x0 ../timer_test_bsp/\libhal_bsp.a(alt_find_dev.o)
 .data          0x020058a0        0x0 ../timer_test_bsp/\libhal_bsp.a(alt_find_file.o)
 .data          0x020058a0        0x0 ../timer_test_bsp/\libhal_bsp.a(alt_get_fd.o)
 .data          0x020058a0        0x0 c:/altera/12.1/nios2eds/bin/gnu/h-i686-mingw32/bin/../lib/gcc/nios2-elf/4.1.2/../../../../nios2-elf/lib\libc.a(lib_a-atexit.o)
 .data          0x020058a0        0x0 c:/altera/12.1/nios2eds/bin/gnu/h-i686-mingw32/bin/../lib/gcc/nios2-elf/4.1.2/../../../../nios2-elf/lib\libc.a(lib_a-exit.o)
 .data          0x020058a0      0x400 c:/altera/12.1/nios2eds/bin/gnu/h-i686-mingw32/bin/../lib/gcc/nios2-elf/4.1.2/../../../../nios2-elf/lib\libc.a(lib_a-impure.o)
 .data          0x02005ca0        0x0 c:/altera/12.1/nios2eds/bin/gnu/h-i686-mingw32/bin/../lib/gcc/nios2-elf/4.1.2/../../../../nios2-elf/lib\libc.a(lib_a-int_errno.o)
 .data          0x02005ca0        0x0 c:/altera/12.1/nios2eds/bin/gnu/h-i686-mingw32/bin/../lib/gcc/nios2-elf/4.1.2/../../../../nios2-elf/lib\libc.a(lib_a-memcmp.o)
 .data          0x02005ca0        0x0 c:/altera/12.1/nios2eds/bin/gnu/h-i686-mingw32/bin/../lib/gcc/nios2-elf/4.1.2/../../../../nios2-elf/lib\libc.a(lib_a-memcpy.o)
 .data          0x02005ca0        0x0 c:/altera/12.1/nios2eds/bin/gnu/h-i686-mingw32/bin/../lib/gcc/nios2-elf/4.1.2/../../../../nios2-elf/lib\libc.a(lib_a-strlen.o)
 .data          0x02005ca0        0x0 c:/altera/12.1/nios2eds/bin/gnu/h-i686-mingw32/bin/../lib/gcc/nios2-elf/4.1.2/../../../../nios2-elf/lib\libc.a(lib_a-__atexit.o)
 .data          0x02005ca0        0x0 c:/altera/12.1/nios2eds/bin/gnu/h-i686-mingw32/bin/../lib/gcc/nios2-elf/4.1.2/../../../../nios2-elf/lib\libc.a(lib_a-__call_atexit.o)
 .data          0x02005ca0        0x0 ../timer_test_bsp/\libhal_bsp.a(alt_exit.o)
                0x0200dca0                _gp = ABSOLUTE ((. + 0x8000))
                0x0200dca0                PROVIDE (gp, _gp)
 *(.rwdata .rwdata.*)
 *(.sdata .sdata.* .gnu.linkonce.s.*)
 .sdata         0x02005ca0        0x4 ../timer_test_bsp/\libhal_bsp.a(alt_irq_vars.o)
                0x02005ca0                alt_priority_mask
 .sdata         0x02005ca4       0x14 ../timer_test_bsp/\libhal_bsp.a(alt_dev.o)
                0x02005ca4                alt_fs_list
                0x02005cac                alt_dev_list
                0x02005cb4                alt_max_fd
 .sdata         0x02005cb8        0x4 ../timer_test_bsp/\libhal_bsp.a(alt_errno.o)
                0x02005cb8                alt_errno
 .sdata         0x02005cbc        0x8 ../timer_test_bsp/\libhal_bsp.a(alt_flash_dev.o)
                0x02005cbc                alt_flash_dev_list
 .sdata         0x02005cc4        0x8 ../timer_test_bsp/\libhal_bsp.a(alt_tick.o)
                0x02005cc4                alt_alarm_list
 .sdata         0x02005ccc        0x8 c:/altera/12.1/nios2eds/bin/gnu/h-i686-mingw32/bin/../lib/gcc/nios2-elf/4.1.2/../../../../nios2-elf/lib\libc.a(lib_a-impure.o)
                0x02005ccc                _impure_ptr
                0x02005cd0                _global_impure_ptr
 *(.sdata2 .sdata2.* .gnu.linkonce.s2.*)
                0x02005cd4                . = ALIGN (0x4)
                0x02005cd4                _edata = ABSOLUTE (.)
                0x02005cd4                PROVIDE (edata, ABSOLUTE (.))
                0x02005cd4                PROVIDE (__ram_rwdata_end, ABSOLUTE (.))
                0x020044fc                PROVIDE (__flash_rwdata_start, LOADADDR (.rwdata))

.bss            0x02005cd4      0x2b8
                0x02005cd4                __bss_start = ABSOLUTE (.)
                0x02005cd4                PROVIDE (__sbss_start, ABSOLUTE (.))
                0x02005cd4                PROVIDE (___sbss_start, ABSOLUTE (.))
 *(.dynsbss)
 *(.sbss .sbss.* .gnu.linkonce.sb.*)
 .sbss          0x02005cd4        0x8 obj/default/main/main.o
                0x02005cd4                i
                0x02005cd8                j
 .sbss          0x02005cdc        0x4 obj/default/main/main.o
                0x02005cdc                flag
 .sbss          0x02005ce0        0x4 ../timer_test_bsp/\libhal_bsp.a(alt_irq_vars.o)
                0x02005ce0                alt_irq_active
 .sbss          0x02005ce4        0xc ../timer_test_bsp/\libhal_bsp.a(alt_main.o)
                0x02005ce4                alt_argc
                0x02005ce8                alt_argv
                0x02005cec                alt_envp
 .sbss          0x02005cf0        0x8 ../timer_test_bsp/\libhal_bsp.a(alt_tick.o)
                0x02005cf0                _alt_tick_rate
                0x02005cf4                _alt_nticks
 .sbss          0x02005cf8        0x4 c:/altera/12.1/nios2eds/bin/gnu/h-i686-mingw32/bin/../lib/gcc/nios2-elf/4.1.2/../../../../nios2-elf/lib\libc.a(lib_a-int_errno.o)
                0x02005cf8                errno
 *(.sbss2 .sbss2.* .gnu.linkonce.sb2.*)
 *(.scommon)
                0x02005cfc                PROVIDE (__sbss_end, ABSOLUTE (.))
                0x02005cfc                PROVIDE (___sbss_end, ABSOLUTE (.))
 *(.dynbss)
 *(.bss .bss.* .gnu.linkonce.b.*)
 .bss           0x02005cfc        0x0 ../timer_test_bsp//obj/HAL/src/crt0.o
 .bss           0x02005cfc        0x0 obj/default/main/main.o
 .bss           0x02005cfc        0x0 ../timer_test_bsp/\libhal_bsp.a(alt_iic.o)
 .bss           0x02005cfc        0x0 ../timer_test_bsp/\libhal_bsp.a(alt_iic_isr_register.o)
 .bss           0x02005cfc        0x0 ../timer_test_bsp/\libhal_bsp.a(alt_irq_entry.o)
 .bss           0x02005cfc        0x0 ../timer_test_bsp/\libhal_bsp.a(alt_irq_handler.o)
 .bss           0x02005cfc        0x0 ../timer_test_bsp/\libhal_bsp.a(alt_irq_vars.o)
 .bss           0x02005cfc        0x0 ../timer_test_bsp/\libhal_bsp.a(alt_main.o)
 .bss           0x02005cfc        0x0 ../timer_test_bsp/\libhal_bsp.a(alt_sys_init.o)
 .bss           0x02005cfc        0x0 ../timer_test_bsp/\libhal_bsp.a(altera_avalon_epcs_flash_controller.o)
 .bss           0x02005cfc        0x0 ../timer_test_bsp/\libhal_bsp.a(altera_avalon_jtag_uart_fd.o)
 .bss           0x02005cfc        0x0 ../timer_test_bsp/\libhal_bsp.a(altera_avalon_jtag_uart_init.o)
 .bss           0x02005cfc        0x0 ../timer_test_bsp/\libhal_bsp.a(altera_avalon_jtag_uart_ioctl.o)
 .bss           0x02005cfc        0x0 ../timer_test_bsp/\libhal_bsp.a(altera_avalon_jtag_uart_read.o)
 .bss           0x02005cfc        0x0 ../timer_test_bsp/\libhal_bsp.a(altera_avalon_jtag_uart_write.o)
 .bss           0x02005cfc        0x0 ../timer_test_bsp/\libhal_bsp.a(altera_avalon_timer_sc.o)
 .bss           0x02005cfc        0x0 ../timer_test_bsp/\libhal_bsp.a(altera_avalon_uart_fd.o)
 .bss           0x02005cfc        0x0 ../timer_test_bsp/\libhal_bsp.a(altera_avalon_uart_init.o)
 .bss           0x02005cfc        0x0 ../timer_test_bsp/\libhal_bsp.a(altera_avalon_uart_read.o)
 .bss           0x02005cfc        0x0 ../timer_test_bsp/\libhal_bsp.a(altera_avalon_uart_write.o)
 .bss           0x02005cfc        0x0 ../timer_test_bsp/\libhal_bsp.a(epcs_commands.o)
 .bss           0x02005cfc        0x0 ../timer_test_bsp/\libhal_bsp.a(alt_alarm_start.o)
 .bss           0x02005cfc        0x0 ../timer_test_bsp/\libhal_bsp.a(alt_close.o)
 .bss           0x02005cfc        0x0 ../timer_test_bsp/\libhal_bsp.a(alt_dev.o)
 .bss           0x02005cfc        0x0 ../timer_test_bsp/\libhal_bsp.a(alt_dev_llist_insert.o)
 .bss           0x02005cfc        0x0 ../timer_test_bsp/\libhal_bsp.a(alt_do_ctors.o)
 .bss           0x02005cfc        0x0 ../timer_test_bsp/\libhal_bsp.a(alt_do_dtors.o)
 .bss           0x02005cfc        0x0 ../timer_test_bsp/\libhal_bsp.a(alt_errno.o)
 .bss           0x02005cfc        0x0 ../timer_test_bsp/\libhal_bsp.a(alt_exception_entry.o)
 .bss           0x02005cfc        0x0 ../timer_test_bsp/\libhal_bsp.a(alt_flash_dev.o)
 .bss           0x02005cfc        0x0 ../timer_test_bsp/\libhal_bsp.a(alt_io_redirect.o)
 .bss           0x02005cfc        0x0 ../timer_test_bsp/\libhal_bsp.a(alt_open.o)
 .bss           0x02005cfc        0x0 ../timer_test_bsp/\libhal_bsp.a(alt_release_fd.o)
 .bss           0x02005cfc        0x0 ../timer_test_bsp/\libhal_bsp.a(alt_tick.o)
 .bss           0x02005cfc        0x0 ../timer_test_bsp/\libhal_bsp.a(altera_nios2_qsys_irq.o)
 .bss           0x02005cfc        0x0 ../timer_test_bsp/\libhal_bsp.a(altera_avalon_spi.o)
 .bss           0x02005cfc        0x0 ../timer_test_bsp/\libhal_bsp.a(alt_find_dev.o)
 .bss           0x02005cfc        0x0 ../timer_test_bsp/\libhal_bsp.a(alt_find_file.o)
 .bss           0x02005cfc        0x0 ../timer_test_bsp/\libhal_bsp.a(alt_get_fd.o)
 .bss           0x02005cfc        0x0 c:/altera/12.1/nios2eds/bin/gnu/h-i686-mingw32/bin/../lib/gcc/nios2-elf/4.1.2/../../../../nios2-elf/lib\libc.a(lib_a-atexit.o)
 .bss           0x02005cfc        0x0 c:/altera/12.1/nios2eds/bin/gnu/h-i686-mingw32/bin/../lib/gcc/nios2-elf/4.1.2/../../../../nios2-elf/lib\libc.a(lib_a-exit.o)
 .bss           0x02005cfc        0x0 c:/altera/12.1/nios2eds/bin/gnu/h-i686-mingw32/bin/../lib/gcc/nios2-elf/4.1.2/../../../../nios2-elf/lib\libc.a(lib_a-impure.o)
 .bss           0x02005cfc        0x0 c:/altera/12.1/nios2eds/bin/gnu/h-i686-mingw32/bin/../lib/gcc/nios2-elf/4.1.2/../../../../nios2-elf/lib\libc.a(lib_a-int_errno.o)
 .bss           0x02005cfc        0x0 c:/altera/12.1/nios2eds/bin/gnu/h-i686-mingw32/bin/../lib/gcc/nios2-elf/4.1.2/../../../../nios2-elf/lib\libc.a(lib_a-memcmp.o)
 .bss           0x02005cfc        0x0 c:/altera/12.1/nios2eds/bin/gnu/h-i686-mingw32/bin/../lib/gcc/nios2-elf/4.1.2/../../../../nios2-elf/lib\libc.a(lib_a-memcpy.o)
 .bss           0x02005cfc        0x0 c:/altera/12.1/nios2eds/bin/gnu/h-i686-mingw32/bin/../lib/gcc/nios2-elf/4.1.2/../../../../nios2-elf/lib\libc.a(lib_a-strlen.o)
 .bss           0x02005cfc        0x0 c:/altera/12.1/nios2eds/bin/gnu/h-i686-mingw32/bin/../lib/gcc/nios2-elf/4.1.2/../../../../nios2-elf/lib\libc.a(lib_a-__atexit.o)
 .bss           0x02005cfc        0x0 c:/altera/12.1/nios2eds/bin/gnu/h-i686-mingw32/bin/../lib/gcc/nios2-elf/4.1.2/../../../../nios2-elf/lib\libc.a(lib_a-__call_atexit.o)
 .bss           0x02005cfc        0x0 ../timer_test_bsp/\libhal_bsp.a(alt_exit.o)
 *(COMMON)
 COMMON         0x02005cfc      0x100 ../timer_test_bsp/\libhal_bsp.a(alt_irq_handler.o)
                0x02005cfc                alt_irq
 COMMON         0x02005dfc      0x190 c:/altera/12.1/nios2eds/bin/gnu/h-i686-mingw32/bin/../lib/gcc/nios2-elf/4.1.2/../../../../nios2-elf/lib\libc.a(lib_a-atexit.o)
                0x02005dfc                _atexit0
                0x02005f8c                . = ALIGN (0x4)
                0x02005f8c                __bss_end = ABSOLUTE (.)

.sdram          0x02005f8c        0x0
                0x02005f8c                PROVIDE (_alt_partition_sdram_start, ABSOLUTE (.))
 *(.sdram. sdram.*)
                0x02005f8c                . = ALIGN (0x4)
                0x02005f8c                PROVIDE (_alt_partition_sdram_end, ABSOLUTE (.))
                0x02005f8c                _end = ABSOLUTE (.)
                0x02005f8c                end = ABSOLUTE (.)
                0x02005f8c                __alt_stack_base = ABSOLUTE (.)
                0x02005f8c                PROVIDE (_alt_partition_sdram_load_addr, LOADADDR (.sdram))

.epcs_flash     0x04001020        0x0
                0x04001020                PROVIDE (_alt_partition_epcs_flash_start, ABSOLUTE (.))
 *(.epcs_flash. epcs_flash.*)
                0x04001020                . = ALIGN (0x4)
                0x04001020                PROVIDE (_alt_partition_epcs_flash_end, ABSOLUTE (.))
                0x04001020                PROVIDE (_alt_partition_epcs_flash_load_addr, LOADADDR (.epcs_flash))

.stab
 *(.stab)

.stabstr
 *(.stabstr)

.stab.excl
 *(.stab.excl)

.stab.exclstr
 *(.stab.exclstr)

.stab.index
 *(.stab.index)

.stab.indexstr
 *(.stab.indexstr)

.comment        0x00000000       0x23
 *(.comment)
 .comment       0x00000000       0x23 obj/default/main/main.o
                                 0x24 (size before relaxing)
 .comment       0x00000000       0x24 ../timer_test_bsp/\libhal_bsp.a(alt_iic.o)
 .comment       0x00000000       0x24 ../timer_test_bsp/\libhal_bsp.a(alt_iic_isr_register.o)
 .comment       0x00000000       0x24 ../timer_test_bsp/\libhal_bsp.a(alt_irq_handler.o)
 .comment       0x00000000       0x24 ../timer_test_bsp/\libhal_bsp.a(alt_irq_vars.o)
 .comment       0x00000000       0x24 ../timer_test_bsp/\libhal_bsp.a(alt_main.o)
 .comment       0x00000000       0x24 ../timer_test_bsp/\libhal_bsp.a(alt_sys_init.o)
 .comment       0x00000000       0x24 ../timer_test_bsp/\libhal_bsp.a(altera_avalon_epcs_flash_controller.o)
 .comment       0x00000000       0x24 ../timer_test_bsp/\libhal_bsp.a(altera_avalon_jtag_uart_fd.o)
 .comment       0x00000000       0x24 ../timer_test_bsp/\libhal_bsp.a(altera_avalon_jtag_uart_init.o)
 .comment       0x00000000       0x24 ../timer_test_bsp/\libhal_bsp.a(altera_avalon_jtag_uart_ioctl.o)
 .comment       0x00000000       0x24 ../timer_test_bsp/\libhal_bsp.a(altera_avalon_jtag_uart_read.o)
 .comment       0x00000000       0x24 ../timer_test_bsp/\libhal_bsp.a(altera_avalon_jtag_uart_write.o)
 .comment       0x00000000       0x24 ../timer_test_bsp/\libhal_bsp.a(altera_avalon_timer_sc.o)
 .comment       0x00000000       0x24 ../timer_test_bsp/\libhal_bsp.a(altera_avalon_uart_fd.o)
 .comment       0x00000000       0x24 ../timer_test_bsp/\libhal_bsp.a(altera_avalon_uart_init.o)
 .comment       0x00000000       0x24 ../timer_test_bsp/\libhal_bsp.a(altera_avalon_uart_read.o)
 .comment       0x00000000       0x24 ../timer_test_bsp/\libhal_bsp.a(altera_avalon_uart_write.o)
 .comment       0x00000000       0x24 ../timer_test_bsp/\libhal_bsp.a(epcs_commands.o)
 .comment       0x00000000       0x24 ../timer_test_bsp/\libhal_bsp.a(alt_alarm_start.o)
 .comment       0x00000000       0x24 ../timer_test_bsp/\libhal_bsp.a(alt_close.o)
 .comment       0x00000000       0x24 ../timer_test_bsp/\libhal_bsp.a(alt_dev.o)
 .comment       0x00000000       0x24 ../timer_test_bsp/\libhal_bsp.a(alt_dev_llist_insert.o)
 .comment       0x00000000       0x24 ../timer_test_bsp/\libhal_bsp.a(alt_do_ctors.o)
 .comment       0x00000000       0x24 ../timer_test_bsp/\libhal_bsp.a(alt_do_dtors.o)
 .comment       0x00000000       0x24 ../timer_test_bsp/\libhal_bsp.a(alt_errno.o)
 .comment       0x00000000       0x24 ../timer_test_bsp/\libhal_bsp.a(alt_flash_dev.o)
 .comment       0x00000000       0x24 ../timer_test_bsp/\libhal_bsp.a(alt_io_redirect.o)
 .comment       0x00000000       0x24 ../timer_test_bsp/\libhal_bsp.a(alt_open.o)
 .comment       0x00000000       0x24 ../timer_test_bsp/\libhal_bsp.a(alt_release_fd.o)
 .comment       0x00000000       0x24 ../timer_test_bsp/\libhal_bsp.a(alt_tick.o)
 .comment       0x00000000       0x24 ../timer_test_bsp/\libhal_bsp.a(altera_nios2_qsys_irq.o)
 .comment       0x00000000       0x24 ../timer_test_bsp/\libhal_bsp.a(altera_avalon_spi.o)
 .comment       0x00000000       0x24 ../timer_test_bsp/\libhal_bsp.a(alt_find_dev.o)
 .comment       0x00000000       0x24 ../timer_test_bsp/\libhal_bsp.a(alt_find_file.o)
 .comment       0x00000000       0x24 ../timer_test_bsp/\libhal_bsp.a(alt_get_fd.o)
 .comment       0x00000000       0x24 c:/altera/12.1/nios2eds/bin/gnu/h-i686-mingw32/bin/../lib/gcc/nios2-elf/4.1.2/../../../../nios2-elf/lib\libc.a(lib_a-atexit.o)
 .comment       0x00000000       0x24 c:/altera/12.1/nios2eds/bin/gnu/h-i686-mingw32/bin/../lib/gcc/nios2-elf/4.1.2/../../../../nios2-elf/lib\libc.a(lib_a-exit.o)
 .comment       0x00000000       0x24 c:/altera/12.1/nios2eds/bin/gnu/h-i686-mingw32/bin/../lib/gcc/nios2-elf/4.1.2/../../../../nios2-elf/lib\libc.a(lib_a-impure.o)
 .comment       0x00000000       0x24 c:/altera/12.1/nios2eds/bin/gnu/h-i686-mingw32/bin/../lib/gcc/nios2-elf/4.1.2/../../../../nios2-elf/lib\libc.a(lib_a-int_errno.o)
 .comment       0x00000000       0x24 c:/altera/12.1/nios2eds/bin/gnu/h-i686-mingw32/bin/../lib/gcc/nios2-elf/4.1.2/../../../../nios2-elf/lib\libc.a(lib_a-memcmp.o)
 .comment       0x00000000       0x24 c:/altera/12.1/nios2eds/bin/gnu/h-i686-mingw32/bin/../lib/gcc/nios2-elf/4.1.2/../../../../nios2-elf/lib\libc.a(lib_a-memcpy.o)
 .comment       0x00000000       0x24 c:/altera/12.1/nios2eds/bin/gnu/h-i686-mingw32/bin/../lib/gcc/nios2-elf/4.1.2/../../../../nios2-elf/lib\libc.a(lib_a-strlen.o)
 .comment       0x00000000       0x24 c:/altera/12.1/nios2eds/bin/gnu/h-i686-mingw32/bin/../lib/gcc/nios2-elf/4.1.2/../../../../nios2-elf/lib\libc.a(lib_a-__atexit.o)
 .comment       0x00000000       0x24 c:/altera/12.1/nios2eds/bin/gnu/h-i686-mingw32/bin/../lib/gcc/nios2-elf/4.1.2/../../../../nios2-elf/lib\libc.a(lib_a-__call_atexit.o)
 .comment       0x00000000       0x24 ../timer_test_bsp/\libhal_bsp.a(alt_exit.o)

.debug
 *(.debug)

.line
 *(.line)

.debug_srcinfo
 *(.debug_srcinfo)

.debug_sfnames
 *(.debug_sfnames)

.debug_aranges  0x00000000      0x5d0
 *(.debug_aranges)
 .debug_aranges
                0x00000000       0x20 ../timer_test_bsp//obj/HAL/src/crt0.o
 .debug_aranges
                0x00000020       0x20 obj/default/main/main.o
 .debug_aranges
                0x00000040       0x20 ../timer_test_bsp/\libhal_bsp.a(alt_iic.o)
 .debug_aranges
                0x00000060       0x20 ../timer_test_bsp/\libhal_bsp.a(alt_iic_isr_register.o)
 .debug_aranges
                0x00000080       0x30 ../timer_test_bsp/\libhal_bsp.a(alt_irq_entry.o)
 .debug_aranges
                0x000000b0       0x28 ../timer_test_bsp/\libhal_bsp.a(alt_irq_handler.o)
 .debug_aranges
                0x000000d8       0x20 ../timer_test_bsp/\libhal_bsp.a(alt_main.o)
 .debug_aranges
                0x000000f8       0x20 ../timer_test_bsp/\libhal_bsp.a(alt_sys_init.o)
 .debug_aranges
                0x00000118       0x20 ../timer_test_bsp/\libhal_bsp.a(altera_avalon_epcs_flash_controller.o)
 .debug_aranges
                0x00000138       0x20 ../timer_test_bsp/\libhal_bsp.a(altera_avalon_jtag_uart_fd.o)
 .debug_aranges
                0x00000158       0x20 ../timer_test_bsp/\libhal_bsp.a(altera_avalon_jtag_uart_init.o)
 .debug_aranges
                0x00000178       0x20 ../timer_test_bsp/\libhal_bsp.a(altera_avalon_jtag_uart_ioctl.o)
 .debug_aranges
                0x00000198       0x20 ../timer_test_bsp/\libhal_bsp.a(altera_avalon_jtag_uart_read.o)
 .debug_aranges
                0x000001b8       0x20 ../timer_test_bsp/\libhal_bsp.a(altera_avalon_jtag_uart_write.o)
 .debug_aranges
                0x000001d8       0x20 ../timer_test_bsp/\libhal_bsp.a(altera_avalon_timer_sc.o)
 .debug_aranges
                0x000001f8       0x20 ../timer_test_bsp/\libhal_bsp.a(altera_avalon_uart_fd.o)
 .debug_aranges
                0x00000218       0x20 ../timer_test_bsp/\libhal_bsp.a(altera_avalon_uart_init.o)
 .debug_aranges
                0x00000238       0x20 ../timer_test_bsp/\libhal_bsp.a(altera_avalon_uart_read.o)
 .debug_aranges
                0x00000258       0x20 ../timer_test_bsp/\libhal_bsp.a(altera_avalon_uart_write.o)
 .debug_aranges
                0x00000278       0x20 ../timer_test_bsp/\libhal_bsp.a(epcs_commands.o)
 .debug_aranges
                0x00000298       0x20 ../timer_test_bsp/\libhal_bsp.a(alt_alarm_start.o)
 .debug_aranges
                0x000002b8       0x20 ../timer_test_bsp/\libhal_bsp.a(alt_close.o)
 .debug_aranges
                0x000002d8       0x20 ../timer_test_bsp/\libhal_bsp.a(alt_dev.o)
 .debug_aranges
                0x000002f8       0x20 ../timer_test_bsp/\libhal_bsp.a(alt_dev_llist_insert.o)
 .debug_aranges
                0x00000318       0x20 ../timer_test_bsp/\libhal_bsp.a(alt_do_ctors.o)
 .debug_aranges
                0x00000338       0x20 ../timer_test_bsp/\libhal_bsp.a(alt_do_dtors.o)
 .debug_aranges
                0x00000358       0x38 ../timer_test_bsp/\libhal_bsp.a(alt_exception_entry.o)
 .debug_aranges
                0x00000390       0x20 ../timer_test_bsp/\libhal_bsp.a(alt_flash_dev.o)
 .debug_aranges
                0x000003b0       0x20 ../timer_test_bsp/\libhal_bsp.a(alt_io_redirect.o)
 .debug_aranges
                0x000003d0       0x20 ../timer_test_bsp/\libhal_bsp.a(alt_open.o)
 .debug_aranges
                0x000003f0       0x20 ../timer_test_bsp/\libhal_bsp.a(alt_release_fd.o)
 .debug_aranges
                0x00000410       0x20 ../timer_test_bsp/\libhal_bsp.a(alt_tick.o)
 .debug_aranges
                0x00000430       0x20 ../timer_test_bsp/\libhal_bsp.a(altera_nios2_qsys_irq.o)
 .debug_aranges
                0x00000450       0x20 ../timer_test_bsp/\libhal_bsp.a(altera_avalon_spi.o)
 .debug_aranges
                0x00000470       0x20 ../timer_test_bsp/\libhal_bsp.a(alt_find_dev.o)
 .debug_aranges
                0x00000490       0x20 ../timer_test_bsp/\libhal_bsp.a(alt_find_file.o)
 .debug_aranges
                0x000004b0       0x20 ../timer_test_bsp/\libhal_bsp.a(alt_get_fd.o)
 .debug_aranges
                0x000004d0       0x20 c:/altera/12.1/nios2eds/bin/gnu/h-i686-mingw32/bin/../lib/gcc/nios2-elf/4.1.2/../../../../nios2-elf/lib\libc.a(lib_a-atexit.o)
 .debug_aranges
                0x000004f0       0x20 c:/altera/12.1/nios2eds/bin/gnu/h-i686-mingw32/bin/../lib/gcc/nios2-elf/4.1.2/../../../../nios2-elf/lib\libc.a(lib_a-exit.o)
 .debug_aranges
                0x00000510       0x20 c:/altera/12.1/nios2eds/bin/gnu/h-i686-mingw32/bin/../lib/gcc/nios2-elf/4.1.2/../../../../nios2-elf/lib\libc.a(lib_a-memcmp.o)
 .debug_aranges
                0x00000530       0x20 c:/altera/12.1/nios2eds/bin/gnu/h-i686-mingw32/bin/../lib/gcc/nios2-elf/4.1.2/../../../../nios2-elf/lib\libc.a(lib_a-memcpy.o)
 .debug_aranges
                0x00000550       0x20 c:/altera/12.1/nios2eds/bin/gnu/h-i686-mingw32/bin/../lib/gcc/nios2-elf/4.1.2/../../../../nios2-elf/lib\libc.a(lib_a-strlen.o)
 .debug_aranges
                0x00000570       0x20 c:/altera/12.1/nios2eds/bin/gnu/h-i686-mingw32/bin/../lib/gcc/nios2-elf/4.1.2/../../../../nios2-elf/lib\libc.a(lib_a-__atexit.o)
 .debug_aranges
                0x00000590       0x20 c:/altera/12.1/nios2eds/bin/gnu/h-i686-mingw32/bin/../lib/gcc/nios2-elf/4.1.2/../../../../nios2-elf/lib\libc.a(lib_a-__call_atexit.o)
 .debug_aranges
                0x000005b0       0x20 ../timer_test_bsp/\libhal_bsp.a(alt_exit.o)

.debug_pubnames
                0x00000000      0xae2
 *(.debug_pubnames)
 .debug_pubnames
                0x00000000       0x3e obj/default/main/main.o
 .debug_pubnames
                0x0000003e       0x6e ../timer_test_bsp/\libhal_bsp.a(alt_iic.o)
 .debug_pubnames
                0x000000ac       0x2b ../timer_test_bsp/\libhal_bsp.a(alt_iic_isr_register.o)
 .debug_pubnames
                0x000000d7       0x32 ../timer_test_bsp/\libhal_bsp.a(alt_irq_handler.o)
 .debug_pubnames
                0x00000109       0x3b ../timer_test_bsp/\libhal_bsp.a(alt_irq_vars.o)
 .debug_pubnames
                0x00000144       0x46 ../timer_test_bsp/\libhal_bsp.a(alt_main.o)
 .debug_pubnames
                0x0000018a       0x34 ../timer_test_bsp/\libhal_bsp.a(alt_sys_init.o)
 .debug_pubnames
                0x000001be       0xb5 ../timer_test_bsp/\libhal_bsp.a(altera_avalon_epcs_flash_controller.o)
 .debug_pubnames
                0x00000273       0xa5 ../timer_test_bsp/\libhal_bsp.a(altera_avalon_jtag_uart_fd.o)
 .debug_pubnames
                0x00000318       0x55 ../timer_test_bsp/\libhal_bsp.a(altera_avalon_jtag_uart_init.o)
 .debug_pubnames
                0x0000036d       0x34 ../timer_test_bsp/\libhal_bsp.a(altera_avalon_jtag_uart_ioctl.o)
 .debug_pubnames
                0x000003a1       0x33 ../timer_test_bsp/\libhal_bsp.a(altera_avalon_jtag_uart_read.o)
 .debug_pubnames
                0x000003d4       0x34 ../timer_test_bsp/\libhal_bsp.a(altera_avalon_jtag_uart_write.o)
 .debug_pubnames
                0x00000408       0x2f ../timer_test_bsp/\libhal_bsp.a(altera_avalon_timer_sc.o)
 .debug_pubnames
                0x00000437       0x71 ../timer_test_bsp/\libhal_bsp.a(altera_avalon_uart_fd.o)
 .debug_pubnames
                0x000004a8       0x4b ../timer_test_bsp/\libhal_bsp.a(altera_avalon_uart_init.o)
 .debug_pubnames
                0x000004f3       0x2e ../timer_test_bsp/\libhal_bsp.a(altera_avalon_uart_read.o)
 .debug_pubnames
                0x00000521       0x2f ../timer_test_bsp/\libhal_bsp.a(altera_avalon_uart_write.o)
 .debug_pubnames
                0x00000550      0x118 ../timer_test_bsp/\libhal_bsp.a(epcs_commands.o)
 .debug_pubnames
                0x00000668       0x26 ../timer_test_bsp/\libhal_bsp.a(alt_alarm_start.o)
 .debug_pubnames
                0x0000068e       0x1c ../timer_test_bsp/\libhal_bsp.a(alt_close.o)
 .debug_pubnames
                0x000006aa       0x63 ../timer_test_bsp/\libhal_bsp.a(alt_dev.o)
 .debug_pubnames
                0x0000070d       0x2b ../timer_test_bsp/\libhal_bsp.a(alt_dev_llist_insert.o)
 .debug_pubnames
                0x00000738       0x20 ../timer_test_bsp/\libhal_bsp.a(alt_do_ctors.o)
 .debug_pubnames
                0x00000758       0x20 ../timer_test_bsp/\libhal_bsp.a(alt_do_dtors.o)
 .debug_pubnames
                0x00000778       0x20 ../timer_test_bsp/\libhal_bsp.a(alt_errno.o)
 .debug_pubnames
                0x00000798       0x58 ../timer_test_bsp/\libhal_bsp.a(alt_flash_dev.o)
 .debug_pubnames
                0x000007f0       0x26 ../timer_test_bsp/\libhal_bsp.a(alt_io_redirect.o)
 .debug_pubnames
                0x00000816       0x1b ../timer_test_bsp/\libhal_bsp.a(alt_open.o)
 .debug_pubnames
                0x00000831       0x25 ../timer_test_bsp/\libhal_bsp.a(alt_release_fd.o)
 .debug_pubnames
                0x00000856       0x68 ../timer_test_bsp/\libhal_bsp.a(alt_tick.o)
 .debug_pubnames
                0x000008be       0x31 ../timer_test_bsp/\libhal_bsp.a(altera_nios2_qsys_irq.o)
 .debug_pubnames
                0x000008ef       0x2d ../timer_test_bsp/\libhal_bsp.a(altera_avalon_spi.o)
 .debug_pubnames
                0x0000091c       0x23 ../timer_test_bsp/\libhal_bsp.a(alt_find_dev.o)
 .debug_pubnames
                0x0000093f       0x24 ../timer_test_bsp/\libhal_bsp.a(alt_find_file.o)
 .debug_pubnames
                0x00000963       0x21 ../timer_test_bsp/\libhal_bsp.a(alt_get_fd.o)
 .debug_pubnames
                0x00000984       0x2a c:/altera/12.1/nios2eds/bin/gnu/h-i686-mingw32/bin/../lib/gcc/nios2-elf/4.1.2/../../../../nios2-elf/lib\libc.a(lib_a-atexit.o)
 .debug_pubnames
                0x000009ae       0x1b c:/altera/12.1/nios2eds/bin/gnu/h-i686-mingw32/bin/../lib/gcc/nios2-elf/4.1.2/../../../../nios2-elf/lib\libc.a(lib_a-exit.o)
 .debug_pubnames
                0x000009c9       0x39 c:/altera/12.1/nios2eds/bin/gnu/h-i686-mingw32/bin/../lib/gcc/nios2-elf/4.1.2/../../../../nios2-elf/lib\libc.a(lib_a-impure.o)
 .debug_pubnames
                0x00000a02       0x1c c:/altera/12.1/nios2eds/bin/gnu/h-i686-mingw32/bin/../lib/gcc/nios2-elf/4.1.2/../../../../nios2-elf/lib\libc.a(lib_a-int_errno.o)
 .debug_pubnames
                0x00000a1e       0x1d c:/altera/12.1/nios2eds/bin/gnu/h-i686-mingw32/bin/../lib/gcc/nios2-elf/4.1.2/../../../../nios2-elf/lib\libc.a(lib_a-memcmp.o)
 .debug_pubnames
                0x00000a3b       0x1d c:/altera/12.1/nios2eds/bin/gnu/h-i686-mingw32/bin/../lib/gcc/nios2-elf/4.1.2/../../../../nios2-elf/lib\libc.a(lib_a-memcpy.o)
 .debug_pubnames
                0x00000a58       0x1d c:/altera/12.1/nios2eds/bin/gnu/h-i686-mingw32/bin/../lib/gcc/nios2-elf/4.1.2/../../../../nios2-elf/lib\libc.a(lib_a-strlen.o)
 .debug_pubnames
                0x00000a75       0x2a c:/altera/12.1/nios2eds/bin/gnu/h-i686-mingw32/bin/../lib/gcc/nios2-elf/4.1.2/../../../../nios2-elf/lib\libc.a(lib_a-__atexit.o)
 .debug_pubnames
                0x00000a9f       0x27 c:/altera/12.1/nios2eds/bin/gnu/h-i686-mingw32/bin/../lib/gcc/nios2-elf/4.1.2/../../../../nios2-elf/lib\libc.a(lib_a-__call_atexit.o)
 .debug_pubnames
                0x00000ac6       0x1c ../timer_test_bsp/\libhal_bsp.a(alt_exit.o)

.debug_info     0x00000000     0xccbc
 *(.debug_info .gnu.linkonce.wi.*)
 .debug_info    0x00000000       0x66 ../timer_test_bsp//obj/HAL/src/crt0.o
 .debug_info    0x00000066      0x225 obj/default/main/main.o
 .debug_info    0x0000028b      0x47a ../timer_test_bsp/\libhal_bsp.a(alt_iic.o)
 .debug_info    0x00000705      0x2fb ../timer_test_bsp/\libhal_bsp.a(alt_iic_isr_register.o)
 .debug_info    0x00000a00       0x6b ../timer_test_bsp/\libhal_bsp.a(alt_irq_entry.o)
 .debug_info    0x00000a6b      0x25c ../timer_test_bsp/\libhal_bsp.a(alt_irq_handler.o)
 .debug_info    0x00000cc7      0x14e ../timer_test_bsp/\libhal_bsp.a(alt_irq_vars.o)
 .debug_info    0x00000e15      0x20c ../timer_test_bsp/\libhal_bsp.a(alt_main.o)
 .debug_info    0x00001021      0xc6b ../timer_test_bsp/\libhal_bsp.a(alt_sys_init.o)
 .debug_info    0x00001c8c      0xb90 ../timer_test_bsp/\libhal_bsp.a(altera_avalon_epcs_flash_controller.o)
 .debug_info    0x0000281c      0x7c0 ../timer_test_bsp/\libhal_bsp.a(altera_avalon_jtag_uart_fd.o)
 .debug_info    0x00002fdc      0x5e8 ../timer_test_bsp/\libhal_bsp.a(altera_avalon_jtag_uart_init.o)
 .debug_info    0x000035c4      0x42a ../timer_test_bsp/\libhal_bsp.a(altera_avalon_jtag_uart_ioctl.o)
 .debug_info    0x000039ee      0x52d ../timer_test_bsp/\libhal_bsp.a(altera_avalon_jtag_uart_read.o)
 .debug_info    0x00003f1b      0x525 ../timer_test_bsp/\libhal_bsp.a(altera_avalon_jtag_uart_write.o)
 .debug_info    0x00004440      0x372 ../timer_test_bsp/\libhal_bsp.a(altera_avalon_timer_sc.o)
 .debug_info    0x000047b2      0x623 ../timer_test_bsp/\libhal_bsp.a(altera_avalon_uart_fd.o)
 .debug_info    0x00004dd5      0x4f5 ../timer_test_bsp/\libhal_bsp.a(altera_avalon_uart_init.o)
 .debug_info    0x000052ca      0x4a9 ../timer_test_bsp/\libhal_bsp.a(altera_avalon_uart_read.o)
 .debug_info    0x00005773      0x4a7 ../timer_test_bsp/\libhal_bsp.a(altera_avalon_uart_write.o)
 .debug_info    0x00005c1a      0x623 ../timer_test_bsp/\libhal_bsp.a(epcs_commands.o)
 .debug_info    0x0000623d      0x429 ../timer_test_bsp/\libhal_bsp.a(alt_alarm_start.o)
 .debug_info    0x00006666      0x44e ../timer_test_bsp/\libhal_bsp.a(alt_close.o)
 .debug_info    0x00006ab4      0x666 ../timer_test_bsp/\libhal_bsp.a(alt_dev.o)
 .debug_info    0x0000711a      0x29e ../timer_test_bsp/\libhal_bsp.a(alt_dev_llist_insert.o)
 .debug_info    0x000073b8       0xf6 ../timer_test_bsp/\libhal_bsp.a(alt_do_ctors.o)
 .debug_info    0x000074ae       0xf5 ../timer_test_bsp/\libhal_bsp.a(alt_do_dtors.o)
 .debug_info    0x000075a3      0x14b ../timer_test_bsp/\libhal_bsp.a(alt_errno.o)
 .debug_info    0x000076ee       0x71 ../timer_test_bsp/\libhal_bsp.a(alt_exception_entry.o)
 .debug_info    0x0000775f      0x580 ../timer_test_bsp/\libhal_bsp.a(alt_flash_dev.o)
 .debug_info    0x00007cdf      0x67c ../timer_test_bsp/\libhal_bsp.a(alt_io_redirect.o)
 .debug_info    0x0000835b      0x50c ../timer_test_bsp/\libhal_bsp.a(alt_open.o)
 .debug_info    0x00008867      0x3d9 ../timer_test_bsp/\libhal_bsp.a(alt_release_fd.o)
 .debug_info    0x00008c40      0x3e5 ../timer_test_bsp/\libhal_bsp.a(alt_tick.o)
 .debug_info    0x00009025      0x14a ../timer_test_bsp/\libhal_bsp.a(altera_nios2_qsys_irq.o)
 .debug_info    0x0000916f      0x290 ../timer_test_bsp/\libhal_bsp.a(altera_avalon_spi.o)
 .debug_info    0x000093ff      0x3ff ../timer_test_bsp/\libhal_bsp.a(alt_find_dev.o)
 .debug_info    0x000097fe      0x406 ../timer_test_bsp/\libhal_bsp.a(alt_find_file.o)
 .debug_info    0x00009c04      0x447 ../timer_test_bsp/\libhal_bsp.a(alt_get_fd.o)
 .debug_info    0x0000a04b      0x181 c:/altera/12.1/nios2eds/bin/gnu/h-i686-mingw32/bin/../lib/gcc/nios2-elf/4.1.2/../../../../nios2-elf/lib\libc.a(lib_a-atexit.o)
 .debug_info    0x0000a1cc      0x93f c:/altera/12.1/nios2eds/bin/gnu/h-i686-mingw32/bin/../lib/gcc/nios2-elf/4.1.2/../../../../nios2-elf/lib\libc.a(lib_a-exit.o)
 .debug_info    0x0000ab0b      0x93d c:/altera/12.1/nios2eds/bin/gnu/h-i686-mingw32/bin/../lib/gcc/nios2-elf/4.1.2/../../../../nios2-elf/lib\libc.a(lib_a-impure.o)
 .debug_info    0x0000b448       0x8c c:/altera/12.1/nios2eds/bin/gnu/h-i686-mingw32/bin/../lib/gcc/nios2-elf/4.1.2/../../../../nios2-elf/lib\libc.a(lib_a-int_errno.o)
 .debug_info    0x0000b4d4      0x115 c:/altera/12.1/nios2eds/bin/gnu/h-i686-mingw32/bin/../lib/gcc/nios2-elf/4.1.2/../../../../nios2-elf/lib\libc.a(lib_a-memcmp.o)
 .debug_info    0x0000b5e9      0x106 c:/altera/12.1/nios2eds/bin/gnu/h-i686-mingw32/bin/../lib/gcc/nios2-elf/4.1.2/../../../../nios2-elf/lib\libc.a(lib_a-memcpy.o)
 .debug_info    0x0000b6ef       0xdb c:/altera/12.1/nios2eds/bin/gnu/h-i686-mingw32/bin/../lib/gcc/nios2-elf/4.1.2/../../../../nios2-elf/lib\libc.a(lib_a-strlen.o)
 .debug_info    0x0000b7ca      0x99c c:/altera/12.1/nios2eds/bin/gnu/h-i686-mingw32/bin/../lib/gcc/nios2-elf/4.1.2/../../../../nios2-elf/lib\libc.a(lib_a-__atexit.o)
 .debug_info    0x0000c166      0x9e2 c:/altera/12.1/nios2eds/bin/gnu/h-i686-mingw32/bin/../lib/gcc/nios2-elf/4.1.2/../../../../nios2-elf/lib\libc.a(lib_a-__call_atexit.o)
 .debug_info    0x0000cb48      0x174 ../timer_test_bsp/\libhal_bsp.a(alt_exit.o)

.debug_abbrev   0x00000000     0x2e1f
 *(.debug_abbrev)
 .debug_abbrev  0x00000000       0x14 ../timer_test_bsp//obj/HAL/src/crt0.o
 .debug_abbrev  0x00000014       0xaf obj/default/main/main.o
 .debug_abbrev  0x000000c3      0x134 ../timer_test_bsp/\libhal_bsp.a(alt_iic.o)
 .debug_abbrev  0x000001f7      0x14e ../timer_test_bsp/\libhal_bsp.a(alt_iic_isr_register.o)
 .debug_abbrev  0x00000345       0x12 ../timer_test_bsp/\libhal_bsp.a(alt_irq_entry.o)
 .debug_abbrev  0x00000357      0x10c ../timer_test_bsp/\libhal_bsp.a(alt_irq_handler.o)
 .debug_abbrev  0x00000463       0x44 ../timer_test_bsp/\libhal_bsp.a(alt_irq_vars.o)
 .debug_abbrev  0x000004a7       0xb7 ../timer_test_bsp/\libhal_bsp.a(alt_main.o)
 .debug_abbrev  0x0000055e      0x167 ../timer_test_bsp/\libhal_bsp.a(alt_sys_init.o)
 .debug_abbrev  0x000006c5      0x1bf ../timer_test_bsp/\libhal_bsp.a(altera_avalon_epcs_flash_controller.o)
 .debug_abbrev  0x00000884       0xf7 ../timer_test_bsp/\libhal_bsp.a(altera_avalon_jtag_uart_fd.o)
 .debug_abbrev  0x0000097b      0x17c ../timer_test_bsp/\libhal_bsp.a(altera_avalon_jtag_uart_init.o)
 .debug_abbrev  0x00000af7       0xf0 ../timer_test_bsp/\libhal_bsp.a(altera_avalon_jtag_uart_ioctl.o)
 .debug_abbrev  0x00000be7      0x191 ../timer_test_bsp/\libhal_bsp.a(altera_avalon_jtag_uart_read.o)
 .debug_abbrev  0x00000d78      0x18d ../timer_test_bsp/\libhal_bsp.a(altera_avalon_jtag_uart_write.o)
 .debug_abbrev  0x00000f05      0x137 ../timer_test_bsp/\libhal_bsp.a(altera_avalon_timer_sc.o)
 .debug_abbrev  0x0000103c       0xe8 ../timer_test_bsp/\libhal_bsp.a(altera_avalon_uart_fd.o)
 .debug_abbrev  0x00001124      0x148 ../timer_test_bsp/\libhal_bsp.a(altera_avalon_uart_init.o)
 .debug_abbrev  0x0000126c      0x174 ../timer_test_bsp/\libhal_bsp.a(altera_avalon_uart_read.o)
 .debug_abbrev  0x000013e0      0x17b ../timer_test_bsp/\libhal_bsp.a(altera_avalon_uart_write.o)
 .debug_abbrev  0x0000155b      0x145 ../timer_test_bsp/\libhal_bsp.a(epcs_commands.o)
 .debug_abbrev  0x000016a0      0x172 ../timer_test_bsp/\libhal_bsp.a(alt_alarm_start.o)
 .debug_abbrev  0x00001812       0xfb ../timer_test_bsp/\libhal_bsp.a(alt_close.o)
 .debug_abbrev  0x0000190d       0xc7 ../timer_test_bsp/\libhal_bsp.a(alt_dev.o)
 .debug_abbrev  0x000019d4       0xf6 ../timer_test_bsp/\libhal_bsp.a(alt_dev_llist_insert.o)
 .debug_abbrev  0x00001aca       0x76 ../timer_test_bsp/\libhal_bsp.a(alt_do_ctors.o)
 .debug_abbrev  0x00001b40       0x76 ../timer_test_bsp/\libhal_bsp.a(alt_do_dtors.o)
 .debug_abbrev  0x00001bb6       0x5e ../timer_test_bsp/\libhal_bsp.a(alt_errno.o)
 .debug_abbrev  0x00001c14       0x12 ../timer_test_bsp/\libhal_bsp.a(alt_exception_entry.o)
 .debug_abbrev  0x00001c26      0x121 ../timer_test_bsp/\libhal_bsp.a(alt_flash_dev.o)
 .debug_abbrev  0x00001d47       0xf0 ../timer_test_bsp/\libhal_bsp.a(alt_io_redirect.o)
 .debug_abbrev  0x00001e37      0x112 ../timer_test_bsp/\libhal_bsp.a(alt_open.o)
 .debug_abbrev  0x00001f49       0xc1 ../timer_test_bsp/\libhal_bsp.a(alt_release_fd.o)
 .debug_abbrev  0x0000200a      0x150 ../timer_test_bsp/\libhal_bsp.a(alt_tick.o)
 .debug_abbrev  0x0000215a       0x3f ../timer_test_bsp/\libhal_bsp.a(altera_nios2_qsys_irq.o)
 .debug_abbrev  0x00002199       0x7c ../timer_test_bsp/\libhal_bsp.a(altera_avalon_spi.o)
 .debug_abbrev  0x00002215       0xcf ../timer_test_bsp/\libhal_bsp.a(alt_find_dev.o)
 .debug_abbrev  0x000022e4       0xcf ../timer_test_bsp/\libhal_bsp.a(alt_find_file.o)
 .debug_abbrev  0x000023b3       0xfb ../timer_test_bsp/\libhal_bsp.a(alt_get_fd.o)
 .debug_abbrev  0x000024ae       0xb7 c:/altera/12.1/nios2eds/bin/gnu/h-i686-mingw32/bin/../lib/gcc/nios2-elf/4.1.2/../../../../nios2-elf/lib\libc.a(lib_a-atexit.o)
 .debug_abbrev  0x00002565      0x16e c:/altera/12.1/nios2eds/bin/gnu/h-i686-mingw32/bin/../lib/gcc/nios2-elf/4.1.2/../../../../nios2-elf/lib\libc.a(lib_a-exit.o)
 .debug_abbrev  0x000026d3      0x157 c:/altera/12.1/nios2eds/bin/gnu/h-i686-mingw32/bin/../lib/gcc/nios2-elf/4.1.2/../../../../nios2-elf/lib\libc.a(lib_a-impure.o)
 .debug_abbrev  0x0000282a       0x3b c:/altera/12.1/nios2eds/bin/gnu/h-i686-mingw32/bin/../lib/gcc/nios2-elf/4.1.2/../../../../nios2-elf/lib\libc.a(lib_a-int_errno.o)
 .debug_abbrev  0x00002865       0x7c c:/altera/12.1/nios2eds/bin/gnu/h-i686-mingw32/bin/../lib/gcc/nios2-elf/4.1.2/../../../../nios2-elf/lib\libc.a(lib_a-memcmp.o)
 .debug_abbrev  0x000028e1       0xb5 c:/altera/12.1/nios2eds/bin/gnu/h-i686-mingw32/bin/../lib/gcc/nios2-elf/4.1.2/../../../../nios2-elf/lib\libc.a(lib_a-memcpy.o)
 .debug_abbrev  0x00002996       0x8b c:/altera/12.1/nios2eds/bin/gnu/h-i686-mingw32/bin/../lib/gcc/nios2-elf/4.1.2/../../../../nios2-elf/lib\libc.a(lib_a-strlen.o)
 .debug_abbrev  0x00002a21      0x1ae c:/altera/12.1/nios2eds/bin/gnu/h-i686-mingw32/bin/../lib/gcc/nios2-elf/4.1.2/../../../../nios2-elf/lib\libc.a(lib_a-__atexit.o)
 .debug_abbrev  0x00002bcf      0x1de c:/altera/12.1/nios2eds/bin/gnu/h-i686-mingw32/bin/../lib/gcc/nios2-elf/4.1.2/../../../../nios2-elf/lib\libc.a(lib_a-__call_atexit.o)
 .debug_abbrev  0x00002dad       0x72 ../timer_test_bsp/\libhal_bsp.a(alt_exit.o)

.debug_line     0x00000000     0x7b10
 *(.debug_line)
 .debug_line    0x00000000       0x57 ../timer_test_bsp//obj/HAL/src/crt0.o
 .debug_line    0x00000057      0x359 obj/default/main/main.o
 .debug_line    0x000003b0      0x2c2 ../timer_test_bsp/\libhal_bsp.a(alt_iic.o)
 .debug_line    0x00000672      0x243 ../timer_test_bsp/\libhal_bsp.a(alt_iic_isr_register.o)
 .debug_line    0x000008b5       0x6b ../timer_test_bsp/\libhal_bsp.a(alt_irq_entry.o)
 .debug_line    0x00000920      0x242 ../timer_test_bsp/\libhal_bsp.a(alt_irq_handler.o)
 .debug_line    0x00000b62       0x72 ../timer_test_bsp/\libhal_bsp.a(alt_irq_vars.o)
 .debug_line    0x00000bd4      0x2c4 ../timer_test_bsp/\libhal_bsp.a(alt_main.o)
 .debug_line    0x00000e98      0x362 ../timer_test_bsp/\libhal_bsp.a(alt_sys_init.o)
 .debug_line    0x000011fa      0x6e9 ../timer_test_bsp/\libhal_bsp.a(altera_avalon_epcs_flash_controller.o)
 .debug_line    0x000018e3      0x214 ../timer_test_bsp/\libhal_bsp.a(altera_avalon_jtag_uart_fd.o)
 .debug_line    0x00001af7      0x4a5 ../timer_test_bsp/\libhal_bsp.a(altera_avalon_jtag_uart_init.o)
 .debug_line    0x00001f9c      0x311 ../timer_test_bsp/\libhal_bsp.a(altera_avalon_jtag_uart_ioctl.o)
 .debug_line    0x000022ad      0x3f1 ../timer_test_bsp/\libhal_bsp.a(altera_avalon_jtag_uart_read.o)
 .debug_line    0x0000269e      0x3ff ../timer_test_bsp/\libhal_bsp.a(altera_avalon_jtag_uart_write.o)
 .debug_line    0x00002a9d      0x2ad ../timer_test_bsp/\libhal_bsp.a(altera_avalon_timer_sc.o)
 .debug_line    0x00002d4a      0x1cf ../timer_test_bsp/\libhal_bsp.a(altera_avalon_uart_fd.o)
 .debug_line    0x00002f19      0x48c ../timer_test_bsp/\libhal_bsp.a(altera_avalon_uart_init.o)
 .debug_line    0x000033a5      0x3fe ../timer_test_bsp/\libhal_bsp.a(altera_avalon_uart_read.o)
 .debug_line    0x000037a3      0x3df ../timer_test_bsp/\libhal_bsp.a(altera_avalon_uart_write.o)
 .debug_line    0x00003b82      0x405 ../timer_test_bsp/\libhal_bsp.a(epcs_commands.o)
 .debug_line    0x00003f87      0x2d6 ../timer_test_bsp/\libhal_bsp.a(alt_alarm_start.o)
 .debug_line    0x0000425d      0x293 ../timer_test_bsp/\libhal_bsp.a(alt_close.o)
 .debug_line    0x000044f0      0x24e ../timer_test_bsp/\libhal_bsp.a(alt_dev.o)
 .debug_line    0x0000473e      0x254 ../timer_test_bsp/\libhal_bsp.a(alt_dev_llist_insert.o)
 .debug_line    0x00004992       0x83 ../timer_test_bsp/\libhal_bsp.a(alt_do_ctors.o)
 .debug_line    0x00004a15       0x83 ../timer_test_bsp/\libhal_bsp.a(alt_do_dtors.o)
 .debug_line    0x00004a98      0x1a4 ../timer_test_bsp/\libhal_bsp.a(alt_errno.o)
 .debug_line    0x00004c3c       0xab ../timer_test_bsp/\libhal_bsp.a(alt_exception_entry.o)
 .debug_line    0x00004ce7      0x262 ../timer_test_bsp/\libhal_bsp.a(alt_flash_dev.o)
 .debug_line    0x00004f49      0x2ae ../timer_test_bsp/\libhal_bsp.a(alt_io_redirect.o)
 .debug_line    0x000051f7      0x2f9 ../timer_test_bsp/\libhal_bsp.a(alt_open.o)
 .debug_line    0x000054f0       0xed ../timer_test_bsp/\libhal_bsp.a(alt_release_fd.o)
 .debug_line    0x000055dd      0x2d6 ../timer_test_bsp/\libhal_bsp.a(alt_tick.o)
 .debug_line    0x000058b3      0x1c8 ../timer_test_bsp/\libhal_bsp.a(altera_nios2_qsys_irq.o)
 .debug_line    0x00005a7b      0x1ef ../timer_test_bsp/\libhal_bsp.a(altera_avalon_spi.o)
 .debug_line    0x00005c6a      0x265 ../timer_test_bsp/\libhal_bsp.a(alt_find_dev.o)
 .debug_line    0x00005ecf      0x276 ../timer_test_bsp/\libhal_bsp.a(alt_find_file.o)
 .debug_line    0x00006145      0x291 ../timer_test_bsp/\libhal_bsp.a(alt_get_fd.o)
 .debug_line    0x000063d6      0x1fa c:/altera/12.1/nios2eds/bin/gnu/h-i686-mingw32/bin/../lib/gcc/nios2-elf/4.1.2/../../../../nios2-elf/lib\libc.a(lib_a-atexit.o)
 .debug_line    0x000065d0      0x232 c:/altera/12.1/nios2eds/bin/gnu/h-i686-mingw32/bin/../lib/gcc/nios2-elf/4.1.2/../../../../nios2-elf/lib\libc.a(lib_a-exit.o)
 .debug_line    0x00006802      0x224 c:/altera/12.1/nios2eds/bin/gnu/h-i686-mingw32/bin/../lib/gcc/nios2-elf/4.1.2/../../../../nios2-elf/lib\libc.a(lib_a-impure.o)
 .debug_line    0x00006a26      0x1d9 c:/altera/12.1/nios2eds/bin/gnu/h-i686-mingw32/bin/../lib/gcc/nios2-elf/4.1.2/../../../../nios2-elf/lib\libc.a(lib_a-int_errno.o)
 .debug_line    0x00006bff      0x296 c:/altera/12.1/nios2eds/bin/gnu/h-i686-mingw32/bin/../lib/gcc/nios2-elf/4.1.2/../../../../nios2-elf/lib\libc.a(lib_a-memcmp.o)
 .debug_line    0x00006e95      0x1a9 c:/altera/12.1/nios2eds/bin/gnu/h-i686-mingw32/bin/../lib/gcc/nios2-elf/4.1.2/../../../../nios2-elf/lib\libc.a(lib_a-memcpy.o)
 .debug_line    0x0000703e      0x264 c:/altera/12.1/nios2eds/bin/gnu/h-i686-mingw32/bin/../lib/gcc/nios2-elf/4.1.2/../../../../nios2-elf/lib\libc.a(lib_a-strlen.o)
 .debug_line    0x000072a2      0x30d c:/altera/12.1/nios2eds/bin/gnu/h-i686-mingw32/bin/../lib/gcc/nios2-elf/4.1.2/../../../../nios2-elf/lib\libc.a(lib_a-__atexit.o)
 .debug_line    0x000075af      0x361 c:/altera/12.1/nios2eds/bin/gnu/h-i686-mingw32/bin/../lib/gcc/nios2-elf/4.1.2/../../../../nios2-elf/lib\libc.a(lib_a-__call_atexit.o)
 .debug_line    0x00007910      0x200 ../timer_test_bsp/\libhal_bsp.a(alt_exit.o)

.debug_frame    0x00000000      0xcc0
 *(.debug_frame)
 .debug_frame   0x00000000       0x80 obj/default/main/main.o
 .debug_frame   0x00000080       0x80 ../timer_test_bsp/\libhal_bsp.a(alt_iic.o)
 .debug_frame   0x00000100       0x2c ../timer_test_bsp/\libhal_bsp.a(alt_iic_isr_register.o)
 .debug_frame   0x0000012c       0x2c ../timer_test_bsp/\libhal_bsp.a(alt_irq_handler.o)
 .debug_frame   0x00000158       0x2c ../timer_test_bsp/\libhal_bsp.a(alt_main.o)
 .debug_frame   0x00000184       0x64 ../timer_test_bsp/\libhal_bsp.a(alt_sys_init.o)
 .debug_frame   0x000001e8      0x128 ../timer_test_bsp/\libhal_bsp.a(altera_avalon_epcs_flash_controller.o)
 .debug_frame   0x00000310       0x80 ../timer_test_bsp/\libhal_bsp.a(altera_avalon_jtag_uart_fd.o)
 .debug_frame   0x00000390       0x80 ../timer_test_bsp/\libhal_bsp.a(altera_avalon_jtag_uart_init.o)
 .debug_frame   0x00000410       0x2c ../timer_test_bsp/\libhal_bsp.a(altera_avalon_jtag_uart_ioctl.o)
 .debug_frame   0x0000043c       0x2c ../timer_test_bsp/\libhal_bsp.a(altera_avalon_jtag_uart_read.o)
 .debug_frame   0x00000468       0x2c ../timer_test_bsp/\libhal_bsp.a(altera_avalon_jtag_uart_write.o)
 .debug_frame   0x00000494       0x48 ../timer_test_bsp/\libhal_bsp.a(altera_avalon_timer_sc.o)
 .debug_frame   0x000004dc       0x64 ../timer_test_bsp/\libhal_bsp.a(altera_avalon_uart_fd.o)
 .debug_frame   0x00000540       0x9c ../timer_test_bsp/\libhal_bsp.a(altera_avalon_uart_init.o)
 .debug_frame   0x000005dc       0x48 ../timer_test_bsp/\libhal_bsp.a(altera_avalon_uart_read.o)
 .debug_frame   0x00000624       0x48 ../timer_test_bsp/\libhal_bsp.a(altera_avalon_uart_write.o)
 .debug_frame   0x0000066c      0x160 ../timer_test_bsp/\libhal_bsp.a(epcs_commands.o)
 .debug_frame   0x000007cc       0x2c ../timer_test_bsp/\libhal_bsp.a(alt_alarm_start.o)
 .debug_frame   0x000007f8       0x48 ../timer_test_bsp/\libhal_bsp.a(alt_close.o)
 .debug_frame   0x00000840       0x2c ../timer_test_bsp/\libhal_bsp.a(alt_dev.o)
 .debug_frame   0x0000086c       0x48 ../timer_test_bsp/\libhal_bsp.a(alt_dev_llist_insert.o)
 .debug_frame   0x000008b4       0x2c ../timer_test_bsp/\libhal_bsp.a(alt_do_ctors.o)
 .debug_frame   0x000008e0       0x2c ../timer_test_bsp/\libhal_bsp.a(alt_do_dtors.o)
 .debug_frame   0x0000090c       0x48 ../timer_test_bsp/\libhal_bsp.a(alt_flash_dev.o)
 .debug_frame   0x00000954       0x48 ../timer_test_bsp/\libhal_bsp.a(alt_io_redirect.o)
 .debug_frame   0x0000099c       0x64 ../timer_test_bsp/\libhal_bsp.a(alt_open.o)
 .debug_frame   0x00000a00       0x2c ../timer_test_bsp/\libhal_bsp.a(alt_release_fd.o)
 .debug_frame   0x00000a2c       0x48 ../timer_test_bsp/\libhal_bsp.a(alt_tick.o)
 .debug_frame   0x00000a74       0x2c ../timer_test_bsp/\libhal_bsp.a(altera_nios2_qsys_irq.o)
 .debug_frame   0x00000aa0       0x2c ../timer_test_bsp/\libhal_bsp.a(altera_avalon_spi.o)
 .debug_frame   0x00000acc       0x2c ../timer_test_bsp/\libhal_bsp.a(alt_find_dev.o)
 .debug_frame   0x00000af8       0x2c ../timer_test_bsp/\libhal_bsp.a(alt_find_file.o)
 .debug_frame   0x00000b24       0x2c ../timer_test_bsp/\libhal_bsp.a(alt_get_fd.o)
 .debug_frame   0x00000b50       0x20 c:/altera/12.1/nios2eds/bin/gnu/h-i686-mingw32/bin/../lib/gcc/nios2-elf/4.1.2/../../../../nios2-elf/lib\libc.a(lib_a-atexit.o)
 .debug_frame   0x00000b70       0x28 c:/altera/12.1/nios2eds/bin/gnu/h-i686-mingw32/bin/../lib/gcc/nios2-elf/4.1.2/../../../../nios2-elf/lib\libc.a(lib_a-exit.o)
 .debug_frame   0x00000b98       0x20 c:/altera/12.1/nios2eds/bin/gnu/h-i686-mingw32/bin/../lib/gcc/nios2-elf/4.1.2/../../../../nios2-elf/lib\libc.a(lib_a-memcmp.o)
 .debug_frame   0x00000bb8       0x20 c:/altera/12.1/nios2eds/bin/gnu/h-i686-mingw32/bin/../lib/gcc/nios2-elf/4.1.2/../../../../nios2-elf/lib\libc.a(lib_a-memcpy.o)
 .debug_frame   0x00000bd8       0x20 c:/altera/12.1/nios2eds/bin/gnu/h-i686-mingw32/bin/../lib/gcc/nios2-elf/4.1.2/../../../../nios2-elf/lib\libc.a(lib_a-strlen.o)
 .debug_frame   0x00000bf8       0x34 c:/altera/12.1/nios2eds/bin/gnu/h-i686-mingw32/bin/../lib/gcc/nios2-elf/4.1.2/../../../../nios2-elf/lib\libc.a(lib_a-__atexit.o)
 .debug_frame   0x00000c2c       0x4c c:/altera/12.1/nios2eds/bin/gnu/h-i686-mingw32/bin/../lib/gcc/nios2-elf/4.1.2/../../../../nios2-elf/lib\libc.a(lib_a-__call_atexit.o)
 .debug_frame   0x00000c78       0x48 ../timer_test_bsp/\libhal_bsp.a(alt_exit.o)

.debug_str      0x00000000      0xbe3
 *(.debug_str)
 .debug_str     0x00000000       0x12 obj/default/main/main.o
 .debug_str     0x00000012       0x18 ../timer_test_bsp/\libhal_bsp.a(alt_iic.o)
 .debug_str     0x0000002a       0x1a ../timer_test_bsp/\libhal_bsp.a(alt_iic_isr_register.o)
 .debug_str     0x00000044       0x12 ../timer_test_bsp/\libhal_bsp.a(alt_irq_handler.o)
 .debug_str     0x00000056       0x12 ../timer_test_bsp/\libhal_bsp.a(alt_main.o)
 .debug_str     0x00000068       0x40 ../timer_test_bsp/\libhal_bsp.a(alt_sys_init.o)
 .debug_str     0x000000a8       0x90 ../timer_test_bsp/\libhal_bsp.a(altera_avalon_epcs_flash_controller.o)
 .debug_str     0x00000138       0x12 ../timer_test_bsp/\libhal_bsp.a(altera_avalon_jtag_uart_fd.o)
 .debug_str     0x0000014a       0x1a ../timer_test_bsp/\libhal_bsp.a(altera_avalon_jtag_uart_init.o)
 .debug_str     0x00000164       0x12 ../timer_test_bsp/\libhal_bsp.a(altera_avalon_jtag_uart_ioctl.o)
 .debug_str     0x00000176       0x1a ../timer_test_bsp/\libhal_bsp.a(altera_avalon_jtag_uart_read.o)
 .debug_str     0x00000190       0x1a ../timer_test_bsp/\libhal_bsp.a(altera_avalon_jtag_uart_write.o)
 .debug_str     0x000001aa       0x12 ../timer_test_bsp/\libhal_bsp.a(altera_avalon_timer_sc.o)
 .debug_str     0x000001bc       0x12 ../timer_test_bsp/\libhal_bsp.a(altera_avalon_uart_fd.o)
 .debug_str     0x000001ce       0x19 ../timer_test_bsp/\libhal_bsp.a(altera_avalon_uart_init.o)
 .debug_str     0x000001e7       0x1a ../timer_test_bsp/\libhal_bsp.a(altera_avalon_uart_read.o)
 .debug_str     0x00000201       0x1a ../timer_test_bsp/\libhal_bsp.a(altera_avalon_uart_write.o)
 .debug_str     0x0000021b       0x2e ../timer_test_bsp/\libhal_bsp.a(epcs_commands.o)
 .debug_str     0x00000249       0x23 ../timer_test_bsp/\libhal_bsp.a(alt_alarm_start.o)
 .debug_str     0x0000026c       0x12 ../timer_test_bsp/\libhal_bsp.a(alt_close.o)
 .debug_str     0x0000027e       0x12 ../timer_test_bsp/\libhal_bsp.a(alt_dev.o)
 .debug_str     0x00000290       0x12 ../timer_test_bsp/\libhal_bsp.a(alt_dev_llist_insert.o)
 .debug_str     0x000002a2       0x12 ../timer_test_bsp/\libhal_bsp.a(alt_errno.o)
 .debug_str     0x000002b4       0x2d ../timer_test_bsp/\libhal_bsp.a(alt_flash_dev.o)
 .debug_str     0x000002e1       0x12 ../timer_test_bsp/\libhal_bsp.a(alt_io_redirect.o)
 .debug_str     0x000002f3       0x12 ../timer_test_bsp/\libhal_bsp.a(alt_open.o)
 .debug_str     0x00000305       0x1a ../timer_test_bsp/\libhal_bsp.a(alt_tick.o)
 .debug_str     0x0000031f       0x12 ../timer_test_bsp/\libhal_bsp.a(altera_nios2_qsys_irq.o)
 .debug_str     0x00000331       0x12 ../timer_test_bsp/\libhal_bsp.a(alt_find_dev.o)
 .debug_str     0x00000343       0x12 ../timer_test_bsp/\libhal_bsp.a(alt_find_file.o)
 .debug_str     0x00000355       0x12 ../timer_test_bsp/\libhal_bsp.a(alt_get_fd.o)
 .debug_str     0x00000367      0x176 c:/altera/12.1/nios2eds/bin/gnu/h-i686-mingw32/bin/../lib/gcc/nios2-elf/4.1.2/../../../../nios2-elf/lib\libc.a(lib_a-atexit.o)
                                0x1bc (size before relaxing)
 .debug_str     0x000004dd      0x384 c:/altera/12.1/nios2eds/bin/gnu/h-i686-mingw32/bin/../lib/gcc/nios2-elf/4.1.2/../../../../nios2-elf/lib\libc.a(lib_a-exit.o)
                                0x509 (size before relaxing)
 .debug_str     0x00000861       0xce c:/altera/12.1/nios2eds/bin/gnu/h-i686-mingw32/bin/../lib/gcc/nios2-elf/4.1.2/../../../../nios2-elf/lib\libc.a(lib_a-impure.o)
                                0x517 (size before relaxing)
 .debug_str     0x0000092f       0x3d c:/altera/12.1/nios2eds/bin/gnu/h-i686-mingw32/bin/../lib/gcc/nios2-elf/4.1.2/../../../../nios2-elf/lib\libc.a(lib_a-int_errno.o)
                                0x160 (size before relaxing)
 .debug_str     0x0000096c       0xd2 c:/altera/12.1/nios2eds/bin/gnu/h-i686-mingw32/bin/../lib/gcc/nios2-elf/4.1.2/../../../../nios2-elf/lib\libc.a(lib_a-memcmp.o)
                                0x167 (size before relaxing)
 .debug_str     0x00000a3e       0x69 c:/altera/12.1/nios2eds/bin/gnu/h-i686-mingw32/bin/../lib/gcc/nios2-elf/4.1.2/../../../../nios2-elf/lib\libc.a(lib_a-memcpy.o)
                                0x125 (size before relaxing)
 .debug_str     0x00000aa7       0x4f c:/altera/12.1/nios2eds/bin/gnu/h-i686-mingw32/bin/../lib/gcc/nios2-elf/4.1.2/../../../../nios2-elf/lib\libc.a(lib_a-strlen.o)
                                0x17a (size before relaxing)
 .debug_str     0x00000af6       0x56 c:/altera/12.1/nios2eds/bin/gnu/h-i686-mingw32/bin/../lib/gcc/nios2-elf/4.1.2/../../../../nios2-elf/lib\libc.a(lib_a-__atexit.o)
                                0x521 (size before relaxing)
 .debug_str     0x00000b4c       0x7b c:/altera/12.1/nios2eds/bin/gnu/h-i686-mingw32/bin/../lib/gcc/nios2-elf/4.1.2/../../../../nios2-elf/lib\libc.a(lib_a-__call_atexit.o)
                                0x54b (size before relaxing)
 .debug_str     0x00000bc7       0x1c ../timer_test_bsp/\libhal_bsp.a(alt_exit.o)

.debug_loc      0x00000000     0x13d4
 *(.debug_loc)
 .debug_loc     0x00000000       0xac obj/default/main/main.o
 .debug_loc     0x000000ac       0xac ../timer_test_bsp/\libhal_bsp.a(alt_iic.o)
 .debug_loc     0x00000158       0x2b ../timer_test_bsp/\libhal_bsp.a(alt_iic_isr_register.o)
 .debug_loc     0x00000183       0x2b ../timer_test_bsp/\libhal_bsp.a(alt_irq_handler.o)
 .debug_loc     0x000001ae       0x2b ../timer_test_bsp/\libhal_bsp.a(alt_main.o)
 .debug_loc     0x000001d9       0x81 ../timer_test_bsp/\libhal_bsp.a(alt_sys_init.o)
 .debug_loc     0x0000025a      0x1af ../timer_test_bsp/\libhal_bsp.a(altera_avalon_epcs_flash_controller.o)
 .debug_loc     0x00000409       0xac ../timer_test_bsp/\libhal_bsp.a(altera_avalon_jtag_uart_fd.o)
 .debug_loc     0x000004b5       0xac ../timer_test_bsp/\libhal_bsp.a(altera_avalon_jtag_uart_init.o)
 .debug_loc     0x00000561       0x2b ../timer_test_bsp/\libhal_bsp.a(altera_avalon_jtag_uart_ioctl.o)
 .debug_loc     0x0000058c       0x2b ../timer_test_bsp/\libhal_bsp.a(altera_avalon_jtag_uart_read.o)
 .debug_loc     0x000005b7       0x2b ../timer_test_bsp/\libhal_bsp.a(altera_avalon_jtag_uart_write.o)
 .debug_loc     0x000005e2       0x56 ../timer_test_bsp/\libhal_bsp.a(altera_avalon_timer_sc.o)
 .debug_loc     0x00000638       0x81 ../timer_test_bsp/\libhal_bsp.a(altera_avalon_uart_fd.o)
 .debug_loc     0x000006b9       0xd7 ../timer_test_bsp/\libhal_bsp.a(altera_avalon_uart_init.o)
 .debug_loc     0x00000790       0x57 ../timer_test_bsp/\libhal_bsp.a(altera_avalon_uart_read.o)
 .debug_loc     0x000007e7       0x56 ../timer_test_bsp/\libhal_bsp.a(altera_avalon_uart_write.o)
 .debug_loc     0x0000083d      0x204 ../timer_test_bsp/\libhal_bsp.a(epcs_commands.o)
 .debug_loc     0x00000a41       0x2b ../timer_test_bsp/\libhal_bsp.a(alt_alarm_start.o)
 .debug_loc     0x00000a6c       0x56 ../timer_test_bsp/\libhal_bsp.a(alt_close.o)
 .debug_loc     0x00000ac2       0x2b ../timer_test_bsp/\libhal_bsp.a(alt_dev.o)
 .debug_loc     0x00000aed       0x56 ../timer_test_bsp/\libhal_bsp.a(alt_dev_llist_insert.o)
 .debug_loc     0x00000b43       0x2b ../timer_test_bsp/\libhal_bsp.a(alt_do_ctors.o)
 .debug_loc     0x00000b6e       0x2b ../timer_test_bsp/\libhal_bsp.a(alt_do_dtors.o)
 .debug_loc     0x00000b99       0x56 ../timer_test_bsp/\libhal_bsp.a(alt_flash_dev.o)
 .debug_loc     0x00000bef       0x56 ../timer_test_bsp/\libhal_bsp.a(alt_io_redirect.o)
 .debug_loc     0x00000c45       0x81 ../timer_test_bsp/\libhal_bsp.a(alt_open.o)
 .debug_loc     0x00000cc6       0x2b ../timer_test_bsp/\libhal_bsp.a(alt_release_fd.o)
 .debug_loc     0x00000cf1       0x56 ../timer_test_bsp/\libhal_bsp.a(alt_tick.o)
 .debug_loc     0x00000d47       0x2b ../timer_test_bsp/\libhal_bsp.a(altera_nios2_qsys_irq.o)
 .debug_loc     0x00000d72       0x2b ../timer_test_bsp/\libhal_bsp.a(altera_avalon_spi.o)
 .debug_loc     0x00000d9d       0x2b ../timer_test_bsp/\libhal_bsp.a(alt_find_dev.o)
 .debug_loc     0x00000dc8       0x2b ../timer_test_bsp/\libhal_bsp.a(alt_find_file.o)
 .debug_loc     0x00000df3       0x2b ../timer_test_bsp/\libhal_bsp.a(alt_get_fd.o)
 .debug_loc     0x00000e1e       0x1e c:/altera/12.1/nios2eds/bin/gnu/h-i686-mingw32/bin/../lib/gcc/nios2-elf/4.1.2/../../../../nios2-elf/lib\libc.a(lib_a-atexit.o)
 .debug_loc     0x00000e3c       0x3d c:/altera/12.1/nios2eds/bin/gnu/h-i686-mingw32/bin/../lib/gcc/nios2-elf/4.1.2/../../../../nios2-elf/lib\libc.a(lib_a-exit.o)
 .debug_loc     0x00000e79      0x114 c:/altera/12.1/nios2eds/bin/gnu/h-i686-mingw32/bin/../lib/gcc/nios2-elf/4.1.2/../../../../nios2-elf/lib\libc.a(lib_a-memcmp.o)
 .debug_loc     0x00000f8d       0xca c:/altera/12.1/nios2eds/bin/gnu/h-i686-mingw32/bin/../lib/gcc/nios2-elf/4.1.2/../../../../nios2-elf/lib\libc.a(lib_a-memcpy.o)
 .debug_loc     0x00001057       0x3c c:/altera/12.1/nios2eds/bin/gnu/h-i686-mingw32/bin/../lib/gcc/nios2-elf/4.1.2/../../../../nios2-elf/lib\libc.a(lib_a-strlen.o)
 .debug_loc     0x00001093      0x120 c:/altera/12.1/nios2eds/bin/gnu/h-i686-mingw32/bin/../lib/gcc/nios2-elf/4.1.2/../../../../nios2-elf/lib\libc.a(lib_a-__atexit.o)
 .debug_loc     0x000011b3      0x1cb c:/altera/12.1/nios2eds/bin/gnu/h-i686-mingw32/bin/../lib/gcc/nios2-elf/4.1.2/../../../../nios2-elf/lib\libc.a(lib_a-__call_atexit.o)
 .debug_loc     0x0000137e       0x56 ../timer_test_bsp/\libhal_bsp.a(alt_exit.o)

.debug_macinfo
 *(.debug_macinfo)

.debug_weaknames
 *(.debug_weaknames)

.debug_funcnames
 *(.debug_funcnames)

.debug_typenames
 *(.debug_typenames)

.debug_varnames
 *(.debug_varnames)

.debug_alt_sim_info
                0x00000000       0x20
 *(.debug_alt_sim_info)
 .debug_alt_sim_info
                0x00000000       0x20 ../timer_test_bsp//obj/HAL/src/crt0.o
                0x04000000                __alt_data_end = 0x4000000
                0x04000000                PROVIDE (__alt_stack_pointer, __alt_data_end)
                0x02005f8c                PROVIDE (__alt_stack_limit, __alt_stack_base)
                0x02005f8c                PROVIDE (__alt_heap_start, end)
                0x04000000                PROVIDE (__alt_heap_limit, 0x4000000)
OUTPUT(timer_test.elf elf32-littlenios2)

.debug_ranges   0x00000000       0x70
 .debug_ranges  0x00000000       0x28 ../timer_test_bsp/\libhal_bsp.a(alt_irq_entry.o)
 .debug_ranges  0x00000028       0x30 ../timer_test_bsp/\libhal_bsp.a(alt_exception_entry.o)
 .debug_ranges  0x00000058       0x18 c:/altera/12.1/nios2eds/bin/gnu/h-i686-mingw32/bin/../lib/gcc/nios2-elf/4.1.2/../../../../nios2-elf/lib\libc.a(lib_a-__call_atexit.o)
