Archive member included because of file (symbol)

../led_test_bsp/\libhal_bsp.a(alt_main.o)
                              ../led_test_bsp//obj/HAL/src/crt0.o (alt_main)
../led_test_bsp/\libhal_bsp.a(alt_usleep.o)
                              obj/default/main/main.o (usleep)
../led_test_bsp/\libhal_bsp.a(alt_sys_init.o)
                              ../led_test_bsp/\libhal_bsp.a(alt_main.o) (alt_irq_init)
../led_test_bsp/\libhal_bsp.a(altera_avalon_epcs_flash_controller.o)
                              ../led_test_bsp/\libhal_bsp.a(alt_sys_init.o) (alt_epcs_flash_init)
../led_test_bsp/\libhal_bsp.a(altera_avalon_jtag_uart_fd.o)
                              ../led_test_bsp/\libhal_bsp.a(alt_sys_init.o) (altera_avalon_jtag_uart_read_fd)
../led_test_bsp/\libhal_bsp.a(altera_avalon_jtag_uart_init.o)
                              ../led_test_bsp/\libhal_bsp.a(alt_sys_init.o) (altera_avalon_jtag_uart_init)
../led_test_bsp/\libhal_bsp.a(altera_avalon_jtag_uart_ioctl.o)
                              ../led_test_bsp/\libhal_bsp.a(altera_avalon_jtag_uart_fd.o) (altera_avalon_jtag_uart_ioctl)
../led_test_bsp/\libhal_bsp.a(altera_avalon_jtag_uart_read.o)
                              ../led_test_bsp/\libhal_bsp.a(altera_avalon_jtag_uart_fd.o) (altera_avalon_jtag_uart_read)
../led_test_bsp/\libhal_bsp.a(altera_avalon_jtag_uart_write.o)
                              ../led_test_bsp/\libhal_bsp.a(altera_avalon_jtag_uart_fd.o) (altera_avalon_jtag_uart_write)
../led_test_bsp/\libhal_bsp.a(epcs_commands.o)
                              ../led_test_bsp/\libhal_bsp.a(altera_avalon_epcs_flash_controller.o) (epcs_sector_erase)
../led_test_bsp/\libhal_bsp.a(alt_alarm_start.o)
                              ../led_test_bsp/\libhal_bsp.a(altera_avalon_jtag_uart_init.o) (alt_alarm_start)
../led_test_bsp/\libhal_bsp.a(alt_busy_sleep.o)
                              ../led_test_bsp/\libhal_bsp.a(alt_usleep.o) (alt_busy_sleep)
../led_test_bsp/\libhal_bsp.a(alt_close.o)
                              ../led_test_bsp/\libhal_bsp.a(alt_main.o) (close)
../led_test_bsp/\libhal_bsp.a(alt_dev.o)
                              ../led_test_bsp/\libhal_bsp.a(alt_sys_init.o) (alt_dev_list)
../led_test_bsp/\libhal_bsp.a(alt_dev_llist_insert.o)
                              ../led_test_bsp/\libhal_bsp.a(alt_sys_init.o) (alt_dev_llist_insert)
../led_test_bsp/\libhal_bsp.a(alt_do_ctors.o)
                              ../led_test_bsp/\libhal_bsp.a(alt_main.o) (_do_ctors)
../led_test_bsp/\libhal_bsp.a(alt_do_dtors.o)
                              ../led_test_bsp/\libhal_bsp.a(alt_main.o) (_do_dtors)
../led_test_bsp/\libhal_bsp.a(alt_errno.o)
                              ../led_test_bsp/\libhal_bsp.a(alt_close.o) (alt_errno)
../led_test_bsp/\libhal_bsp.a(alt_flash_dev.o)
                              ../led_test_bsp/\libhal_bsp.a(altera_avalon_epcs_flash_controller.o) (alt_flash_dev_list)
../led_test_bsp/\libhal_bsp.a(alt_iic.o)
                              ../led_test_bsp/\libhal_bsp.a(altera_avalon_jtag_uart_init.o) (alt_ic_isr_register)
../led_test_bsp/\libhal_bsp.a(alt_iic_isr_register.o)
                              ../led_test_bsp/\libhal_bsp.a(alt_iic.o) (alt_iic_isr_register)
../led_test_bsp/\libhal_bsp.a(alt_io_redirect.o)
                              ../led_test_bsp/\libhal_bsp.a(alt_main.o) (alt_io_redirect)
../led_test_bsp/\libhal_bsp.a(alt_irq_entry.o)
                              ../led_test_bsp/\libhal_bsp.a(alt_iic_isr_register.o) (alt_irq_entry)
../led_test_bsp/\libhal_bsp.a(alt_irq_handler.o)
                              ../led_test_bsp/\libhal_bsp.a(alt_iic_isr_register.o) (alt_irq_handler)
../led_test_bsp/\libhal_bsp.a(alt_irq_vars.o)
                              ../led_test_bsp/\libhal_bsp.a(alt_iic.o) (alt_irq_active)
../led_test_bsp/\libhal_bsp.a(alt_open.o)
                              ../led_test_bsp/\libhal_bsp.a(alt_io_redirect.o) (open)
../led_test_bsp/\libhal_bsp.a(alt_release_fd.o)
                              ../led_test_bsp/\libhal_bsp.a(alt_close.o) (alt_release_fd)
../led_test_bsp/\libhal_bsp.a(alt_tick.o)
                              ../led_test_bsp/\libhal_bsp.a(altera_avalon_jtag_uart_init.o) (_alt_tick_rate)
../led_test_bsp/\libhal_bsp.a(altera_nios2_qsys_irq.o)
                              ../led_test_bsp/\libhal_bsp.a(alt_sys_init.o) (altera_nios2_qsys_irq_init)
../led_test_bsp/\libhal_bsp.a(altera_avalon_spi.o)
                              ../led_test_bsp/\libhal_bsp.a(epcs_commands.o) (alt_avalon_spi_command)
../led_test_bsp/\libhal_bsp.a(alt_exception_entry.o)
                              ../led_test_bsp/\libhal_bsp.a(alt_irq_entry.o) (alt_exception)
../led_test_bsp/\libhal_bsp.a(alt_find_dev.o)
                              ../led_test_bsp/\libhal_bsp.a(alt_flash_dev.o) (alt_find_dev)
../led_test_bsp/\libhal_bsp.a(alt_find_file.o)
                              ../led_test_bsp/\libhal_bsp.a(alt_open.o) (alt_find_file)
../led_test_bsp/\libhal_bsp.a(alt_get_fd.o)
                              ../led_test_bsp/\libhal_bsp.a(alt_open.o) (alt_get_fd)
c:/altera/12.1/nios2eds/bin/gnu/h-i686-mingw32/bin/../lib/gcc/nios2-elf/4.1.2/../../../../nios2-elf/lib\libc.a(lib_a-atexit.o)
                              ../led_test_bsp/\libhal_bsp.a(alt_main.o) (atexit)
c:/altera/12.1/nios2eds/bin/gnu/h-i686-mingw32/bin/../lib/gcc/nios2-elf/4.1.2/../../../../nios2-elf/lib\libc.a(lib_a-exit.o)
                              ../led_test_bsp/\libhal_bsp.a(alt_main.o) (exit)
c:/altera/12.1/nios2eds/bin/gnu/h-i686-mingw32/bin/../lib/gcc/nios2-elf/4.1.2/../../../../nios2-elf/lib\libc.a(lib_a-impure.o)
                              c:/altera/12.1/nios2eds/bin/gnu/h-i686-mingw32/bin/../lib/gcc/nios2-elf/4.1.2/../../../../nios2-elf/lib\libc.a(lib_a-exit.o) (_global_impure_ptr)
c:/altera/12.1/nios2eds/bin/gnu/h-i686-mingw32/bin/../lib/gcc/nios2-elf/4.1.2/../../../../nios2-elf/lib\libc.a(lib_a-int_errno.o)
                              ../led_test_bsp/\libhal_bsp.a(alt_close.o) (errno)
c:/altera/12.1/nios2eds/bin/gnu/h-i686-mingw32/bin/../lib/gcc/nios2-elf/4.1.2/../../../../nios2-elf/lib\libc.a(lib_a-memcmp.o)
                              ../led_test_bsp/\libhal_bsp.a(altera_avalon_epcs_flash_controller.o) (memcmp)
c:/altera/12.1/nios2eds/bin/gnu/h-i686-mingw32/bin/../lib/gcc/nios2-elf/4.1.2/../../../../nios2-elf/lib\libc.a(lib_a-memcpy.o)
                              ../led_test_bsp/\libhal_bsp.a(altera_avalon_jtag_uart_read.o) (memcpy)
c:/altera/12.1/nios2eds/bin/gnu/h-i686-mingw32/bin/../lib/gcc/nios2-elf/4.1.2/../../../../nios2-elf/lib\libc.a(lib_a-strlen.o)
                              ../led_test_bsp/\libhal_bsp.a(alt_find_dev.o) (strlen)
c:/altera/12.1/nios2eds/bin/gnu/h-i686-mingw32/bin/../lib/gcc/nios2-elf/4.1.2/../../../../nios2-elf/lib\libc.a(lib_a-__atexit.o)
                              c:/altera/12.1/nios2eds/bin/gnu/h-i686-mingw32/bin/../lib/gcc/nios2-elf/4.1.2/../../../../nios2-elf/lib\libc.a(lib_a-atexit.o) (__register_exitproc)
c:/altera/12.1/nios2eds/bin/gnu/h-i686-mingw32/bin/../lib/gcc/nios2-elf/4.1.2/../../../../nios2-elf/lib\libc.a(lib_a-__call_atexit.o)
                              c:/altera/12.1/nios2eds/bin/gnu/h-i686-mingw32/bin/../lib/gcc/nios2-elf/4.1.2/../../../../nios2-elf/lib\libc.a(lib_a-exit.o) (__call_exitprocs)
c:/altera/12.1/nios2eds/bin/gnu/h-i686-mingw32/bin/../lib/gcc/nios2-elf/4.1.2\libgcc.a(lib2-divmod.o)
                              ../led_test_bsp/\libhal_bsp.a(alt_busy_sleep.o) (__udivsi3)
../led_test_bsp/\libhal_bsp.a(alt_exit.o)
                              c:/altera/12.1/nios2eds/bin/gnu/h-i686-mingw32/bin/../lib/gcc/nios2-elf/4.1.2/../../../../nios2-elf/lib\libc.a(lib_a-exit.o) (_exit)

Allocating common symbols
Common symbol       size              file

alt_irq             0x100             ../led_test_bsp/\libhal_bsp.a(alt_irq_handler.o)
errno               0x4               c:/altera/12.1/nios2eds/bin/gnu/h-i686-mingw32/bin/../lib/gcc/nios2-elf/4.1.2/../../../../nios2-elf/lib\libc.a(lib_a-int_errno.o)
_atexit0            0x190             c:/altera/12.1/nios2eds/bin/gnu/h-i686-mingw32/bin/../lib/gcc/nios2-elf/4.1.2/../../../../nios2-elf/lib\libc.a(lib_a-atexit.o)

Memory Configuration

Name             Origin             Length             Attributes
sdram_BEFORE_EXCEPTION 0x02000000         0x00000020
sdram            0x02000020         0x01ffffe0
reset            0x04001000         0x00000020
epcs_flash       0x04001020         0x000007e0
*default*        0x00000000         0xffffffff

Linker script and memory map

LOAD ../led_test_bsp//obj/HAL/src/crt0.o
LOAD obj/default/main/main.o
LOAD c:/altera/12.1/nios2eds/bin/gnu/h-i686-mingw32/bin/../lib/gcc/nios2-elf/4.1.2/../../../../nios2-elf/lib\libstdc++.a
LOAD c:/altera/12.1/nios2eds/bin/gnu/h-i686-mingw32/bin/../lib/gcc/nios2-elf/4.1.2/../../../../nios2-elf/lib\libm.a
LOAD c:/altera/12.1/nios2eds/bin/gnu/h-i686-mingw32/bin/../lib/gcc/nios2-elf/4.1.2\libgcc.a
START GROUP
LOAD c:/altera/12.1/nios2eds/bin/gnu/h-i686-mingw32/bin/../lib/gcc/nios2-elf/4.1.2/../../../../nios2-elf/lib\libc.a
LOAD c:/altera/12.1/nios2eds/bin/gnu/h-i686-mingw32/bin/../lib/gcc/nios2-elf/4.1.2\libgcc.a
LOAD ../led_test_bsp/\libhal_bsp.a
END GROUP
LOAD c:/altera/12.1/nios2eds/bin/gnu/h-i686-mingw32/bin/../lib/gcc/nios2-elf/4.1.2\libgcc.a
                0x02000000                __alt_mem_sdram = 0x2000000
                0x04001000                __alt_mem_epcs_flash = 0x4001000

.entry          0x04001000        0x0
 *(.entry)
 .entry         0x04001000        0x0 ../led_test_bsp//obj/HAL/src/crt0.o
                0x04001000                __reset

.exceptions     0x02000020      0x194
                0x02000020                PROVIDE (__ram_exceptions_start, ABSOLUTE (.))
                0x02000020                . = ALIGN (0x20)
 *(.irq)
 *(.exceptions.entry.label)
 .exceptions.entry.label
                0x02000020        0x0 ../led_test_bsp/\libhal_bsp.a(alt_irq_entry.o)
                0x02000020                alt_irq_entry
 .exceptions.entry.label
                0x02000020        0x0 ../led_test_bsp/\libhal_bsp.a(alt_exception_entry.o)
                0x02000020                alt_exception
 *(.exceptions.entry.user)
 *(.exceptions.entry)
 .exceptions.entry
                0x02000020       0x54 ../led_test_bsp/\libhal_bsp.a(alt_exception_entry.o)
 *(.exceptions.irqtest.user)
 *(.exceptions.irqtest)
 .exceptions.irqtest
                0x02000074       0x10 ../led_test_bsp/\libhal_bsp.a(alt_irq_entry.o)
 *(.exceptions.irqhandler.user)
 *(.exceptions.irqhandler)
 .exceptions.irqhandler
                0x02000084        0x4 ../led_test_bsp/\libhal_bsp.a(alt_irq_entry.o)
 *(.exceptions.irqreturn.user)
 *(.exceptions.irqreturn)
 .exceptions.irqreturn
                0x02000088        0x4 ../led_test_bsp/\libhal_bsp.a(alt_irq_entry.o)
 *(.exceptions.notirq.label)
 .exceptions.notirq.label
                0x0200008c        0x0 ../led_test_bsp/\libhal_bsp.a(alt_irq_entry.o)
 *(.exceptions.notirq.user)
 *(.exceptions.notirq)
 .exceptions.notirq
                0x0200008c        0x8 ../led_test_bsp/\libhal_bsp.a(alt_exception_entry.o)
 *(.exceptions.soft.user)
 *(.exceptions.soft)
 *(.exceptions.unknown.user)
 *(.exceptions.unknown)
 .exceptions.unknown
                0x02000094        0x4 ../led_test_bsp/\libhal_bsp.a(alt_exception_entry.o)
 *(.exceptions.exit.label)
 .exceptions.exit.label
                0x02000098        0x0 ../led_test_bsp/\libhal_bsp.a(alt_irq_entry.o)
 .exceptions.exit.label
                0x02000098        0x0 ../led_test_bsp/\libhal_bsp.a(alt_exception_entry.o)
 *(.exceptions.exit.user)
 *(.exceptions.exit)
 .exceptions.exit
                0x02000098       0x54 ../led_test_bsp/\libhal_bsp.a(alt_exception_entry.o)
 *(.exceptions)
 .exceptions    0x020000ec       0xc8 ../led_test_bsp/\libhal_bsp.a(alt_irq_handler.o)
                0x020000ec                alt_irq_handler
                0x020001b4                PROVIDE (__ram_exceptions_end, ABSOLUTE (.))
                0x02000020                PROVIDE (__flash_exceptions_start, LOADADDR (.exceptions))

.text           0x020001b4     0x3830
                0x020001b4                PROVIDE (stext, ABSOLUTE (.))
 *(.interp)
 *(.hash)
 *(.dynsym)
 *(.dynstr)
 *(.gnu.version)
 *(.gnu.version_d)
 *(.gnu.version_r)
 *(.rel.init)
 *(.rela.init)
 *(.rel.text .rel.text.* .rel.gnu.linkonce.t.*)
 *(.rela.text .rela.text.* .rela.gnu.linkonce.t.*)
 *(.rel.fini)
 *(.rela.fini)
 *(.rel.rodata .rel.rodata.* .rel.gnu.linkonce.r.*)
 *(.rela.rodata .rela.rodata.* .rela.gnu.linkonce.r.*)
 *(.rel.data .rel.data.* .rel.gnu.linkonce.d.*)
 *(.rela.data .rela.data.* .rela.gnu.linkonce.d.*)
 *(.rel.tdata .rel.tdata.* .rel.gnu.linkonce.td.*)
 *(.rela.tdata .rela.tdata.* .rela.gnu.linkonce.td.*)
 *(.rel.tbss .rel.tbss.* .rel.gnu.linkonce.tb.*)
 *(.rela.tbss .rela.tbss.* .rela.gnu.linkonce.tb.*)
 *(.rel.ctors)
 *(.rela.ctors)
 *(.rel.dtors)
 *(.rela.dtors)
 *(.rel.got)
 *(.rela.got)
 *(.rel.sdata .rel.sdata.* .rel.gnu.linkonce.s.*)
 *(.rela.sdata .rela.sdata.* .rela.gnu.linkonce.s.*)
 *(.rel.sbss .rel.sbss.* .rel.gnu.linkonce.sb.*)
 *(.rela.sbss .rela.sbss.* .rela.gnu.linkonce.sb.*)
 *(.rel.sdata2 .rel.sdata2.* .rel.gnu.linkonce.s2.*)
 *(.rela.sdata2 .rela.sdata2.* .rela.gnu.linkonce.s2.*)
 *(.rel.sbss2 .rel.sbss2.* .rel.gnu.linkonce.sb2.*)
 *(.rela.sbss2 .rela.sbss2.* .rela.gnu.linkonce.sb2.*)
 *(.rel.bss .rel.bss.* .rel.gnu.linkonce.b.*)
 *(.rela.bss .rela.bss.* .rela.gnu.linkonce.b.*)
 *(.rel.plt)
 *(.rela.plt)
 *(.rel.dyn)
 *(.init)
 *(.plt)
 *(.text .stub .text.* .gnu.linkonce.t.*)
 .text          0x020001b4       0x48 ../led_test_bsp//obj/HAL/src/crt0.o
                0x020001b4                _start
 .text          0x020001fc       0x58 obj/default/main/main.o
                0x020001fc                main
 .text          0x02000254       0x6c ../led_test_bsp/\libhal_bsp.a(alt_main.o)
                0x02000254                alt_main
 .text          0x020002c0       0x30 ../led_test_bsp/\libhal_bsp.a(alt_usleep.o)
                0x020002c0                usleep
 .text          0x020002f0       0xbc ../led_test_bsp/\libhal_bsp.a(alt_sys_init.o)
                0x020002f0                alt_irq_init
                0x02000324                alt_sys_init
 .text          0x020003ac      0x9e4 ../led_test_bsp/\libhal_bsp.a(altera_avalon_epcs_flash_controller.o)
                0x020003ac                alt_epcs_flash_init
                0x020007c8                alt_epcs_flash_write
                0x02000a48                alt_epcs_flash_get_info
                0x02000ad8                alt_epcs_flash_erase_block
                0x02000bdc                alt_epcs_flash_write_block
                0x02000cf8                alt_epcs_flash_read
 .text          0x02000d90      0x148 ../led_test_bsp/\libhal_bsp.a(altera_avalon_jtag_uart_fd.o)
                0x02000d90                altera_avalon_jtag_uart_read_fd
                0x02000de8                altera_avalon_jtag_uart_write_fd
                0x02000e40                altera_avalon_jtag_uart_close_fd
                0x02000e88                altera_avalon_jtag_uart_ioctl_fd
 .text          0x02000ed8      0x40c ../led_test_bsp/\libhal_bsp.a(altera_avalon_jtag_uart_init.o)
                0x02000ed8                altera_avalon_jtag_uart_init
                0x02001270                altera_avalon_jtag_uart_close
 .text          0x020012e4       0xf4 ../led_test_bsp/\libhal_bsp.a(altera_avalon_jtag_uart_ioctl.o)
                0x020012e4                altera_avalon_jtag_uart_ioctl
 .text          0x020013d8      0x224 ../led_test_bsp/\libhal_bsp.a(altera_avalon_jtag_uart_read.o)
                0x020013d8                altera_avalon_jtag_uart_read
 .text          0x020015fc      0x240 ../led_test_bsp/\libhal_bsp.a(altera_avalon_jtag_uart_write.o)
                0x020015fc                altera_avalon_jtag_uart_write
 .text          0x0200183c      0x6d4 ../led_test_bsp/\libhal_bsp.a(epcs_commands.o)
                0x0200183c                epcs_read_status_register
                0x0200189c                epcs_sector_erase
                0x02001a04                epcs_read_buffer
                0x02001b50                epcs_write_enable
                0x02001ba0                epcs_write_status_register
                0x02001c04                epcs_write_buffer
                0x02001d74                epcs_read_electronic_signature
                0x02001de0                epcs_read_device_id
                0x02001e60                epcs_enter_4_bytes_mode
                0x02001eb8                epcs_exit_4_bytes_mode
 .text          0x02001f10      0x154 ../led_test_bsp/\libhal_bsp.a(alt_alarm_start.o)
                0x02001f10                alt_alarm_start
 .text          0x02002064      0x14c ../led_test_bsp/\libhal_bsp.a(alt_busy_sleep.o)
                0x02002064                alt_busy_sleep
 .text          0x020021b0      0x15c ../led_test_bsp/\libhal_bsp.a(alt_close.o)
                0x020021b0                close
 .text          0x0200230c       0x2c ../led_test_bsp/\libhal_bsp.a(alt_dev.o)
 .text          0x02002338      0x114 ../led_test_bsp/\libhal_bsp.a(alt_dev_llist_insert.o)
                0x02002338                alt_dev_llist_insert
 .text          0x0200244c       0x64 ../led_test_bsp/\libhal_bsp.a(alt_do_ctors.o)
                0x0200244c                _do_ctors
 .text          0x020024b0       0x64 ../led_test_bsp/\libhal_bsp.a(alt_do_dtors.o)
                0x020024b0                _do_dtors
 .text          0x02002514        0x0 ../led_test_bsp/\libhal_bsp.a(alt_errno.o)
 .text          0x02002514       0xd0 ../led_test_bsp/\libhal_bsp.a(alt_flash_dev.o)
                0x02002514                alt_flash_open_dev
                0x02002590                alt_flash_close_dev
 .text          0x020025e4      0x1d4 ../led_test_bsp/\libhal_bsp.a(alt_iic.o)
                0x020025e4                alt_ic_isr_register
                0x02002634                alt_ic_irq_enable
                0x020026d0                alt_ic_irq_disable
                0x02002770                alt_ic_irq_enabled
 .text          0x020027b8       0xf8 ../led_test_bsp/\libhal_bsp.a(alt_iic_isr_register.o)
                0x020027b8                alt_iic_isr_register
 .text          0x020028b0      0x13c ../led_test_bsp/\libhal_bsp.a(alt_io_redirect.o)
                0x02002974                alt_io_redirect
 .text          0x020029ec        0x0 ../led_test_bsp/\libhal_bsp.a(alt_irq_entry.o)
 .text          0x020029ec        0x0 ../led_test_bsp/\libhal_bsp.a(alt_irq_handler.o)
 .text          0x020029ec        0x0 ../led_test_bsp/\libhal_bsp.a(alt_irq_vars.o)
 .text          0x020029ec      0x2c4 ../led_test_bsp/\libhal_bsp.a(alt_open.o)
                0x02002ac8                open
 .text          0x02002cb0       0x60 ../led_test_bsp/\libhal_bsp.a(alt_release_fd.o)
                0x02002cb0                alt_release_fd
 .text          0x02002d10      0x1a4 ../led_test_bsp/\libhal_bsp.a(alt_tick.o)
                0x02002d10                alt_alarm_stop
                0x02002da8                alt_tick
 .text          0x02002eb4       0x20 ../led_test_bsp/\libhal_bsp.a(altera_nios2_qsys_irq.o)
                0x02002eb4                altera_nios2_qsys_irq_init
 .text          0x02002ed4      0x238 ../led_test_bsp/\libhal_bsp.a(altera_avalon_spi.o)
                0x02002ed4                alt_avalon_spi_command
 .text          0x0200310c        0x0 ../led_test_bsp/\libhal_bsp.a(alt_exception_entry.o)
 .text          0x0200310c       0x94 ../led_test_bsp/\libhal_bsp.a(alt_find_dev.o)
                0x0200310c                alt_find_dev
 .text          0x020031a0      0x120 ../led_test_bsp/\libhal_bsp.a(alt_find_file.o)
                0x020031a0                alt_find_file
 .text          0x020032c0       0xb8 ../led_test_bsp/\libhal_bsp.a(alt_get_fd.o)
                0x020032c0                alt_get_fd
 .text          0x02003378       0x14 c:/altera/12.1/nios2eds/bin/gnu/h-i686-mingw32/bin/../lib/gcc/nios2-elf/4.1.2/../../../../nios2-elf/lib\libc.a(lib_a-atexit.o)
                0x02003378                atexit
 .text          0x0200338c       0x38 c:/altera/12.1/nios2eds/bin/gnu/h-i686-mingw32/bin/../lib/gcc/nios2-elf/4.1.2/../../../../nios2-elf/lib\libc.a(lib_a-exit.o)
                0x0200338c                exit
 .text          0x020033c4        0x0 c:/altera/12.1/nios2eds/bin/gnu/h-i686-mingw32/bin/../lib/gcc/nios2-elf/4.1.2/../../../../nios2-elf/lib\libc.a(lib_a-impure.o)
 .text          0x020033c4        0x0 c:/altera/12.1/nios2eds/bin/gnu/h-i686-mingw32/bin/../lib/gcc/nios2-elf/4.1.2/../../../../nios2-elf/lib\libc.a(lib_a-int_errno.o)
 .text          0x020033c4       0x74 c:/altera/12.1/nios2eds/bin/gnu/h-i686-mingw32/bin/../lib/gcc/nios2-elf/4.1.2/../../../../nios2-elf/lib\libc.a(lib_a-memcmp.o)
                0x020033c4                memcmp
 .text          0x02003438       0xa0 c:/altera/12.1/nios2eds/bin/gnu/h-i686-mingw32/bin/../lib/gcc/nios2-elf/4.1.2/../../../../nios2-elf/lib\libc.a(lib_a-memcpy.o)
                0x02003438                memcpy
 .text          0x020034d8       0x74 c:/altera/12.1/nios2eds/bin/gnu/h-i686-mingw32/bin/../lib/gcc/nios2-elf/4.1.2/../../../../nios2-elf/lib\libc.a(lib_a-strlen.o)
                0x020034d8                strlen
 .text          0x0200354c      0x134 c:/altera/12.1/nios2eds/bin/gnu/h-i686-mingw32/bin/../lib/gcc/nios2-elf/4.1.2/../../../../nios2-elf/lib\libc.a(lib_a-__atexit.o)
                0x0200354c                __register_exitproc
 .text          0x02003680      0x1b4 c:/altera/12.1/nios2eds/bin/gnu/h-i686-mingw32/bin/../lib/gcc/nios2-elf/4.1.2/../../../../nios2-elf/lib\libc.a(lib_a-__call_atexit.o)
                0x02003684                __call_exitprocs
 .text          0x02003834      0x14c c:/altera/12.1/nios2eds/bin/gnu/h-i686-mingw32/bin/../lib/gcc/nios2-elf/4.1.2\libgcc.a(lib2-divmod.o)
                0x020038b0                __divsi3
                0x02003910                __modsi3
                0x02003970                __udivsi3
                0x02003978                __umodsi3
 .text          0x02003980       0x60 ../led_test_bsp/\libhal_bsp.a(alt_exit.o)
                0x020039c0                _exit
 *(.gnu.warning.*)
 *(.fini)
                0x020039e0                PROVIDE (__etext, ABSOLUTE (.))
                0x020039e0                PROVIDE (_etext, ABSOLUTE (.))
                0x020039e0                PROVIDE (etext, ABSOLUTE (.))
 *(.eh_frame_hdr)
                0x020039e0                . = ALIGN (0x4)
                0x020039e0                PROVIDE (__preinit_array_start, ABSOLUTE (.))
 *(.preinit_array)
                0x020039e0                PROVIDE (__preinit_array_end, ABSOLUTE (.))
                0x020039e0                PROVIDE (__init_array_start, ABSOLUTE (.))
 *(.init_array)
                0x020039e0                PROVIDE (__init_array_end, ABSOLUTE (.))
                0x020039e0                PROVIDE (__fini_array_start, ABSOLUTE (.))
 *(.fini_array)
                0x020039e0                PROVIDE (__fini_array_end, ABSOLUTE (.))
 *(.eh_frame)
 *(.gcc_except_table)
 *(.dynamic)
                0x020039e0                PROVIDE (__CTOR_LIST__, ABSOLUTE (.))
 *(.ctors)
 *(SORT(.ctors.*))
 .ctors.65535   0x020039e0        0x4 c:/altera/12.1/nios2eds/bin/gnu/h-i686-mingw32/bin/../lib/gcc/nios2-elf/4.1.2/../../../../nios2-elf/lib\libc.a(lib_a-__call_atexit.o)
                0x020039e4                PROVIDE (__CTOR_END__, ABSOLUTE (.))
                0x020039e4                PROVIDE (__DTOR_LIST__, ABSOLUTE (.))
 *(.dtors)
 *(SORT(.dtors.*))
                0x020039e4                PROVIDE (__DTOR_END__, ABSOLUTE (.))
 *(.jcr)
                0x020039e4                . = ALIGN (0x4)

.rodata         0x020039e4       0x40
                0x020039e4                PROVIDE (__ram_rodata_start, ABSOLUTE (.))
                0x020039e4                . = ALIGN (0x4)
 *(.rodata .rodata.* .gnu.linkonce.r.*)
 .rodata        0x020039e4       0x10 ../led_test_bsp/\libhal_bsp.a(alt_main.o)
 .rodata        0x020039f4       0x20 ../led_test_bsp/\libhal_bsp.a(alt_sys_init.o)
 .rodata        0x02003a14        0xc ../led_test_bsp/\libhal_bsp.a(alt_dev.o)
 .rodata.str1.4
                0x02003a20        0x4 c:/altera/12.1/nios2eds/bin/gnu/h-i686-mingw32/bin/../lib/gcc/nios2-elf/4.1.2/../../../../nios2-elf/lib\libc.a(lib_a-impure.o)
 *(.rodata1)
                0x02003a24                . = ALIGN (0x4)
                0x02003a24                PROVIDE (__ram_rodata_end, ABSOLUTE (.))
                0x020039e4                PROVIDE (__flash_rodata_start, LOADADDR (.rodata))

.rwdata         0x02003a24     0x1704
                0x02003a24                PROVIDE (__ram_rwdata_start, ABSOLUTE (.))
                0x02003a24                . = ALIGN (0x4)
 *(.got.plt)
 *(.got)
 *(.data1)
 *(.data .data.* .gnu.linkonce.d.*)
 .data          0x02003a24        0x0 ../led_test_bsp//obj/HAL/src/crt0.o
 .data          0x02003a24        0x0 obj/default/main/main.o
 .data          0x02003a24        0x0 ../led_test_bsp/\libhal_bsp.a(alt_main.o)
 .data          0x02003a24        0x0 ../led_test_bsp/\libhal_bsp.a(alt_usleep.o)
 .data          0x02003a24     0x1128 ../led_test_bsp/\libhal_bsp.a(alt_sys_init.o)
 .data          0x02004b4c        0x0 ../led_test_bsp/\libhal_bsp.a(altera_avalon_epcs_flash_controller.o)
 .data          0x02004b4c        0x0 ../led_test_bsp/\libhal_bsp.a(altera_avalon_jtag_uart_fd.o)
 .data          0x02004b4c        0x0 ../led_test_bsp/\libhal_bsp.a(altera_avalon_jtag_uart_init.o)
 .data          0x02004b4c        0x0 ../led_test_bsp/\libhal_bsp.a(altera_avalon_jtag_uart_ioctl.o)
 .data          0x02004b4c        0x0 ../led_test_bsp/\libhal_bsp.a(altera_avalon_jtag_uart_read.o)
 .data          0x02004b4c        0x0 ../led_test_bsp/\libhal_bsp.a(altera_avalon_jtag_uart_write.o)
 .data          0x02004b4c        0x0 ../led_test_bsp/\libhal_bsp.a(epcs_commands.o)
 .data          0x02004b4c        0x0 ../led_test_bsp/\libhal_bsp.a(alt_alarm_start.o)
 .data          0x02004b4c        0x0 ../led_test_bsp/\libhal_bsp.a(alt_busy_sleep.o)
 .data          0x02004b4c        0x0 ../led_test_bsp/\libhal_bsp.a(alt_close.o)
 .data          0x02004b4c      0x1a8 ../led_test_bsp/\libhal_bsp.a(alt_dev.o)
                0x02004b4c                alt_dev_null
                0x02004b74                alt_fd_list
 .data          0x02004cf4        0x0 ../led_test_bsp/\libhal_bsp.a(alt_dev_llist_insert.o)
 .data          0x02004cf4        0x0 ../led_test_bsp/\libhal_bsp.a(alt_do_ctors.o)
 .data          0x02004cf4        0x0 ../led_test_bsp/\libhal_bsp.a(alt_do_dtors.o)
 .data          0x02004cf4        0x0 ../led_test_bsp/\libhal_bsp.a(alt_errno.o)
 .data          0x02004cf4        0x0 ../led_test_bsp/\libhal_bsp.a(alt_flash_dev.o)
 .data          0x02004cf4        0x0 ../led_test_bsp/\libhal_bsp.a(alt_iic.o)
 .data          0x02004cf4        0x0 ../led_test_bsp/\libhal_bsp.a(alt_iic_isr_register.o)
 .data          0x02004cf4        0x0 ../led_test_bsp/\libhal_bsp.a(alt_io_redirect.o)
 .data          0x02004cf4        0x0 ../led_test_bsp/\libhal_bsp.a(alt_irq_entry.o)
 .data          0x02004cf4        0x0 ../led_test_bsp/\libhal_bsp.a(alt_irq_handler.o)
 .data          0x02004cf4        0x0 ../led_test_bsp/\libhal_bsp.a(alt_irq_vars.o)
 .data          0x02004cf4        0x0 ../led_test_bsp/\libhal_bsp.a(alt_open.o)
 .data          0x02004cf4        0x0 ../led_test_bsp/\libhal_bsp.a(alt_release_fd.o)
 .data          0x02004cf4        0x0 ../led_test_bsp/\libhal_bsp.a(alt_tick.o)
 .data          0x02004cf4        0x0 ../led_test_bsp/\libhal_bsp.a(altera_nios2_qsys_irq.o)
 .data          0x02004cf4        0x0 ../led_test_bsp/\libhal_bsp.a(altera_avalon_spi.o)
 .data          0x02004cf4        0x0 ../led_test_bsp/\libhal_bsp.a(alt_exception_entry.o)
 .data          0x02004cf4        0x0 ../led_test_bsp/\libhal_bsp.a(alt_find_dev.o)
 .data          0x02004cf4        0x0 ../led_test_bsp/\libhal_bsp.a(alt_find_file.o)
 .data          0x02004cf4        0x0 ../led_test_bsp/\libhal_bsp.a(alt_get_fd.o)
 .data          0x02004cf4        0x0 c:/altera/12.1/nios2eds/bin/gnu/h-i686-mingw32/bin/../lib/gcc/nios2-elf/4.1.2/../../../../nios2-elf/lib\libc.a(lib_a-atexit.o)
 .data          0x02004cf4        0x0 c:/altera/12.1/nios2eds/bin/gnu/h-i686-mingw32/bin/../lib/gcc/nios2-elf/4.1.2/../../../../nios2-elf/lib\libc.a(lib_a-exit.o)
 .data          0x02004cf4      0x400 c:/altera/12.1/nios2eds/bin/gnu/h-i686-mingw32/bin/../lib/gcc/nios2-elf/4.1.2/../../../../nios2-elf/lib\libc.a(lib_a-impure.o)
 .data          0x020050f4        0x0 c:/altera/12.1/nios2eds/bin/gnu/h-i686-mingw32/bin/../lib/gcc/nios2-elf/4.1.2/../../../../nios2-elf/lib\libc.a(lib_a-int_errno.o)
 .data          0x020050f4        0x0 c:/altera/12.1/nios2eds/bin/gnu/h-i686-mingw32/bin/../lib/gcc/nios2-elf/4.1.2/../../../../nios2-elf/lib\libc.a(lib_a-memcmp.o)
 .data          0x020050f4        0x0 c:/altera/12.1/nios2eds/bin/gnu/h-i686-mingw32/bin/../lib/gcc/nios2-elf/4.1.2/../../../../nios2-elf/lib\libc.a(lib_a-memcpy.o)
 .data          0x020050f4        0x0 c:/altera/12.1/nios2eds/bin/gnu/h-i686-mingw32/bin/../lib/gcc/nios2-elf/4.1.2/../../../../nios2-elf/lib\libc.a(lib_a-strlen.o)
 .data          0x020050f4        0x0 c:/altera/12.1/nios2eds/bin/gnu/h-i686-mingw32/bin/../lib/gcc/nios2-elf/4.1.2/../../../../nios2-elf/lib\libc.a(lib_a-__atexit.o)
 .data          0x020050f4        0x0 c:/altera/12.1/nios2eds/bin/gnu/h-i686-mingw32/bin/../lib/gcc/nios2-elf/4.1.2/../../../../nios2-elf/lib\libc.a(lib_a-__call_atexit.o)
 .data          0x020050f4        0x0 c:/altera/12.1/nios2eds/bin/gnu/h-i686-mingw32/bin/../lib/gcc/nios2-elf/4.1.2\libgcc.a(lib2-divmod.o)
 .data          0x020050f4        0x0 ../led_test_bsp/\libhal_bsp.a(alt_exit.o)
                0x0200d0f4                _gp = ABSOLUTE ((. + 0x8000))
                0x0200d0f4                PROVIDE (gp, _gp)
 *(.rwdata .rwdata.*)
 *(.sdata .sdata.* .gnu.linkonce.s.*)
 .sdata         0x020050f4       0x14 ../led_test_bsp/\libhal_bsp.a(alt_dev.o)
                0x020050f4                alt_fs_list
                0x020050fc                alt_dev_list
                0x02005104                alt_max_fd
 .sdata         0x02005108        0x4 ../led_test_bsp/\libhal_bsp.a(alt_errno.o)
                0x02005108                alt_errno
 .sdata         0x0200510c        0x8 ../led_test_bsp/\libhal_bsp.a(alt_flash_dev.o)
                0x0200510c                alt_flash_dev_list
 .sdata         0x02005114        0x4 ../led_test_bsp/\libhal_bsp.a(alt_irq_vars.o)
                0x02005114                alt_priority_mask
 .sdata         0x02005118        0x8 ../led_test_bsp/\libhal_bsp.a(alt_tick.o)
                0x02005118                alt_alarm_list
 .sdata         0x02005120        0x8 c:/altera/12.1/nios2eds/bin/gnu/h-i686-mingw32/bin/../lib/gcc/nios2-elf/4.1.2/../../../../nios2-elf/lib\libc.a(lib_a-impure.o)
                0x02005120                _impure_ptr
                0x02005124                _global_impure_ptr
 *(.sdata2 .sdata2.* .gnu.linkonce.s2.*)
                0x02005128                . = ALIGN (0x4)
                0x02005128                _edata = ABSOLUTE (.)
                0x02005128                PROVIDE (edata, ABSOLUTE (.))
                0x02005128                PROVIDE (__ram_rwdata_end, ABSOLUTE (.))
                0x02003a24                PROVIDE (__flash_rwdata_start, LOADADDR (.rwdata))

.bss            0x02005128      0x2ac
                0x02005128                __bss_start = ABSOLUTE (.)
                0x02005128                PROVIDE (__sbss_start, ABSOLUTE (.))
                0x02005128                PROVIDE (___sbss_start, ABSOLUTE (.))
 *(.dynsbss)
 *(.sbss .sbss.* .gnu.linkonce.sb.*)
 .sbss          0x02005128        0xc ../led_test_bsp/\libhal_bsp.a(alt_main.o)
                0x02005128                alt_argc
                0x0200512c                alt_argv
                0x02005130                alt_envp
 .sbss          0x02005134        0x4 ../led_test_bsp/\libhal_bsp.a(alt_irq_vars.o)
                0x02005134                alt_irq_active
 .sbss          0x02005138        0x8 ../led_test_bsp/\libhal_bsp.a(alt_tick.o)
                0x02005138                _alt_tick_rate
                0x0200513c                _alt_nticks
 .sbss          0x02005140        0x4 c:/altera/12.1/nios2eds/bin/gnu/h-i686-mingw32/bin/../lib/gcc/nios2-elf/4.1.2/../../../../nios2-elf/lib\libc.a(lib_a-int_errno.o)
                0x02005140                errno
 *(.sbss2 .sbss2.* .gnu.linkonce.sb2.*)
 *(.scommon)
                0x02005144                PROVIDE (__sbss_end, ABSOLUTE (.))
                0x02005144                PROVIDE (___sbss_end, ABSOLUTE (.))
 *(.dynbss)
 *(.bss .bss.* .gnu.linkonce.b.*)
 .bss           0x02005144        0x0 ../led_test_bsp//obj/HAL/src/crt0.o
 .bss           0x02005144        0x0 obj/default/main/main.o
 .bss           0x02005144        0x0 ../led_test_bsp/\libhal_bsp.a(alt_main.o)
 .bss           0x02005144        0x0 ../led_test_bsp/\libhal_bsp.a(alt_usleep.o)
 .bss           0x02005144        0x0 ../led_test_bsp/\libhal_bsp.a(alt_sys_init.o)
 .bss           0x02005144        0x0 ../led_test_bsp/\libhal_bsp.a(altera_avalon_epcs_flash_controller.o)
 .bss           0x02005144        0x0 ../led_test_bsp/\libhal_bsp.a(altera_avalon_jtag_uart_fd.o)
 .bss           0x02005144        0x0 ../led_test_bsp/\libhal_bsp.a(altera_avalon_jtag_uart_init.o)
 .bss           0x02005144        0x0 ../led_test_bsp/\libhal_bsp.a(altera_avalon_jtag_uart_ioctl.o)
 .bss           0x02005144        0x0 ../led_test_bsp/\libhal_bsp.a(altera_avalon_jtag_uart_read.o)
 .bss           0x02005144        0x0 ../led_test_bsp/\libhal_bsp.a(altera_avalon_jtag_uart_write.o)
 .bss           0x02005144        0x0 ../led_test_bsp/\libhal_bsp.a(epcs_commands.o)
 .bss           0x02005144        0x0 ../led_test_bsp/\libhal_bsp.a(alt_alarm_start.o)
 .bss           0x02005144        0x0 ../led_test_bsp/\libhal_bsp.a(alt_busy_sleep.o)
 .bss           0x02005144        0x0 ../led_test_bsp/\libhal_bsp.a(alt_close.o)
 .bss           0x02005144        0x0 ../led_test_bsp/\libhal_bsp.a(alt_dev.o)
 .bss           0x02005144        0x0 ../led_test_bsp/\libhal_bsp.a(alt_dev_llist_insert.o)
 .bss           0x02005144        0x0 ../led_test_bsp/\libhal_bsp.a(alt_do_ctors.o)
 .bss           0x02005144        0x0 ../led_test_bsp/\libhal_bsp.a(alt_do_dtors.o)
 .bss           0x02005144        0x0 ../led_test_bsp/\libhal_bsp.a(alt_errno.o)
 .bss           0x02005144        0x0 ../led_test_bsp/\libhal_bsp.a(alt_flash_dev.o)
 .bss           0x02005144        0x0 ../led_test_bsp/\libhal_bsp.a(alt_iic.o)
 .bss           0x02005144        0x0 ../led_test_bsp/\libhal_bsp.a(alt_iic_isr_register.o)
 .bss           0x02005144        0x0 ../led_test_bsp/\libhal_bsp.a(alt_io_redirect.o)
 .bss           0x02005144        0x0 ../led_test_bsp/\libhal_bsp.a(alt_irq_entry.o)
 .bss           0x02005144        0x0 ../led_test_bsp/\libhal_bsp.a(alt_irq_handler.o)
 .bss           0x02005144        0x0 ../led_test_bsp/\libhal_bsp.a(alt_irq_vars.o)
 .bss           0x02005144        0x0 ../led_test_bsp/\libhal_bsp.a(alt_open.o)
 .bss           0x02005144        0x0 ../led_test_bsp/\libhal_bsp.a(alt_release_fd.o)
 .bss           0x02005144        0x0 ../led_test_bsp/\libhal_bsp.a(alt_tick.o)
 .bss           0x02005144        0x0 ../led_test_bsp/\libhal_bsp.a(altera_nios2_qsys_irq.o)
 .bss           0x02005144        0x0 ../led_test_bsp/\libhal_bsp.a(altera_avalon_spi.o)
 .bss           0x02005144        0x0 ../led_test_bsp/\libhal_bsp.a(alt_exception_entry.o)
 .bss           0x02005144        0x0 ../led_test_bsp/\libhal_bsp.a(alt_find_dev.o)
 .bss           0x02005144        0x0 ../led_test_bsp/\libhal_bsp.a(alt_find_file.o)
 .bss           0x02005144        0x0 ../led_test_bsp/\libhal_bsp.a(alt_get_fd.o)
 .bss           0x02005144        0x0 c:/altera/12.1/nios2eds/bin/gnu/h-i686-mingw32/bin/../lib/gcc/nios2-elf/4.1.2/../../../../nios2-elf/lib\libc.a(lib_a-atexit.o)
 .bss           0x02005144        0x0 c:/altera/12.1/nios2eds/bin/gnu/h-i686-mingw32/bin/../lib/gcc/nios2-elf/4.1.2/../../../../nios2-elf/lib\libc.a(lib_a-exit.o)
 .bss           0x02005144        0x0 c:/altera/12.1/nios2eds/bin/gnu/h-i686-mingw32/bin/../lib/gcc/nios2-elf/4.1.2/../../../../nios2-elf/lib\libc.a(lib_a-impure.o)
 .bss           0x02005144        0x0 c:/altera/12.1/nios2eds/bin/gnu/h-i686-mingw32/bin/../lib/gcc/nios2-elf/4.1.2/../../../../nios2-elf/lib\libc.a(lib_a-int_errno.o)
 .bss           0x02005144        0x0 c:/altera/12.1/nios2eds/bin/gnu/h-i686-mingw32/bin/../lib/gcc/nios2-elf/4.1.2/../../../../nios2-elf/lib\libc.a(lib_a-memcmp.o)
 .bss           0x02005144        0x0 c:/altera/12.1/nios2eds/bin/gnu/h-i686-mingw32/bin/../lib/gcc/nios2-elf/4.1.2/../../../../nios2-elf/lib\libc.a(lib_a-memcpy.o)
 .bss           0x02005144        0x0 c:/altera/12.1/nios2eds/bin/gnu/h-i686-mingw32/bin/../lib/gcc/nios2-elf/4.1.2/../../../../nios2-elf/lib\libc.a(lib_a-strlen.o)
 .bss           0x02005144        0x0 c:/altera/12.1/nios2eds/bin/gnu/h-i686-mingw32/bin/../lib/gcc/nios2-elf/4.1.2/../../../../nios2-elf/lib\libc.a(lib_a-__atexit.o)
 .bss           0x02005144        0x0 c:/altera/12.1/nios2eds/bin/gnu/h-i686-mingw32/bin/../lib/gcc/nios2-elf/4.1.2/../../../../nios2-elf/lib\libc.a(lib_a-__call_atexit.o)
 .bss           0x02005144        0x0 c:/altera/12.1/nios2eds/bin/gnu/h-i686-mingw32/bin/../lib/gcc/nios2-elf/4.1.2\libgcc.a(lib2-divmod.o)
 .bss           0x02005144        0x0 ../led_test_bsp/\libhal_bsp.a(alt_exit.o)
 *(COMMON)
 COMMON         0x02005144      0x100 ../led_test_bsp/\libhal_bsp.a(alt_irq_handler.o)
                0x02005144                alt_irq
 COMMON         0x02005244      0x190 c:/altera/12.1/nios2eds/bin/gnu/h-i686-mingw32/bin/../lib/gcc/nios2-elf/4.1.2/../../../../nios2-elf/lib\libc.a(lib_a-atexit.o)
                0x02005244                _atexit0
                0x020053d4                . = ALIGN (0x4)
                0x020053d4                __bss_end = ABSOLUTE (.)

.sdram          0x020053d4        0x0
                0x020053d4                PROVIDE (_alt_partition_sdram_start, ABSOLUTE (.))
 *(.sdram. sdram.*)
                0x020053d4                . = ALIGN (0x4)
                0x020053d4                PROVIDE (_alt_partition_sdram_end, ABSOLUTE (.))
                0x020053d4                _end = ABSOLUTE (.)
                0x020053d4                end = ABSOLUTE (.)
                0x020053d4                __alt_stack_base = ABSOLUTE (.)
                0x020053d4                PROVIDE (_alt_partition_sdram_load_addr, LOADADDR (.sdram))

.epcs_flash     0x04001020        0x0
                0x04001020                PROVIDE (_alt_partition_epcs_flash_start, ABSOLUTE (.))
 *(.epcs_flash. epcs_flash.*)
                0x04001020                . = ALIGN (0x4)
                0x04001020                PROVIDE (_alt_partition_epcs_flash_end, ABSOLUTE (.))
                0x04001020                PROVIDE (_alt_partition_epcs_flash_load_addr, LOADADDR (.epcs_flash))

.stab
 *(.stab)

.stabstr
 *(.stabstr)

.stab.excl
 *(.stab.excl)

.stab.exclstr
 *(.stab.exclstr)

.stab.index
 *(.stab.index)

.stab.indexstr
 *(.stab.indexstr)

.comment        0x00000000       0x23
 *(.comment)
 .comment       0x00000000       0x23 obj/default/main/main.o
                                 0x24 (size before relaxing)
 .comment       0x00000000       0x24 ../led_test_bsp/\libhal_bsp.a(alt_main.o)
 .comment       0x00000000       0x24 ../led_test_bsp/\libhal_bsp.a(alt_usleep.o)
 .comment       0x00000000       0x24 ../led_test_bsp/\libhal_bsp.a(alt_sys_init.o)
 .comment       0x00000000       0x24 ../led_test_bsp/\libhal_bsp.a(altera_avalon_epcs_flash_controller.o)
 .comment       0x00000000       0x24 ../led_test_bsp/\libhal_bsp.a(altera_avalon_jtag_uart_fd.o)
 .comment       0x00000000       0x24 ../led_test_bsp/\libhal_bsp.a(altera_avalon_jtag_uart_init.o)
 .comment       0x00000000       0x24 ../led_test_bsp/\libhal_bsp.a(altera_avalon_jtag_uart_ioctl.o)
 .comment       0x00000000       0x24 ../led_test_bsp/\libhal_bsp.a(altera_avalon_jtag_uart_read.o)
 .comment       0x00000000       0x24 ../led_test_bsp/\libhal_bsp.a(altera_avalon_jtag_uart_write.o)
 .comment       0x00000000       0x24 ../led_test_bsp/\libhal_bsp.a(epcs_commands.o)
 .comment       0x00000000       0x24 ../led_test_bsp/\libhal_bsp.a(alt_alarm_start.o)
 .comment       0x00000000       0x24 ../led_test_bsp/\libhal_bsp.a(alt_busy_sleep.o)
 .comment       0x00000000       0x24 ../led_test_bsp/\libhal_bsp.a(alt_close.o)
 .comment       0x00000000       0x24 ../led_test_bsp/\libhal_bsp.a(alt_dev.o)
 .comment       0x00000000       0x24 ../led_test_bsp/\libhal_bsp.a(alt_dev_llist_insert.o)
 .comment       0x00000000       0x24 ../led_test_bsp/\libhal_bsp.a(alt_do_ctors.o)
 .comment       0x00000000       0x24 ../led_test_bsp/\libhal_bsp.a(alt_do_dtors.o)
 .comment       0x00000000       0x24 ../led_test_bsp/\libhal_bsp.a(alt_errno.o)
 .comment       0x00000000       0x24 ../led_test_bsp/\libhal_bsp.a(alt_flash_dev.o)
 .comment       0x00000000       0x24 ../led_test_bsp/\libhal_bsp.a(alt_iic.o)
 .comment       0x00000000       0x24 ../led_test_bsp/\libhal_bsp.a(alt_iic_isr_register.o)
 .comment       0x00000000       0x24 ../led_test_bsp/\libhal_bsp.a(alt_io_redirect.o)
 .comment       0x00000000       0x24 ../led_test_bsp/\libhal_bsp.a(alt_irq_handler.o)
 .comment       0x00000000       0x24 ../led_test_bsp/\libhal_bsp.a(alt_irq_vars.o)
 .comment       0x00000000       0x24 ../led_test_bsp/\libhal_bsp.a(alt_open.o)
 .comment       0x00000000       0x24 ../led_test_bsp/\libhal_bsp.a(alt_release_fd.o)
 .comment       0x00000000       0x24 ../led_test_bsp/\libhal_bsp.a(alt_tick.o)
 .comment       0x00000000       0x24 ../led_test_bsp/\libhal_bsp.a(altera_nios2_qsys_irq.o)
 .comment       0x00000000       0x24 ../led_test_bsp/\libhal_bsp.a(altera_avalon_spi.o)
 .comment       0x00000000       0x24 ../led_test_bsp/\libhal_bsp.a(alt_find_dev.o)
 .comment       0x00000000       0x24 ../led_test_bsp/\libhal_bsp.a(alt_find_file.o)
 .comment       0x00000000       0x24 ../led_test_bsp/\libhal_bsp.a(alt_get_fd.o)
 .comment       0x00000000       0x24 c:/altera/12.1/nios2eds/bin/gnu/h-i686-mingw32/bin/../lib/gcc/nios2-elf/4.1.2/../../../../nios2-elf/lib\libc.a(lib_a-atexit.o)
 .comment       0x00000000       0x24 c:/altera/12.1/nios2eds/bin/gnu/h-i686-mingw32/bin/../lib/gcc/nios2-elf/4.1.2/../../../../nios2-elf/lib\libc.a(lib_a-exit.o)
 .comment       0x00000000       0x24 c:/altera/12.1/nios2eds/bin/gnu/h-i686-mingw32/bin/../lib/gcc/nios2-elf/4.1.2/../../../../nios2-elf/lib\libc.a(lib_a-impure.o)
 .comment       0x00000000       0x24 c:/altera/12.1/nios2eds/bin/gnu/h-i686-mingw32/bin/../lib/gcc/nios2-elf/4.1.2/../../../../nios2-elf/lib\libc.a(lib_a-int_errno.o)
 .comment       0x00000000       0x24 c:/altera/12.1/nios2eds/bin/gnu/h-i686-mingw32/bin/../lib/gcc/nios2-elf/4.1.2/../../../../nios2-elf/lib\libc.a(lib_a-memcmp.o)
 .comment       0x00000000       0x24 c:/altera/12.1/nios2eds/bin/gnu/h-i686-mingw32/bin/../lib/gcc/nios2-elf/4.1.2/../../../../nios2-elf/lib\libc.a(lib_a-memcpy.o)
 .comment       0x00000000       0x24 c:/altera/12.1/nios2eds/bin/gnu/h-i686-mingw32/bin/../lib/gcc/nios2-elf/4.1.2/../../../../nios2-elf/lib\libc.a(lib_a-strlen.o)
 .comment       0x00000000       0x24 c:/altera/12.1/nios2eds/bin/gnu/h-i686-mingw32/bin/../lib/gcc/nios2-elf/4.1.2/../../../../nios2-elf/lib\libc.a(lib_a-__atexit.o)
 .comment       0x00000000       0x24 c:/altera/12.1/nios2eds/bin/gnu/h-i686-mingw32/bin/../lib/gcc/nios2-elf/4.1.2/../../../../nios2-elf/lib\libc.a(lib_a-__call_atexit.o)
 .comment       0x00000000       0x24 c:/altera/12.1/nios2eds/bin/gnu/h-i686-mingw32/bin/../lib/gcc/nios2-elf/4.1.2\libgcc.a(lib2-divmod.o)
 .comment       0x00000000       0x24 ../led_test_bsp/\libhal_bsp.a(alt_exit.o)

.debug
 *(.debug)

.line
 *(.line)

.debug_srcinfo
 *(.debug_srcinfo)

.debug_sfnames
 *(.debug_sfnames)

.debug_aranges  0x00000000      0x590
 *(.debug_aranges)
 .debug_aranges
                0x00000000       0x20 ../led_test_bsp//obj/HAL/src/crt0.o
 .debug_aranges
                0x00000020       0x20 obj/default/main/main.o
 .debug_aranges
                0x00000040       0x20 ../led_test_bsp/\libhal_bsp.a(alt_main.o)
 .debug_aranges
                0x00000060       0x20 ../led_test_bsp/\libhal_bsp.a(alt_usleep.o)
 .debug_aranges
                0x00000080       0x20 ../led_test_bsp/\libhal_bsp.a(alt_sys_init.o)
 .debug_aranges
                0x000000a0       0x20 ../led_test_bsp/\libhal_bsp.a(altera_avalon_epcs_flash_controller.o)
 .debug_aranges
                0x000000c0       0x20 ../led_test_bsp/\libhal_bsp.a(altera_avalon_jtag_uart_fd.o)
 .debug_aranges
                0x000000e0       0x20 ../led_test_bsp/\libhal_bsp.a(altera_avalon_jtag_uart_init.o)
 .debug_aranges
                0x00000100       0x20 ../led_test_bsp/\libhal_bsp.a(altera_avalon_jtag_uart_ioctl.o)
 .debug_aranges
                0x00000120       0x20 ../led_test_bsp/\libhal_bsp.a(altera_avalon_jtag_uart_read.o)
 .debug_aranges
                0x00000140       0x20 ../led_test_bsp/\libhal_bsp.a(altera_avalon_jtag_uart_write.o)
 .debug_aranges
                0x00000160       0x20 ../led_test_bsp/\libhal_bsp.a(epcs_commands.o)
 .debug_aranges
                0x00000180       0x20 ../led_test_bsp/\libhal_bsp.a(alt_alarm_start.o)
 .debug_aranges
                0x000001a0       0x20 ../led_test_bsp/\libhal_bsp.a(alt_busy_sleep.o)
 .debug_aranges
                0x000001c0       0x20 ../led_test_bsp/\libhal_bsp.a(alt_close.o)
 .debug_aranges
                0x000001e0       0x20 ../led_test_bsp/\libhal_bsp.a(alt_dev.o)
 .debug_aranges
                0x00000200       0x20 ../led_test_bsp/\libhal_bsp.a(alt_dev_llist_insert.o)
 .debug_aranges
                0x00000220       0x20 ../led_test_bsp/\libhal_bsp.a(alt_do_ctors.o)
 .debug_aranges
                0x00000240       0x20 ../led_test_bsp/\libhal_bsp.a(alt_do_dtors.o)
 .debug_aranges
                0x00000260       0x20 ../led_test_bsp/\libhal_bsp.a(alt_flash_dev.o)
 .debug_aranges
                0x00000280       0x20 ../led_test_bsp/\libhal_bsp.a(alt_iic.o)
 .debug_aranges
                0x000002a0       0x20 ../led_test_bsp/\libhal_bsp.a(alt_iic_isr_register.o)
 .debug_aranges
                0x000002c0       0x20 ../led_test_bsp/\libhal_bsp.a(alt_io_redirect.o)
 .debug_aranges
                0x000002e0       0x30 ../led_test_bsp/\libhal_bsp.a(alt_irq_entry.o)
 .debug_aranges
                0x00000310       0x28 ../led_test_bsp/\libhal_bsp.a(alt_irq_handler.o)
 .debug_aranges
                0x00000338       0x20 ../led_test_bsp/\libhal_bsp.a(alt_open.o)
 .debug_aranges
                0x00000358       0x20 ../led_test_bsp/\libhal_bsp.a(alt_release_fd.o)
 .debug_aranges
                0x00000378       0x20 ../led_test_bsp/\libhal_bsp.a(alt_tick.o)
 .debug_aranges
                0x00000398       0x20 ../led_test_bsp/\libhal_bsp.a(altera_nios2_qsys_irq.o)
 .debug_aranges
                0x000003b8       0x20 ../led_test_bsp/\libhal_bsp.a(altera_avalon_spi.o)
 .debug_aranges
                0x000003d8       0x38 ../led_test_bsp/\libhal_bsp.a(alt_exception_entry.o)
 .debug_aranges
                0x00000410       0x20 ../led_test_bsp/\libhal_bsp.a(alt_find_dev.o)
 .debug_aranges
                0x00000430       0x20 ../led_test_bsp/\libhal_bsp.a(alt_find_file.o)
 .debug_aranges
                0x00000450       0x20 ../led_test_bsp/\libhal_bsp.a(alt_get_fd.o)
 .debug_aranges
                0x00000470       0x20 c:/altera/12.1/nios2eds/bin/gnu/h-i686-mingw32/bin/../lib/gcc/nios2-elf/4.1.2/../../../../nios2-elf/lib\libc.a(lib_a-atexit.o)
 .debug_aranges
                0x00000490       0x20 c:/altera/12.1/nios2eds/bin/gnu/h-i686-mingw32/bin/../lib/gcc/nios2-elf/4.1.2/../../../../nios2-elf/lib\libc.a(lib_a-exit.o)
 .debug_aranges
                0x000004b0       0x20 c:/altera/12.1/nios2eds/bin/gnu/h-i686-mingw32/bin/../lib/gcc/nios2-elf/4.1.2/../../../../nios2-elf/lib\libc.a(lib_a-memcmp.o)
 .debug_aranges
                0x000004d0       0x20 c:/altera/12.1/nios2eds/bin/gnu/h-i686-mingw32/bin/../lib/gcc/nios2-elf/4.1.2/../../../../nios2-elf/lib\libc.a(lib_a-memcpy.o)
 .debug_aranges
                0x000004f0       0x20 c:/altera/12.1/nios2eds/bin/gnu/h-i686-mingw32/bin/../lib/gcc/nios2-elf/4.1.2/../../../../nios2-elf/lib\libc.a(lib_a-strlen.o)
 .debug_aranges
                0x00000510       0x20 c:/altera/12.1/nios2eds/bin/gnu/h-i686-mingw32/bin/../lib/gcc/nios2-elf/4.1.2/../../../../nios2-elf/lib\libc.a(lib_a-__atexit.o)
 .debug_aranges
                0x00000530       0x20 c:/altera/12.1/nios2eds/bin/gnu/h-i686-mingw32/bin/../lib/gcc/nios2-elf/4.1.2/../../../../nios2-elf/lib\libc.a(lib_a-__call_atexit.o)
 .debug_aranges
                0x00000550       0x20 c:/altera/12.1/nios2eds/bin/gnu/h-i686-mingw32/bin/../lib/gcc/nios2-elf/4.1.2\libgcc.a(lib2-divmod.o)
 .debug_aranges
                0x00000570       0x20 ../led_test_bsp/\libhal_bsp.a(alt_exit.o)

.debug_pubnames
                0x00000000      0xa01
 *(.debug_pubnames)
 .debug_pubnames
                0x00000000       0x1b obj/default/main/main.o
 .debug_pubnames
                0x0000001b       0x46 ../led_test_bsp/\libhal_bsp.a(alt_main.o)
 .debug_pubnames
                0x00000061       0x1d ../led_test_bsp/\libhal_bsp.a(alt_usleep.o)
 .debug_pubnames
                0x0000007e       0x34 ../led_test_bsp/\libhal_bsp.a(alt_sys_init.o)
 .debug_pubnames
                0x000000b2       0xb5 ../led_test_bsp/\libhal_bsp.a(altera_avalon_epcs_flash_controller.o)
 .debug_pubnames
                0x00000167       0xa5 ../led_test_bsp/\libhal_bsp.a(altera_avalon_jtag_uart_fd.o)
 .debug_pubnames
                0x0000020c       0x55 ../led_test_bsp/\libhal_bsp.a(altera_avalon_jtag_uart_init.o)
 .debug_pubnames
                0x00000261       0x34 ../led_test_bsp/\libhal_bsp.a(altera_avalon_jtag_uart_ioctl.o)
 .debug_pubnames
                0x00000295       0x33 ../led_test_bsp/\libhal_bsp.a(altera_avalon_jtag_uart_read.o)
 .debug_pubnames
                0x000002c8       0x34 ../led_test_bsp/\libhal_bsp.a(altera_avalon_jtag_uart_write.o)
 .debug_pubnames
                0x000002fc      0x118 ../led_test_bsp/\libhal_bsp.a(epcs_commands.o)
 .debug_pubnames
                0x00000414       0x26 ../led_test_bsp/\libhal_bsp.a(alt_alarm_start.o)
 .debug_pubnames
                0x0000043a       0x25 ../led_test_bsp/\libhal_bsp.a(alt_busy_sleep.o)
 .debug_pubnames
                0x0000045f       0x1c ../led_test_bsp/\libhal_bsp.a(alt_close.o)
 .debug_pubnames
                0x0000047b       0x63 ../led_test_bsp/\libhal_bsp.a(alt_dev.o)
 .debug_pubnames
                0x000004de       0x2b ../led_test_bsp/\libhal_bsp.a(alt_dev_llist_insert.o)
 .debug_pubnames
                0x00000509       0x20 ../led_test_bsp/\libhal_bsp.a(alt_do_ctors.o)
 .debug_pubnames
                0x00000529       0x20 ../led_test_bsp/\libhal_bsp.a(alt_do_dtors.o)
 .debug_pubnames
                0x00000549       0x20 ../led_test_bsp/\libhal_bsp.a(alt_errno.o)
 .debug_pubnames
                0x00000569       0x58 ../led_test_bsp/\libhal_bsp.a(alt_flash_dev.o)
 .debug_pubnames
                0x000005c1       0x6e ../led_test_bsp/\libhal_bsp.a(alt_iic.o)
 .debug_pubnames
                0x0000062f       0x2b ../led_test_bsp/\libhal_bsp.a(alt_iic_isr_register.o)
 .debug_pubnames
                0x0000065a       0x26 ../led_test_bsp/\libhal_bsp.a(alt_io_redirect.o)
 .debug_pubnames
                0x00000680       0x32 ../led_test_bsp/\libhal_bsp.a(alt_irq_handler.o)
 .debug_pubnames
                0x000006b2       0x3b ../led_test_bsp/\libhal_bsp.a(alt_irq_vars.o)
 .debug_pubnames
                0x000006ed       0x1b ../led_test_bsp/\libhal_bsp.a(alt_open.o)
 .debug_pubnames
                0x00000708       0x25 ../led_test_bsp/\libhal_bsp.a(alt_release_fd.o)
 .debug_pubnames
                0x0000072d       0x68 ../led_test_bsp/\libhal_bsp.a(alt_tick.o)
 .debug_pubnames
                0x00000795       0x31 ../led_test_bsp/\libhal_bsp.a(altera_nios2_qsys_irq.o)
 .debug_pubnames
                0x000007c6       0x2d ../led_test_bsp/\libhal_bsp.a(altera_avalon_spi.o)
 .debug_pubnames
                0x000007f3       0x23 ../led_test_bsp/\libhal_bsp.a(alt_find_dev.o)
 .debug_pubnames
                0x00000816       0x24 ../led_test_bsp/\libhal_bsp.a(alt_find_file.o)
 .debug_pubnames
                0x0000083a       0x21 ../led_test_bsp/\libhal_bsp.a(alt_get_fd.o)
 .debug_pubnames
                0x0000085b       0x2a c:/altera/12.1/nios2eds/bin/gnu/h-i686-mingw32/bin/../lib/gcc/nios2-elf/4.1.2/../../../../nios2-elf/lib\libc.a(lib_a-atexit.o)
 .debug_pubnames
                0x00000885       0x1b c:/altera/12.1/nios2eds/bin/gnu/h-i686-mingw32/bin/../lib/gcc/nios2-elf/4.1.2/../../../../nios2-elf/lib\libc.a(lib_a-exit.o)
 .debug_pubnames
                0x000008a0       0x39 c:/altera/12.1/nios2eds/bin/gnu/h-i686-mingw32/bin/../lib/gcc/nios2-elf/4.1.2/../../../../nios2-elf/lib\libc.a(lib_a-impure.o)
 .debug_pubnames
                0x000008d9       0x1c c:/altera/12.1/nios2eds/bin/gnu/h-i686-mingw32/bin/../lib/gcc/nios2-elf/4.1.2/../../../../nios2-elf/lib\libc.a(lib_a-int_errno.o)
 .debug_pubnames
                0x000008f5       0x1d c:/altera/12.1/nios2eds/bin/gnu/h-i686-mingw32/bin/../lib/gcc/nios2-elf/4.1.2/../../../../nios2-elf/lib\libc.a(lib_a-memcmp.o)
 .debug_pubnames
                0x00000912       0x1d c:/altera/12.1/nios2eds/bin/gnu/h-i686-mingw32/bin/../lib/gcc/nios2-elf/4.1.2/../../../../nios2-elf/lib\libc.a(lib_a-memcpy.o)
 .debug_pubnames
                0x0000092f       0x1d c:/altera/12.1/nios2eds/bin/gnu/h-i686-mingw32/bin/../lib/gcc/nios2-elf/4.1.2/../../../../nios2-elf/lib\libc.a(lib_a-strlen.o)
 .debug_pubnames
                0x0000094c       0x2a c:/altera/12.1/nios2eds/bin/gnu/h-i686-mingw32/bin/../lib/gcc/nios2-elf/4.1.2/../../../../nios2-elf/lib\libc.a(lib_a-__atexit.o)
 .debug_pubnames
                0x00000976       0x27 c:/altera/12.1/nios2eds/bin/gnu/h-i686-mingw32/bin/../lib/gcc/nios2-elf/4.1.2/../../../../nios2-elf/lib\libc.a(lib_a-__call_atexit.o)
 .debug_pubnames
                0x0000099d       0x48 c:/altera/12.1/nios2eds/bin/gnu/h-i686-mingw32/bin/../lib/gcc/nios2-elf/4.1.2\libgcc.a(lib2-divmod.o)
 .debug_pubnames
                0x000009e5       0x1c ../led_test_bsp/\libhal_bsp.a(alt_exit.o)

.debug_info     0x00000000     0xb6c5
 *(.debug_info .gnu.linkonce.wi.*)
 .debug_info    0x00000000       0x63 ../led_test_bsp//obj/HAL/src/crt0.o
 .debug_info    0x00000063      0x11d obj/default/main/main.o
 .debug_info    0x00000180      0x209 ../led_test_bsp/\libhal_bsp.a(alt_main.o)
 .debug_info    0x00000389      0x14c ../led_test_bsp/\libhal_bsp.a(alt_usleep.o)
 .debug_info    0x000004d5      0xac2 ../led_test_bsp/\libhal_bsp.a(alt_sys_init.o)
 .debug_info    0x00000f97      0xb8d ../led_test_bsp/\libhal_bsp.a(altera_avalon_epcs_flash_controller.o)
 .debug_info    0x00001b24      0x7bd ../led_test_bsp/\libhal_bsp.a(altera_avalon_jtag_uart_fd.o)
 .debug_info    0x000022e1      0x5e5 ../led_test_bsp/\libhal_bsp.a(altera_avalon_jtag_uart_init.o)
 .debug_info    0x000028c6      0x427 ../led_test_bsp/\libhal_bsp.a(altera_avalon_jtag_uart_ioctl.o)
 .debug_info    0x00002ced      0x52a ../led_test_bsp/\libhal_bsp.a(altera_avalon_jtag_uart_read.o)
 .debug_info    0x00003217      0x522 ../led_test_bsp/\libhal_bsp.a(altera_avalon_jtag_uart_write.o)
 .debug_info    0x00003739      0x620 ../led_test_bsp/\libhal_bsp.a(epcs_commands.o)
 .debug_info    0x00003d59      0x426 ../led_test_bsp/\libhal_bsp.a(alt_alarm_start.o)
 .debug_info    0x0000417f      0x18f ../led_test_bsp/\libhal_bsp.a(alt_busy_sleep.o)
 .debug_info    0x0000430e      0x44b ../led_test_bsp/\libhal_bsp.a(alt_close.o)
 .debug_info    0x00004759      0x663 ../led_test_bsp/\libhal_bsp.a(alt_dev.o)
 .debug_info    0x00004dbc      0x29b ../led_test_bsp/\libhal_bsp.a(alt_dev_llist_insert.o)
 .debug_info    0x00005057       0xf3 ../led_test_bsp/\libhal_bsp.a(alt_do_ctors.o)
 .debug_info    0x0000514a       0xf2 ../led_test_bsp/\libhal_bsp.a(alt_do_dtors.o)
 .debug_info    0x0000523c      0x148 ../led_test_bsp/\libhal_bsp.a(alt_errno.o)
 .debug_info    0x00005384      0x57d ../led_test_bsp/\libhal_bsp.a(alt_flash_dev.o)
 .debug_info    0x00005901      0x477 ../led_test_bsp/\libhal_bsp.a(alt_iic.o)
 .debug_info    0x00005d78      0x2f8 ../led_test_bsp/\libhal_bsp.a(alt_iic_isr_register.o)
 .debug_info    0x00006070      0x679 ../led_test_bsp/\libhal_bsp.a(alt_io_redirect.o)
 .debug_info    0x000066e9       0x68 ../led_test_bsp/\libhal_bsp.a(alt_irq_entry.o)
 .debug_info    0x00006751      0x259 ../led_test_bsp/\libhal_bsp.a(alt_irq_handler.o)
 .debug_info    0x000069aa      0x14b ../led_test_bsp/\libhal_bsp.a(alt_irq_vars.o)
 .debug_info    0x00006af5      0x509 ../led_test_bsp/\libhal_bsp.a(alt_open.o)
 .debug_info    0x00006ffe      0x3d6 ../led_test_bsp/\libhal_bsp.a(alt_release_fd.o)
 .debug_info    0x000073d4      0x3e2 ../led_test_bsp/\libhal_bsp.a(alt_tick.o)
 .debug_info    0x000077b6      0x147 ../led_test_bsp/\libhal_bsp.a(altera_nios2_qsys_irq.o)
 .debug_info    0x000078fd      0x28d ../led_test_bsp/\libhal_bsp.a(altera_avalon_spi.o)
 .debug_info    0x00007b8a       0x6e ../led_test_bsp/\libhal_bsp.a(alt_exception_entry.o)
 .debug_info    0x00007bf8      0x3fc ../led_test_bsp/\libhal_bsp.a(alt_find_dev.o)
 .debug_info    0x00007ff4      0x403 ../led_test_bsp/\libhal_bsp.a(alt_find_file.o)
 .debug_info    0x000083f7      0x444 ../led_test_bsp/\libhal_bsp.a(alt_get_fd.o)
 .debug_info    0x0000883b      0x181 c:/altera/12.1/nios2eds/bin/gnu/h-i686-mingw32/bin/../lib/gcc/nios2-elf/4.1.2/../../../../nios2-elf/lib\libc.a(lib_a-atexit.o)
 .debug_info    0x000089bc      0x93f c:/altera/12.1/nios2eds/bin/gnu/h-i686-mingw32/bin/../lib/gcc/nios2-elf/4.1.2/../../../../nios2-elf/lib\libc.a(lib_a-exit.o)
 .debug_info    0x000092fb      0x93d c:/altera/12.1/nios2eds/bin/gnu/h-i686-mingw32/bin/../lib/gcc/nios2-elf/4.1.2/../../../../nios2-elf/lib\libc.a(lib_a-impure.o)
 .debug_info    0x00009c38       0x8c c:/altera/12.1/nios2eds/bin/gnu/h-i686-mingw32/bin/../lib/gcc/nios2-elf/4.1.2/../../../../nios2-elf/lib\libc.a(lib_a-int_errno.o)
 .debug_info    0x00009cc4      0x115 c:/altera/12.1/nios2eds/bin/gnu/h-i686-mingw32/bin/../lib/gcc/nios2-elf/4.1.2/../../../../nios2-elf/lib\libc.a(lib_a-memcmp.o)
 .debug_info    0x00009dd9      0x106 c:/altera/12.1/nios2eds/bin/gnu/h-i686-mingw32/bin/../lib/gcc/nios2-elf/4.1.2/../../../../nios2-elf/lib\libc.a(lib_a-memcpy.o)
 .debug_info    0x00009edf       0xdb c:/altera/12.1/nios2eds/bin/gnu/h-i686-mingw32/bin/../lib/gcc/nios2-elf/4.1.2/../../../../nios2-elf/lib\libc.a(lib_a-strlen.o)
 .debug_info    0x00009fba      0x99c c:/altera/12.1/nios2eds/bin/gnu/h-i686-mingw32/bin/../lib/gcc/nios2-elf/4.1.2/../../../../nios2-elf/lib\libc.a(lib_a-__atexit.o)
 .debug_info    0x0000a956      0x9e2 c:/altera/12.1/nios2eds/bin/gnu/h-i686-mingw32/bin/../lib/gcc/nios2-elf/4.1.2/../../../../nios2-elf/lib\libc.a(lib_a-__call_atexit.o)
 .debug_info    0x0000b338      0x21c c:/altera/12.1/nios2eds/bin/gnu/h-i686-mingw32/bin/../lib/gcc/nios2-elf/4.1.2\libgcc.a(lib2-divmod.o)
 .debug_info    0x0000b554      0x171 ../led_test_bsp/\libhal_bsp.a(alt_exit.o)

.debug_abbrev   0x00000000     0x290a
 *(.debug_abbrev)
 .debug_abbrev  0x00000000       0x14 ../led_test_bsp//obj/HAL/src/crt0.o
 .debug_abbrev  0x00000014       0x47 obj/default/main/main.o
 .debug_abbrev  0x0000005b       0xb7 ../led_test_bsp/\libhal_bsp.a(alt_main.o)
 .debug_abbrev  0x00000112       0x5d ../led_test_bsp/\libhal_bsp.a(alt_usleep.o)
 .debug_abbrev  0x0000016f      0x167 ../led_test_bsp/\libhal_bsp.a(alt_sys_init.o)
 .debug_abbrev  0x000002d6      0x1bf ../led_test_bsp/\libhal_bsp.a(altera_avalon_epcs_flash_controller.o)
 .debug_abbrev  0x00000495       0xf7 ../led_test_bsp/\libhal_bsp.a(altera_avalon_jtag_uart_fd.o)
 .debug_abbrev  0x0000058c      0x17c ../led_test_bsp/\libhal_bsp.a(altera_avalon_jtag_uart_init.o)
 .debug_abbrev  0x00000708       0xf0 ../led_test_bsp/\libhal_bsp.a(altera_avalon_jtag_uart_ioctl.o)
 .debug_abbrev  0x000007f8      0x191 ../led_test_bsp/\libhal_bsp.a(altera_avalon_jtag_uart_read.o)
 .debug_abbrev  0x00000989      0x18d ../led_test_bsp/\libhal_bsp.a(altera_avalon_jtag_uart_write.o)
 .debug_abbrev  0x00000b16      0x145 ../led_test_bsp/\libhal_bsp.a(epcs_commands.o)
 .debug_abbrev  0x00000c5b      0x172 ../led_test_bsp/\libhal_bsp.a(alt_alarm_start.o)
 .debug_abbrev  0x00000dcd       0x6c ../led_test_bsp/\libhal_bsp.a(alt_busy_sleep.o)
 .debug_abbrev  0x00000e39       0xfb ../led_test_bsp/\libhal_bsp.a(alt_close.o)
 .debug_abbrev  0x00000f34       0xc7 ../led_test_bsp/\libhal_bsp.a(alt_dev.o)
 .debug_abbrev  0x00000ffb       0xf6 ../led_test_bsp/\libhal_bsp.a(alt_dev_llist_insert.o)
 .debug_abbrev  0x000010f1       0x76 ../led_test_bsp/\libhal_bsp.a(alt_do_ctors.o)
 .debug_abbrev  0x00001167       0x76 ../led_test_bsp/\libhal_bsp.a(alt_do_dtors.o)
 .debug_abbrev  0x000011dd       0x5e ../led_test_bsp/\libhal_bsp.a(alt_errno.o)
 .debug_abbrev  0x0000123b      0x121 ../led_test_bsp/\libhal_bsp.a(alt_flash_dev.o)
 .debug_abbrev  0x0000135c      0x134 ../led_test_bsp/\libhal_bsp.a(alt_iic.o)
 .debug_abbrev  0x00001490      0x14e ../led_test_bsp/\libhal_bsp.a(alt_iic_isr_register.o)
 .debug_abbrev  0x000015de       0xf0 ../led_test_bsp/\libhal_bsp.a(alt_io_redirect.o)
 .debug_abbrev  0x000016ce       0x12 ../led_test_bsp/\libhal_bsp.a(alt_irq_entry.o)
 .debug_abbrev  0x000016e0      0x10c ../led_test_bsp/\libhal_bsp.a(alt_irq_handler.o)
 .debug_abbrev  0x000017ec       0x44 ../led_test_bsp/\libhal_bsp.a(alt_irq_vars.o)
 .debug_abbrev  0x00001830      0x112 ../led_test_bsp/\libhal_bsp.a(alt_open.o)
 .debug_abbrev  0x00001942       0xc1 ../led_test_bsp/\libhal_bsp.a(alt_release_fd.o)
 .debug_abbrev  0x00001a03      0x150 ../led_test_bsp/\libhal_bsp.a(alt_tick.o)
 .debug_abbrev  0x00001b53       0x3f ../led_test_bsp/\libhal_bsp.a(altera_nios2_qsys_irq.o)
 .debug_abbrev  0x00001b92       0x7c ../led_test_bsp/\libhal_bsp.a(altera_avalon_spi.o)
 .debug_abbrev  0x00001c0e       0x12 ../led_test_bsp/\libhal_bsp.a(alt_exception_entry.o)
 .debug_abbrev  0x00001c20       0xcf ../led_test_bsp/\libhal_bsp.a(alt_find_dev.o)
 .debug_abbrev  0x00001cef       0xcf ../led_test_bsp/\libhal_bsp.a(alt_find_file.o)
 .debug_abbrev  0x00001dbe       0xfb ../led_test_bsp/\libhal_bsp.a(alt_get_fd.o)
 .debug_abbrev  0x00001eb9       0xb7 c:/altera/12.1/nios2eds/bin/gnu/h-i686-mingw32/bin/../lib/gcc/nios2-elf/4.1.2/../../../../nios2-elf/lib\libc.a(lib_a-atexit.o)
 .debug_abbrev  0x00001f70      0x16e c:/altera/12.1/nios2eds/bin/gnu/h-i686-mingw32/bin/../lib/gcc/nios2-elf/4.1.2/../../../../nios2-elf/lib\libc.a(lib_a-exit.o)
 .debug_abbrev  0x000020de      0x157 c:/altera/12.1/nios2eds/bin/gnu/h-i686-mingw32/bin/../lib/gcc/nios2-elf/4.1.2/../../../../nios2-elf/lib\libc.a(lib_a-impure.o)
 .debug_abbrev  0x00002235       0x3b c:/altera/12.1/nios2eds/bin/gnu/h-i686-mingw32/bin/../lib/gcc/nios2-elf/4.1.2/../../../../nios2-elf/lib\libc.a(lib_a-int_errno.o)
 .debug_abbrev  0x00002270       0x7c c:/altera/12.1/nios2eds/bin/gnu/h-i686-mingw32/bin/../lib/gcc/nios2-elf/4.1.2/../../../../nios2-elf/lib\libc.a(lib_a-memcmp.o)
 .debug_abbrev  0x000022ec       0xb5 c:/altera/12.1/nios2eds/bin/gnu/h-i686-mingw32/bin/../lib/gcc/nios2-elf/4.1.2/../../../../nios2-elf/lib\libc.a(lib_a-memcpy.o)
 .debug_abbrev  0x000023a1       0x8b c:/altera/12.1/nios2eds/bin/gnu/h-i686-mingw32/bin/../lib/gcc/nios2-elf/4.1.2/../../../../nios2-elf/lib\libc.a(lib_a-strlen.o)
 .debug_abbrev  0x0000242c      0x1ae c:/altera/12.1/nios2eds/bin/gnu/h-i686-mingw32/bin/../lib/gcc/nios2-elf/4.1.2/../../../../nios2-elf/lib\libc.a(lib_a-__atexit.o)
 .debug_abbrev  0x000025da      0x1de c:/altera/12.1/nios2eds/bin/gnu/h-i686-mingw32/bin/../lib/gcc/nios2-elf/4.1.2/../../../../nios2-elf/lib\libc.a(lib_a-__call_atexit.o)
 .debug_abbrev  0x000027b8       0xe0 c:/altera/12.1/nios2eds/bin/gnu/h-i686-mingw32/bin/../lib/gcc/nios2-elf/4.1.2\libgcc.a(lib2-divmod.o)
 .debug_abbrev  0x00002898       0x72 ../led_test_bsp/\libhal_bsp.a(alt_exit.o)

.debug_line     0x00000000     0x6dae
 *(.debug_line)
 .debug_line    0x00000000       0x57 ../led_test_bsp//obj/HAL/src/crt0.o
 .debug_line    0x00000057       0xaa obj/default/main/main.o
 .debug_line    0x00000101      0x2c4 ../led_test_bsp/\libhal_bsp.a(alt_main.o)
 .debug_line    0x000003c5      0x1f9 ../led_test_bsp/\libhal_bsp.a(alt_usleep.o)
 .debug_line    0x000005be      0x2f9 ../led_test_bsp/\libhal_bsp.a(alt_sys_init.o)
 .debug_line    0x000008b7      0x6e9 ../led_test_bsp/\libhal_bsp.a(altera_avalon_epcs_flash_controller.o)
 .debug_line    0x00000fa0      0x214 ../led_test_bsp/\libhal_bsp.a(altera_avalon_jtag_uart_fd.o)
 .debug_line    0x000011b4      0x4a5 ../led_test_bsp/\libhal_bsp.a(altera_avalon_jtag_uart_init.o)
 .debug_line    0x00001659      0x311 ../led_test_bsp/\libhal_bsp.a(altera_avalon_jtag_uart_ioctl.o)
 .debug_line    0x0000196a      0x3f1 ../led_test_bsp/\libhal_bsp.a(altera_avalon_jtag_uart_read.o)
 .debug_line    0x00001d5b      0x3ff ../led_test_bsp/\libhal_bsp.a(altera_avalon_jtag_uart_write.o)
 .debug_line    0x0000215a      0x405 ../led_test_bsp/\libhal_bsp.a(epcs_commands.o)
 .debug_line    0x0000255f      0x2d6 ../led_test_bsp/\libhal_bsp.a(alt_alarm_start.o)
 .debug_line    0x00002835      0x253 ../led_test_bsp/\libhal_bsp.a(alt_busy_sleep.o)
 .debug_line    0x00002a88      0x293 ../led_test_bsp/\libhal_bsp.a(alt_close.o)
 .debug_line    0x00002d1b      0x24e ../led_test_bsp/\libhal_bsp.a(alt_dev.o)
 .debug_line    0x00002f69      0x254 ../led_test_bsp/\libhal_bsp.a(alt_dev_llist_insert.o)
 .debug_line    0x000031bd       0x83 ../led_test_bsp/\libhal_bsp.a(alt_do_ctors.o)
 .debug_line    0x00003240       0x83 ../led_test_bsp/\libhal_bsp.a(alt_do_dtors.o)
 .debug_line    0x000032c3      0x1a4 ../led_test_bsp/\libhal_bsp.a(alt_errno.o)
 .debug_line    0x00003467      0x262 ../led_test_bsp/\libhal_bsp.a(alt_flash_dev.o)
 .debug_line    0x000036c9      0x2c2 ../led_test_bsp/\libhal_bsp.a(alt_iic.o)
 .debug_line    0x0000398b      0x243 ../led_test_bsp/\libhal_bsp.a(alt_iic_isr_register.o)
 .debug_line    0x00003bce      0x2ae ../led_test_bsp/\libhal_bsp.a(alt_io_redirect.o)
 .debug_line    0x00003e7c       0x6b ../led_test_bsp/\libhal_bsp.a(alt_irq_entry.o)
 .debug_line    0x00003ee7      0x242 ../led_test_bsp/\libhal_bsp.a(alt_irq_handler.o)
 .debug_line    0x00004129       0x72 ../led_test_bsp/\libhal_bsp.a(alt_irq_vars.o)
 .debug_line    0x0000419b      0x2f9 ../led_test_bsp/\libhal_bsp.a(alt_open.o)
 .debug_line    0x00004494       0xed ../led_test_bsp/\libhal_bsp.a(alt_release_fd.o)
 .debug_line    0x00004581      0x2d6 ../led_test_bsp/\libhal_bsp.a(alt_tick.o)
 .debug_line    0x00004857      0x1c8 ../led_test_bsp/\libhal_bsp.a(altera_nios2_qsys_irq.o)
 .debug_line    0x00004a1f      0x1ef ../led_test_bsp/\libhal_bsp.a(altera_avalon_spi.o)
 .debug_line    0x00004c0e       0xab ../led_test_bsp/\libhal_bsp.a(alt_exception_entry.o)
 .debug_line    0x00004cb9      0x265 ../led_test_bsp/\libhal_bsp.a(alt_find_dev.o)
 .debug_line    0x00004f1e      0x276 ../led_test_bsp/\libhal_bsp.a(alt_find_file.o)
 .debug_line    0x00005194      0x291 ../led_test_bsp/\libhal_bsp.a(alt_get_fd.o)
 .debug_line    0x00005425      0x1fa c:/altera/12.1/nios2eds/bin/gnu/h-i686-mingw32/bin/../lib/gcc/nios2-elf/4.1.2/../../../../nios2-elf/lib\libc.a(lib_a-atexit.o)
 .debug_line    0x0000561f      0x232 c:/altera/12.1/nios2eds/bin/gnu/h-i686-mingw32/bin/../lib/gcc/nios2-elf/4.1.2/../../../../nios2-elf/lib\libc.a(lib_a-exit.o)
 .debug_line    0x00005851      0x224 c:/altera/12.1/nios2eds/bin/gnu/h-i686-mingw32/bin/../lib/gcc/nios2-elf/4.1.2/../../../../nios2-elf/lib\libc.a(lib_a-impure.o)
 .debug_line    0x00005a75      0x1d9 c:/altera/12.1/nios2eds/bin/gnu/h-i686-mingw32/bin/../lib/gcc/nios2-elf/4.1.2/../../../../nios2-elf/lib\libc.a(lib_a-int_errno.o)
 .debug_line    0x00005c4e      0x296 c:/altera/12.1/nios2eds/bin/gnu/h-i686-mingw32/bin/../lib/gcc/nios2-elf/4.1.2/../../../../nios2-elf/lib\libc.a(lib_a-memcmp.o)
 .debug_line    0x00005ee4      0x1a9 c:/altera/12.1/nios2eds/bin/gnu/h-i686-mingw32/bin/../lib/gcc/nios2-elf/4.1.2/../../../../nios2-elf/lib\libc.a(lib_a-memcpy.o)
 .debug_line    0x0000608d      0x264 c:/altera/12.1/nios2eds/bin/gnu/h-i686-mingw32/bin/../lib/gcc/nios2-elf/4.1.2/../../../../nios2-elf/lib\libc.a(lib_a-strlen.o)
 .debug_line    0x000062f1      0x30d c:/altera/12.1/nios2eds/bin/gnu/h-i686-mingw32/bin/../lib/gcc/nios2-elf/4.1.2/../../../../nios2-elf/lib\libc.a(lib_a-__atexit.o)
 .debug_line    0x000065fe      0x361 c:/altera/12.1/nios2eds/bin/gnu/h-i686-mingw32/bin/../lib/gcc/nios2-elf/4.1.2/../../../../nios2-elf/lib\libc.a(lib_a-__call_atexit.o)
 .debug_line    0x0000695f      0x24f c:/altera/12.1/nios2eds/bin/gnu/h-i686-mingw32/bin/../lib/gcc/nios2-elf/4.1.2\libgcc.a(lib2-divmod.o)
 .debug_line    0x00006bae      0x200 ../led_test_bsp/\libhal_bsp.a(alt_exit.o)

.debug_frame    0x00000000      0xb5c
 *(.debug_frame)
 .debug_frame   0x00000000       0x2c obj/default/main/main.o
 .debug_frame   0x0000002c       0x2c ../led_test_bsp/\libhal_bsp.a(alt_main.o)
 .debug_frame   0x00000058       0x2c ../led_test_bsp/\libhal_bsp.a(alt_usleep.o)
 .debug_frame   0x00000084       0x64 ../led_test_bsp/\libhal_bsp.a(alt_sys_init.o)
 .debug_frame   0x000000e8      0x128 ../led_test_bsp/\libhal_bsp.a(altera_avalon_epcs_flash_controller.o)
 .debug_frame   0x00000210       0x80 ../led_test_bsp/\libhal_bsp.a(altera_avalon_jtag_uart_fd.o)
 .debug_frame   0x00000290       0x80 ../led_test_bsp/\libhal_bsp.a(altera_avalon_jtag_uart_init.o)
 .debug_frame   0x00000310       0x2c ../led_test_bsp/\libhal_bsp.a(altera_avalon_jtag_uart_ioctl.o)
 .debug_frame   0x0000033c       0x2c ../led_test_bsp/\libhal_bsp.a(altera_avalon_jtag_uart_read.o)
 .debug_frame   0x00000368       0x2c ../led_test_bsp/\libhal_bsp.a(altera_avalon_jtag_uart_write.o)
 .debug_frame   0x00000394      0x160 ../led_test_bsp/\libhal_bsp.a(epcs_commands.o)
 .debug_frame   0x000004f4       0x2c ../led_test_bsp/\libhal_bsp.a(alt_alarm_start.o)
 .debug_frame   0x00000520       0x2c ../led_test_bsp/\libhal_bsp.a(alt_busy_sleep.o)
 .debug_frame   0x0000054c       0x48 ../led_test_bsp/\libhal_bsp.a(alt_close.o)
 .debug_frame   0x00000594       0x2c ../led_test_bsp/\libhal_bsp.a(alt_dev.o)
 .debug_frame   0x000005c0       0x48 ../led_test_bsp/\libhal_bsp.a(alt_dev_llist_insert.o)
 .debug_frame   0x00000608       0x2c ../led_test_bsp/\libhal_bsp.a(alt_do_ctors.o)
 .debug_frame   0x00000634       0x2c ../led_test_bsp/\libhal_bsp.a(alt_do_dtors.o)
 .debug_frame   0x00000660       0x48 ../led_test_bsp/\libhal_bsp.a(alt_flash_dev.o)
 .debug_frame   0x000006a8       0x80 ../led_test_bsp/\libhal_bsp.a(alt_iic.o)
 .debug_frame   0x00000728       0x2c ../led_test_bsp/\libhal_bsp.a(alt_iic_isr_register.o)
 .debug_frame   0x00000754       0x48 ../led_test_bsp/\libhal_bsp.a(alt_io_redirect.o)
 .debug_frame   0x0000079c       0x2c ../led_test_bsp/\libhal_bsp.a(alt_irq_handler.o)
 .debug_frame   0x000007c8       0x64 ../led_test_bsp/\libhal_bsp.a(alt_open.o)
 .debug_frame   0x0000082c       0x2c ../led_test_bsp/\libhal_bsp.a(alt_release_fd.o)
 .debug_frame   0x00000858       0x48 ../led_test_bsp/\libhal_bsp.a(alt_tick.o)
 .debug_frame   0x000008a0       0x2c ../led_test_bsp/\libhal_bsp.a(altera_nios2_qsys_irq.o)
 .debug_frame   0x000008cc       0x2c ../led_test_bsp/\libhal_bsp.a(altera_avalon_spi.o)
 .debug_frame   0x000008f8       0x2c ../led_test_bsp/\libhal_bsp.a(alt_find_dev.o)
 .debug_frame   0x00000924       0x2c ../led_test_bsp/\libhal_bsp.a(alt_find_file.o)
 .debug_frame   0x00000950       0x2c ../led_test_bsp/\libhal_bsp.a(alt_get_fd.o)
 .debug_frame   0x0000097c       0x20 c:/altera/12.1/nios2eds/bin/gnu/h-i686-mingw32/bin/../lib/gcc/nios2-elf/4.1.2/../../../../nios2-elf/lib\libc.a(lib_a-atexit.o)
 .debug_frame   0x0000099c       0x28 c:/altera/12.1/nios2eds/bin/gnu/h-i686-mingw32/bin/../lib/gcc/nios2-elf/4.1.2/../../../../nios2-elf/lib\libc.a(lib_a-exit.o)
 .debug_frame   0x000009c4       0x20 c:/altera/12.1/nios2eds/bin/gnu/h-i686-mingw32/bin/../lib/gcc/nios2-elf/4.1.2/../../../../nios2-elf/lib\libc.a(lib_a-memcmp.o)
 .debug_frame   0x000009e4       0x20 c:/altera/12.1/nios2eds/bin/gnu/h-i686-mingw32/bin/../lib/gcc/nios2-elf/4.1.2/../../../../nios2-elf/lib\libc.a(lib_a-memcpy.o)
 .debug_frame   0x00000a04       0x20 c:/altera/12.1/nios2eds/bin/gnu/h-i686-mingw32/bin/../lib/gcc/nios2-elf/4.1.2/../../../../nios2-elf/lib\libc.a(lib_a-strlen.o)
 .debug_frame   0x00000a24       0x34 c:/altera/12.1/nios2eds/bin/gnu/h-i686-mingw32/bin/../lib/gcc/nios2-elf/4.1.2/../../../../nios2-elf/lib\libc.a(lib_a-__atexit.o)
 .debug_frame   0x00000a58       0x4c c:/altera/12.1/nios2eds/bin/gnu/h-i686-mingw32/bin/../lib/gcc/nios2-elf/4.1.2/../../../../nios2-elf/lib\libc.a(lib_a-__call_atexit.o)
 .debug_frame   0x00000aa4       0x70 c:/altera/12.1/nios2eds/bin/gnu/h-i686-mingw32/bin/../lib/gcc/nios2-elf/4.1.2\libgcc.a(lib2-divmod.o)
 .debug_frame   0x00000b14       0x48 ../led_test_bsp/\libhal_bsp.a(alt_exit.o)

.debug_str      0x00000000      0xc87
 *(.debug_str)
 .debug_str     0x00000000       0x12 ../led_test_bsp/\libhal_bsp.a(alt_main.o)
 .debug_str     0x00000012       0x12 ../led_test_bsp/\libhal_bsp.a(alt_usleep.o)
 .debug_str     0x00000024       0x40 ../led_test_bsp/\libhal_bsp.a(alt_sys_init.o)
 .debug_str     0x00000064       0x90 ../led_test_bsp/\libhal_bsp.a(altera_avalon_epcs_flash_controller.o)
 .debug_str     0x000000f4       0x12 ../led_test_bsp/\libhal_bsp.a(altera_avalon_jtag_uart_fd.o)
 .debug_str     0x00000106       0x1a ../led_test_bsp/\libhal_bsp.a(altera_avalon_jtag_uart_init.o)
 .debug_str     0x00000120       0x12 ../led_test_bsp/\libhal_bsp.a(altera_avalon_jtag_uart_ioctl.o)
 .debug_str     0x00000132       0x1a ../led_test_bsp/\libhal_bsp.a(altera_avalon_jtag_uart_read.o)
 .debug_str     0x0000014c       0x1a ../led_test_bsp/\libhal_bsp.a(altera_avalon_jtag_uart_write.o)
 .debug_str     0x00000166       0x2e ../led_test_bsp/\libhal_bsp.a(epcs_commands.o)
 .debug_str     0x00000194       0x23 ../led_test_bsp/\libhal_bsp.a(alt_alarm_start.o)
 .debug_str     0x000001b7       0x12 ../led_test_bsp/\libhal_bsp.a(alt_busy_sleep.o)
 .debug_str     0x000001c9       0x12 ../led_test_bsp/\libhal_bsp.a(alt_close.o)
 .debug_str     0x000001db       0x12 ../led_test_bsp/\libhal_bsp.a(alt_dev.o)
 .debug_str     0x000001ed       0x12 ../led_test_bsp/\libhal_bsp.a(alt_dev_llist_insert.o)
 .debug_str     0x000001ff       0x12 ../led_test_bsp/\libhal_bsp.a(alt_errno.o)
 .debug_str     0x00000211       0x2d ../led_test_bsp/\libhal_bsp.a(alt_flash_dev.o)
 .debug_str     0x0000023e       0x18 ../led_test_bsp/\libhal_bsp.a(alt_iic.o)
 .debug_str     0x00000256       0x1a ../led_test_bsp/\libhal_bsp.a(alt_iic_isr_register.o)
 .debug_str     0x00000270       0x12 ../led_test_bsp/\libhal_bsp.a(alt_io_redirect.o)
 .debug_str     0x00000282       0x12 ../led_test_bsp/\libhal_bsp.a(alt_irq_handler.o)
 .debug_str     0x00000294       0x12 ../led_test_bsp/\libhal_bsp.a(alt_open.o)
 .debug_str     0x000002a6       0x1a ../led_test_bsp/\libhal_bsp.a(alt_tick.o)
 .debug_str     0x000002c0       0x12 ../led_test_bsp/\libhal_bsp.a(altera_nios2_qsys_irq.o)
 .debug_str     0x000002d2       0x12 ../led_test_bsp/\libhal_bsp.a(alt_find_dev.o)
 .debug_str     0x000002e4       0x12 ../led_test_bsp/\libhal_bsp.a(alt_find_file.o)
 .debug_str     0x000002f6       0x12 ../led_test_bsp/\libhal_bsp.a(alt_get_fd.o)
 .debug_str     0x00000308      0x176 c:/altera/12.1/nios2eds/bin/gnu/h-i686-mingw32/bin/../lib/gcc/nios2-elf/4.1.2/../../../../nios2-elf/lib\libc.a(lib_a-atexit.o)
                                0x1bc (size before relaxing)
 .debug_str     0x0000047e      0x384 c:/altera/12.1/nios2eds/bin/gnu/h-i686-mingw32/bin/../lib/gcc/nios2-elf/4.1.2/../../../../nios2-elf/lib\libc.a(lib_a-exit.o)
                                0x509 (size before relaxing)
 .debug_str     0x00000802       0xce c:/altera/12.1/nios2eds/bin/gnu/h-i686-mingw32/bin/../lib/gcc/nios2-elf/4.1.2/../../../../nios2-elf/lib\libc.a(lib_a-impure.o)
                                0x517 (size before relaxing)
 .debug_str     0x000008d0       0x3d c:/altera/12.1/nios2eds/bin/gnu/h-i686-mingw32/bin/../lib/gcc/nios2-elf/4.1.2/../../../../nios2-elf/lib\libc.a(lib_a-int_errno.o)
                                0x160 (size before relaxing)
 .debug_str     0x0000090d       0xd2 c:/altera/12.1/nios2eds/bin/gnu/h-i686-mingw32/bin/../lib/gcc/nios2-elf/4.1.2/../../../../nios2-elf/lib\libc.a(lib_a-memcmp.o)
                                0x167 (size before relaxing)
 .debug_str     0x000009df       0x69 c:/altera/12.1/nios2eds/bin/gnu/h-i686-mingw32/bin/../lib/gcc/nios2-elf/4.1.2/../../../../nios2-elf/lib\libc.a(lib_a-memcpy.o)
                                0x125 (size before relaxing)
 .debug_str     0x00000a48       0x4f c:/altera/12.1/nios2eds/bin/gnu/h-i686-mingw32/bin/../lib/gcc/nios2-elf/4.1.2/../../../../nios2-elf/lib\libc.a(lib_a-strlen.o)
                                0x17a (size before relaxing)
 .debug_str     0x00000a97       0x51 c:/altera/12.1/nios2eds/bin/gnu/h-i686-mingw32/bin/../lib/gcc/nios2-elf/4.1.2/../../../../nios2-elf/lib\libc.a(lib_a-__atexit.o)
                                0x521 (size before relaxing)
 .debug_str     0x00000ae8       0x7b c:/altera/12.1/nios2eds/bin/gnu/h-i686-mingw32/bin/../lib/gcc/nios2-elf/4.1.2/../../../../nios2-elf/lib\libc.a(lib_a-__call_atexit.o)
                                0x54b (size before relaxing)
 .debug_str     0x00000b63      0x108 c:/altera/12.1/nios2eds/bin/gnu/h-i686-mingw32/bin/../lib/gcc/nios2-elf/4.1.2\libgcc.a(lib2-divmod.o)
                                0x1b1 (size before relaxing)
 .debug_str     0x00000c6b       0x1c ../led_test_bsp/\libhal_bsp.a(alt_exit.o)

.debug_loc      0x00000000     0x1320
 *(.debug_loc)
 .debug_loc     0x00000000       0x2b obj/default/main/main.o
 .debug_loc     0x0000002b       0x2b ../led_test_bsp/\libhal_bsp.a(alt_main.o)
 .debug_loc     0x00000056       0x2b ../led_test_bsp/\libhal_bsp.a(alt_usleep.o)
 .debug_loc     0x00000081       0x81 ../led_test_bsp/\libhal_bsp.a(alt_sys_init.o)
 .debug_loc     0x00000102      0x1af ../led_test_bsp/\libhal_bsp.a(altera_avalon_epcs_flash_controller.o)
 .debug_loc     0x000002b1       0xac ../led_test_bsp/\libhal_bsp.a(altera_avalon_jtag_uart_fd.o)
 .debug_loc     0x0000035d       0xac ../led_test_bsp/\libhal_bsp.a(altera_avalon_jtag_uart_init.o)
 .debug_loc     0x00000409       0x2b ../led_test_bsp/\libhal_bsp.a(altera_avalon_jtag_uart_ioctl.o)
 .debug_loc     0x00000434       0x2b ../led_test_bsp/\libhal_bsp.a(altera_avalon_jtag_uart_read.o)
 .debug_loc     0x0000045f       0x2b ../led_test_bsp/\libhal_bsp.a(altera_avalon_jtag_uart_write.o)
 .debug_loc     0x0000048a      0x204 ../led_test_bsp/\libhal_bsp.a(epcs_commands.o)
 .debug_loc     0x0000068e       0x2b ../led_test_bsp/\libhal_bsp.a(alt_alarm_start.o)
 .debug_loc     0x000006b9       0x2b ../led_test_bsp/\libhal_bsp.a(alt_busy_sleep.o)
 .debug_loc     0x000006e4       0x56 ../led_test_bsp/\libhal_bsp.a(alt_close.o)
 .debug_loc     0x0000073a       0x2b ../led_test_bsp/\libhal_bsp.a(alt_dev.o)
 .debug_loc     0x00000765       0x56 ../led_test_bsp/\libhal_bsp.a(alt_dev_llist_insert.o)
 .debug_loc     0x000007bb       0x2b ../led_test_bsp/\libhal_bsp.a(alt_do_ctors.o)
 .debug_loc     0x000007e6       0x2b ../led_test_bsp/\libhal_bsp.a(alt_do_dtors.o)
 .debug_loc     0x00000811       0x56 ../led_test_bsp/\libhal_bsp.a(alt_flash_dev.o)
 .debug_loc     0x00000867       0xac ../led_test_bsp/\libhal_bsp.a(alt_iic.o)
 .debug_loc     0x00000913       0x2b ../led_test_bsp/\libhal_bsp.a(alt_iic_isr_register.o)
 .debug_loc     0x0000093e       0x56 ../led_test_bsp/\libhal_bsp.a(alt_io_redirect.o)
 .debug_loc     0x00000994       0x2b ../led_test_bsp/\libhal_bsp.a(alt_irq_handler.o)
 .debug_loc     0x000009bf       0x81 ../led_test_bsp/\libhal_bsp.a(alt_open.o)
 .debug_loc     0x00000a40       0x2b ../led_test_bsp/\libhal_bsp.a(alt_release_fd.o)
 .debug_loc     0x00000a6b       0x56 ../led_test_bsp/\libhal_bsp.a(alt_tick.o)
 .debug_loc     0x00000ac1       0x2b ../led_test_bsp/\libhal_bsp.a(altera_nios2_qsys_irq.o)
 .debug_loc     0x00000aec       0x2b ../led_test_bsp/\libhal_bsp.a(altera_avalon_spi.o)
 .debug_loc     0x00000b17       0x2b ../led_test_bsp/\libhal_bsp.a(alt_find_dev.o)
 .debug_loc     0x00000b42       0x2b ../led_test_bsp/\libhal_bsp.a(alt_find_file.o)
 .debug_loc     0x00000b6d       0x2b ../led_test_bsp/\libhal_bsp.a(alt_get_fd.o)
 .debug_loc     0x00000b98       0x1e c:/altera/12.1/nios2eds/bin/gnu/h-i686-mingw32/bin/../lib/gcc/nios2-elf/4.1.2/../../../../nios2-elf/lib\libc.a(lib_a-atexit.o)
 .debug_loc     0x00000bb6       0x3d c:/altera/12.1/nios2eds/bin/gnu/h-i686-mingw32/bin/../lib/gcc/nios2-elf/4.1.2/../../../../nios2-elf/lib\libc.a(lib_a-exit.o)
 .debug_loc     0x00000bf3      0x114 c:/altera/12.1/nios2eds/bin/gnu/h-i686-mingw32/bin/../lib/gcc/nios2-elf/4.1.2/../../../../nios2-elf/lib\libc.a(lib_a-memcmp.o)
 .debug_loc     0x00000d07       0xca c:/altera/12.1/nios2eds/bin/gnu/h-i686-mingw32/bin/../lib/gcc/nios2-elf/4.1.2/../../../../nios2-elf/lib\libc.a(lib_a-memcpy.o)
 .debug_loc     0x00000dd1       0x3c c:/altera/12.1/nios2eds/bin/gnu/h-i686-mingw32/bin/../lib/gcc/nios2-elf/4.1.2/../../../../nios2-elf/lib\libc.a(lib_a-strlen.o)
 .debug_loc     0x00000e0d      0x120 c:/altera/12.1/nios2eds/bin/gnu/h-i686-mingw32/bin/../lib/gcc/nios2-elf/4.1.2/../../../../nios2-elf/lib\libc.a(lib_a-__atexit.o)
 .debug_loc     0x00000f2d      0x1cb c:/altera/12.1/nios2eds/bin/gnu/h-i686-mingw32/bin/../lib/gcc/nios2-elf/4.1.2/../../../../nios2-elf/lib\libc.a(lib_a-__call_atexit.o)
 .debug_loc     0x000010f8      0x1d2 c:/altera/12.1/nios2eds/bin/gnu/h-i686-mingw32/bin/../lib/gcc/nios2-elf/4.1.2\libgcc.a(lib2-divmod.o)
 .debug_loc     0x000012ca       0x56 ../led_test_bsp/\libhal_bsp.a(alt_exit.o)

.debug_macinfo
 *(.debug_macinfo)

.debug_weaknames
 *(.debug_weaknames)

.debug_funcnames
 *(.debug_funcnames)

.debug_typenames
 *(.debug_typenames)

.debug_varnames
 *(.debug_varnames)

.debug_alt_sim_info
                0x00000000       0x50
 *(.debug_alt_sim_info)
 .debug_alt_sim_info
                0x00000000       0x20 ../led_test_bsp//obj/HAL/src/crt0.o
 .debug_alt_sim_info
                0x00000020       0x30 ../led_test_bsp/\libhal_bsp.a(alt_busy_sleep.o)
                0x04000000                __alt_data_end = 0x4000000
                0x04000000                PROVIDE (__alt_stack_pointer, __alt_data_end)
                0x020053d4                PROVIDE (__alt_stack_limit, __alt_stack_base)
                0x020053d4                PROVIDE (__alt_heap_start, end)
                0x04000000                PROVIDE (__alt_heap_limit, 0x4000000)
OUTPUT(led_test.elf elf32-littlenios2)

.debug_ranges   0x00000000       0x70
 .debug_ranges  0x00000000       0x28 ../led_test_bsp/\libhal_bsp.a(alt_irq_entry.o)
 .debug_ranges  0x00000028       0x30 ../led_test_bsp/\libhal_bsp.a(alt_exception_entry.o)
 .debug_ranges  0x00000058       0x18 c:/altera/12.1/nios2eds/bin/gnu/h-i686-mingw32/bin/../lib/gcc/nios2-elf/4.1.2/../../../../nios2-elf/lib\libc.a(lib_a-__call_atexit.o)
