Restore Archived Project report for top
Mon Nov 18 20:27:03 2013
Quartus II 64-Bit Version 13.0.1 Build 232 06/12/2013 Service Pack 1 SJ Full Version


---------------------
; Table of Contents ;
---------------------
  1. Legal Notice
  2. Restore Archived Project Summary
  3. Restore Archived Project Messages
  4. Files Restored
  5. Files Not Restored



----------------
; Legal Notice ;
----------------
Copyright (C) 1991-2013 Altera Corporation
Your use of Altera Corporation's design tools, logic functions 
and other software and tools, and its AMPP partner logic 
functions, and any output files from any of the foregoing 
(including device programming or simulation files), and any 
associated documentation or information are expressly subject 
to the terms and conditions of the Altera Program License 
Subscription Agreement, Altera MegaCore Function License 
Agreement, or other applicable license agreement, including, 
without limitation, that your use is for the sole purpose of 
programming logic devices manufactured by Altera and sold by 
Altera or its authorized distributors.  Please refer to the 
applicable agreement for further details.



+-------------------------------------------------------------------------+
; Restore Archived Project Summary                                        ;
+---------------------------------+---------------------------------------+
; Restore Archived Project Status ; Successful - Mon Nov 18 20:27:03 2013 ;
; Revision Name                   ; top                                   ;
; Top-level Entity Name           ; ds1302_test                           ;
; Family                          ; Cyclone IV E                          ;
+---------------------------------+---------------------------------------+


+-----------------------------------+
; Restore Archived Project Messages ;
+-----------------------------------+
Info: Successfully restored 'F:/work_dir/FPGA/ALINX522/522_r2/ds1302_test.qar' into the 'F:/work_dir/FPGA/ALINX522/522_r2/project_ds1302_test/' directory
Info: Generated report 'top.restore.rpt'
Info (23030): Evaluation of Tcl script d:/altera/13.0sp1/quartus/common/tcl/apps/qpm/qar.tcl was successful
Info: Quartus II 64-Bit Shell was successful. 0 errors, 0 warnings
    Info: Peak virtual memory: 279 megabytes
    Info: Processing ended: Mon Nov 18 20:27:03 2013
    Info: Elapsed time: 00:00:01
    Info: Total CPU time (on all processors): 00:00:01


+------------------------------------------------+
; Files Restored                                 ;
+------------------------------------------------+
; File Name                                      ;
+------------------------------------------------+
; incremental_db/compiled_partitions/top.db_info ;
; sim/start.do                                   ;
; sim/tb.v                                       ;
; src/ds1302.v                                   ;
; src/ds1302_io.v                                ;
; src/ds1302_test.v                              ;
; src/my_jtag.v                                  ;
; src/reg_table.v                                ;
; src/spi_master.v                               ;
; src/vjtag.v                                    ;
; top.qpf                                        ;
; top.qsf                                        ;
; assignment_defaults.qdf                        ;
+------------------------------------------------+


+--------------------+
; Files Not Restored ;
+--------------------+
; File Name          ;
+--------------------+


