------------------------------------------------------------
TimeQuest Timing Analyzer Summary
------------------------------------------------------------

Type  : Slow 1200mV 85C Model Setup 'u_system_ctrl|u_sdram_pll|altpll_component|auto_generated|pll1|clk[0]'
Slack : -4.245
TNS   : -65.090

Type  : Slow 1200mV 85C Model Setup 'rtc_test:u1|clkdiv:u0|clkout'
Slack : -3.733
TNS   : -162.977

Type  : Slow 1200mV 85C Model Setup 'u_system_ctrl|u_sdram_pll|altpll_component|auto_generated|pll1|clk[1]'
Slack : -2.163
TNS   : -6.755

Type  : Slow 1200mV 85C Model Setup 'u_system_ctrl|u_sdram_pll|altpll_component|auto_generated|pll1|clk[4]'
Slack : -1.437
TNS   : -28.917

Type  : Slow 1200mV 85C Model Setup 'u_system_ctrl|u_sdram_pll|altpll_component|auto_generated|pll1|clk[3]'
Slack : 5.788
TNS   : 0.000

Type  : Slow 1200mV 85C Model Hold 'rtc_test:u1|clkdiv:u0|clkout'
Slack : -0.751
TNS   : -20.005

Type  : Slow 1200mV 85C Model Hold 'u_system_ctrl|u_sdram_pll|altpll_component|auto_generated|pll1|clk[4]'
Slack : -0.133
TNS   : -0.133

Type  : Slow 1200mV 85C Model Hold 'u_system_ctrl|u_sdram_pll|altpll_component|auto_generated|pll1|clk[1]'
Slack : 0.431
TNS   : 0.000

Type  : Slow 1200mV 85C Model Hold 'u_system_ctrl|u_sdram_pll|altpll_component|auto_generated|pll1|clk[3]'
Slack : 0.435
TNS   : 0.000

Type  : Slow 1200mV 85C Model Hold 'u_system_ctrl|u_sdram_pll|altpll_component|auto_generated|pll1|clk[0]'
Slack : 0.453
TNS   : 0.000

Type  : Slow 1200mV 85C Model Recovery 'u_system_ctrl|u_sdram_pll|altpll_component|auto_generated|pll1|clk[1]'
Slack : -4.003
TNS   : -905.078

Type  : Slow 1200mV 85C Model Recovery 'u_system_ctrl|u_sdram_pll|altpll_component|auto_generated|pll1|clk[3]'
Slack : -2.859
TNS   : -71.589

Type  : Slow 1200mV 85C Model Recovery 'u_system_ctrl|u_sdram_pll|altpll_component|auto_generated|pll1|clk[4]'
Slack : -2.851
TNS   : -724.027

Type  : Slow 1200mV 85C Model Recovery 'u_system_ctrl|u_sdram_pll|altpll_component|auto_generated|pll1|clk[0]'
Slack : -2.749
TNS   : -110.013

Type  : Slow 1200mV 85C Model Removal 'u_system_ctrl|u_sdram_pll|altpll_component|auto_generated|pll1|clk[0]'
Slack : 2.190
TNS   : 0.000

Type  : Slow 1200mV 85C Model Removal 'u_system_ctrl|u_sdram_pll|altpll_component|auto_generated|pll1|clk[1]'
Slack : 2.607
TNS   : 0.000

Type  : Slow 1200mV 85C Model Removal 'u_system_ctrl|u_sdram_pll|altpll_component|auto_generated|pll1|clk[4]'
Slack : 3.009
TNS   : 0.000

Type  : Slow 1200mV 85C Model Removal 'u_system_ctrl|u_sdram_pll|altpll_component|auto_generated|pll1|clk[3]'
Slack : 3.111
TNS   : 0.000

Type  : Slow 1200mV 85C Model Minimum Pulse Width 'rtc_test:u1|clkdiv:u0|clkout'
Slack : -1.487
TNS   : -86.246

Type  : Slow 1200mV 85C Model Minimum Pulse Width 'u_system_ctrl|u_sdram_pll|altpll_component|auto_generated|pll1|clk[1]'
Slack : 4.695
TNS   : 0.000

Type  : Slow 1200mV 85C Model Minimum Pulse Width 'u_system_ctrl|u_sdram_pll|altpll_component|auto_generated|pll1|clk[0]'
Slack : 7.389
TNS   : 0.000

Type  : Slow 1200mV 85C Model Minimum Pulse Width 'u_system_ctrl|u_sdram_pll|altpll_component|auto_generated|pll1|clk[4]'
Slack : 9.687
TNS   : 0.000

Type  : Slow 1200mV 85C Model Minimum Pulse Width 'CLK_50M'
Slack : 9.858
TNS   : 0.000

Type  : Slow 1200mV 85C Model Minimum Pulse Width 'u_system_ctrl|u_sdram_pll|altpll_component|auto_generated|pll1|clk[3]'
Slack : 19.689
TNS   : 0.000

Type  : Slow 1200mV 0C Model Setup 'u_system_ctrl|u_sdram_pll|altpll_component|auto_generated|pll1|clk[0]'
Slack : -3.942
TNS   : -59.464

Type  : Slow 1200mV 0C Model Setup 'rtc_test:u1|clkdiv:u0|clkout'
Slack : -3.528
TNS   : -147.448

Type  : Slow 1200mV 0C Model Setup 'u_system_ctrl|u_sdram_pll|altpll_component|auto_generated|pll1|clk[1]'
Slack : -1.940
TNS   : -6.092

Type  : Slow 1200mV 0C Model Setup 'u_system_ctrl|u_sdram_pll|altpll_component|auto_generated|pll1|clk[4]'
Slack : -1.266
TNS   : -24.654

Type  : Slow 1200mV 0C Model Setup 'u_system_ctrl|u_sdram_pll|altpll_component|auto_generated|pll1|clk[3]'
Slack : 6.020
TNS   : 0.000

Type  : Slow 1200mV 0C Model Hold 'rtc_test:u1|clkdiv:u0|clkout'
Slack : -0.597
TNS   : -12.107

Type  : Slow 1200mV 0C Model Hold 'u_system_ctrl|u_sdram_pll|altpll_component|auto_generated|pll1|clk[4]'
Slack : -0.257
TNS   : -0.257

Type  : Slow 1200mV 0C Model Hold 'u_system_ctrl|u_sdram_pll|altpll_component|auto_generated|pll1|clk[1]'
Slack : 0.380
TNS   : 0.000

Type  : Slow 1200mV 0C Model Hold 'u_system_ctrl|u_sdram_pll|altpll_component|auto_generated|pll1|clk[3]'
Slack : 0.385
TNS   : 0.000

Type  : Slow 1200mV 0C Model Hold 'u_system_ctrl|u_sdram_pll|altpll_component|auto_generated|pll1|clk[0]'
Slack : 0.401
TNS   : 0.000

Type  : Slow 1200mV 0C Model Recovery 'u_system_ctrl|u_sdram_pll|altpll_component|auto_generated|pll1|clk[1]'
Slack : -3.686
TNS   : -818.904

Type  : Slow 1200mV 0C Model Recovery 'u_system_ctrl|u_sdram_pll|altpll_component|auto_generated|pll1|clk[3]'
Slack : -2.541
TNS   : -56.560

Type  : Slow 1200mV 0C Model Recovery 'u_system_ctrl|u_sdram_pll|altpll_component|auto_generated|pll1|clk[4]'
Slack : -2.516
TNS   : -633.363

Type  : Slow 1200mV 0C Model Recovery 'u_system_ctrl|u_sdram_pll|altpll_component|auto_generated|pll1|clk[0]'
Slack : -2.488
TNS   : -99.640

Type  : Slow 1200mV 0C Model Removal 'u_system_ctrl|u_sdram_pll|altpll_component|auto_generated|pll1|clk[0]'
Slack : 2.008
TNS   : 0.000

Type  : Slow 1200mV 0C Model Removal 'u_system_ctrl|u_sdram_pll|altpll_component|auto_generated|pll1|clk[1]'
Slack : 2.370
TNS   : 0.000

Type  : Slow 1200mV 0C Model Removal 'u_system_ctrl|u_sdram_pll|altpll_component|auto_generated|pll1|clk[4]'
Slack : 2.674
TNS   : 0.000

Type  : Slow 1200mV 0C Model Removal 'u_system_ctrl|u_sdram_pll|altpll_component|auto_generated|pll1|clk[3]'
Slack : 2.775
TNS   : 0.000

Type  : Slow 1200mV 0C Model Minimum Pulse Width 'rtc_test:u1|clkdiv:u0|clkout'
Slack : -1.487
TNS   : -86.246

Type  : Slow 1200mV 0C Model Minimum Pulse Width 'u_system_ctrl|u_sdram_pll|altpll_component|auto_generated|pll1|clk[1]'
Slack : 4.662
TNS   : 0.000

Type  : Slow 1200mV 0C Model Minimum Pulse Width 'u_system_ctrl|u_sdram_pll|altpll_component|auto_generated|pll1|clk[0]'
Slack : 7.355
TNS   : 0.000

Type  : Slow 1200mV 0C Model Minimum Pulse Width 'u_system_ctrl|u_sdram_pll|altpll_component|auto_generated|pll1|clk[4]'
Slack : 9.661
TNS   : 0.000

Type  : Slow 1200mV 0C Model Minimum Pulse Width 'CLK_50M'
Slack : 9.855
TNS   : 0.000

Type  : Slow 1200mV 0C Model Minimum Pulse Width 'u_system_ctrl|u_sdram_pll|altpll_component|auto_generated|pll1|clk[3]'
Slack : 19.667
TNS   : 0.000

Type  : Fast 1200mV 0C Model Setup 'u_system_ctrl|u_sdram_pll|altpll_component|auto_generated|pll1|clk[0]'
Slack : -1.006
TNS   : -13.413

Type  : Fast 1200mV 0C Model Setup 'rtc_test:u1|clkdiv:u0|clkout'
Slack : -0.966
TNS   : -37.223

Type  : Fast 1200mV 0C Model Setup 'u_system_ctrl|u_sdram_pll|altpll_component|auto_generated|pll1|clk[1]'
Slack : -0.543
TNS   : -1.401

Type  : Fast 1200mV 0C Model Setup 'u_system_ctrl|u_sdram_pll|altpll_component|auto_generated|pll1|clk[4]'
Slack : -0.064
TNS   : -0.064

Type  : Fast 1200mV 0C Model Setup 'u_system_ctrl|u_sdram_pll|altpll_component|auto_generated|pll1|clk[3]'
Slack : 8.145
TNS   : 0.000

Type  : Fast 1200mV 0C Model Hold 'rtc_test:u1|clkdiv:u0|clkout'
Slack : -0.651
TNS   : -23.677

Type  : Fast 1200mV 0C Model Hold 'u_system_ctrl|u_sdram_pll|altpll_component|auto_generated|pll1|clk[4]'
Slack : 0.068
TNS   : 0.000

Type  : Fast 1200mV 0C Model Hold 'u_system_ctrl|u_sdram_pll|altpll_component|auto_generated|pll1|clk[3]'
Slack : 0.162
TNS   : 0.000

Type  : Fast 1200mV 0C Model Hold 'u_system_ctrl|u_sdram_pll|altpll_component|auto_generated|pll1|clk[1]'
Slack : 0.178
TNS   : 0.000

Type  : Fast 1200mV 0C Model Hold 'u_system_ctrl|u_sdram_pll|altpll_component|auto_generated|pll1|clk[0]'
Slack : 0.186
TNS   : 0.000

Type  : Fast 1200mV 0C Model Recovery 'u_system_ctrl|u_sdram_pll|altpll_component|auto_generated|pll1|clk[1]'
Slack : -1.671
TNS   : -316.166

Type  : Fast 1200mV 0C Model Recovery 'u_system_ctrl|u_sdram_pll|altpll_component|auto_generated|pll1|clk[0]'
Slack : -0.975
TNS   : -39.202

Type  : Fast 1200mV 0C Model Recovery 'u_system_ctrl|u_sdram_pll|altpll_component|auto_generated|pll1|clk[4]'
Slack : -0.559
TNS   : -119.692

Type  : Fast 1200mV 0C Model Recovery 'u_system_ctrl|u_sdram_pll|altpll_component|auto_generated|pll1|clk[3]'
Slack : -0.523
TNS   : -5.753

Type  : Fast 1200mV 0C Model Removal 'u_system_ctrl|u_sdram_pll|altpll_component|auto_generated|pll1|clk[1]'
Slack : 1.145
TNS   : 0.000

Type  : Fast 1200mV 0C Model Removal 'u_system_ctrl|u_sdram_pll|altpll_component|auto_generated|pll1|clk[0]'
Slack : 1.219
TNS   : 0.000

Type  : Fast 1200mV 0C Model Removal 'u_system_ctrl|u_sdram_pll|altpll_component|auto_generated|pll1|clk[4]'
Slack : 1.346
TNS   : 0.000

Type  : Fast 1200mV 0C Model Removal 'u_system_ctrl|u_sdram_pll|altpll_component|auto_generated|pll1|clk[3]'
Slack : 1.383
TNS   : 0.000

Type  : Fast 1200mV 0C Model Minimum Pulse Width 'rtc_test:u1|clkdiv:u0|clkout'
Slack : -1.000
TNS   : -58.000

Type  : Fast 1200mV 0C Model Minimum Pulse Width 'u_system_ctrl|u_sdram_pll|altpll_component|auto_generated|pll1|clk[1]'
Slack : 4.734
TNS   : 0.000

Type  : Fast 1200mV 0C Model Minimum Pulse Width 'u_system_ctrl|u_sdram_pll|altpll_component|auto_generated|pll1|clk[0]'
Slack : 7.429
TNS   : 0.000

Type  : Fast 1200mV 0C Model Minimum Pulse Width 'CLK_50M'
Slack : 9.423
TNS   : 0.000

Type  : Fast 1200mV 0C Model Minimum Pulse Width 'u_system_ctrl|u_sdram_pll|altpll_component|auto_generated|pll1|clk[4]'
Slack : 9.769
TNS   : 0.000

Type  : Fast 1200mV 0C Model Minimum Pulse Width 'u_system_ctrl|u_sdram_pll|altpll_component|auto_generated|pll1|clk[3]'
Slack : 19.734
TNS   : 0.000

------------------------------------------------------------
